Archive member included to satisfy reference by file (symbol)

/usr/lib/gcc/avr/15.1.0/avr5/libgcc.a(_divmodhi4.o)
                              ./utils/utils.o (__divmodhi4)
/usr/lib/gcc/avr/15.1.0/avr5/libgcc.a(_divmodsi4.o)
                              ./psmode_operative.o (__divmodsi4)
/usr/lib/gcc/avr/15.1.0/avr5/libgcc.a(_negsi2.o)
                              /usr/lib/gcc/avr/15.1.0/avr5/libgcc.a(_divmodsi4.o) (__negsi2)
/usr/lib/gcc/avr/15.1.0/avr5/libgcc.a(_exit.o)
                              /usr/lib/gcc/avr/15.1.0/../../../../avr/lib/avr5/crtatmega32.o (exit)
/usr/lib/gcc/avr/15.1.0/avr5/libgcc.a(_copy_data.o)
                              ./termopile/termopile.o (__do_copy_data)
/usr/lib/gcc/avr/15.1.0/avr5/libgcc.a(_clear_bss.o)
                              ./timing/timing.o (__do_clear_bss)
/usr/lib/gcc/avr/15.1.0/avr5/libgcc.a(_udivmodhi4.o)
                              /usr/lib/gcc/avr/15.1.0/avr5/libgcc.a(_divmodhi4.o) (__udivmodhi4)
/usr/lib/gcc/avr/15.1.0/avr5/libgcc.a(_udivmodsi4.o)
                              /usr/lib/gcc/avr/15.1.0/avr5/libgcc.a(_divmodsi4.o) (__udivmodsi4)
/usr/lib/gcc/avr/15.1.0/../../../../avr/lib/avr5/libm.a(addsf3.o)
                              ./smoothAlg/smoothAlg.o (__subsf3)
/usr/lib/gcc/avr/15.1.0/../../../../avr/lib/avr5/libm.a(addsf3x.o)
                              /usr/lib/gcc/avr/15.1.0/../../../../avr/lib/avr5/libm.a(addsf3.o) (__addsf3x)
/usr/lib/gcc/avr/15.1.0/../../../../avr/lib/avr5/libm.a(cmpsf2.o)
                              ./smoothAlg/smoothAlg.o (__ltsf2)
/usr/lib/gcc/avr/15.1.0/../../../../avr/lib/avr5/libm.a(divsf3.o)
                              ./smoothAlg/smoothAlg.o (__divsf3)
/usr/lib/gcc/avr/15.1.0/../../../../avr/lib/avr5/libm.a(divsf3x.o)
                              /usr/lib/gcc/avr/15.1.0/../../../../avr/lib/avr5/libm.a(divsf3.o) (__divsf3x)
/usr/lib/gcc/avr/15.1.0/../../../../avr/lib/avr5/libm.a(fixsfsi.o)
                              ./pid/pid.o (__fixsfsi)
/usr/lib/gcc/avr/15.1.0/../../../../avr/lib/avr5/libm.a(fixunssfsi.o)
                              ./termopile/termopile.o (__fixunssfsi)
/usr/lib/gcc/avr/15.1.0/../../../../avr/lib/avr5/libm.a(floatsisf.o)
                              ./smoothAlg/smoothAlg.o (__floatunsisf)
/usr/lib/gcc/avr/15.1.0/../../../../avr/lib/avr5/libm.a(fp_cmp.o)
                              /usr/lib/gcc/avr/15.1.0/../../../../avr/lib/avr5/libm.a(cmpsf2.o) (__fp_cmp)
/usr/lib/gcc/avr/15.1.0/../../../../avr/lib/avr5/libm.a(fp_inf.o)
                              /usr/lib/gcc/avr/15.1.0/../../../../avr/lib/avr5/libm.a(addsf3x.o) (__fp_inf)
/usr/lib/gcc/avr/15.1.0/../../../../avr/lib/avr5/libm.a(fp_nan.o)
                              /usr/lib/gcc/avr/15.1.0/../../../../avr/lib/avr5/libm.a(addsf3x.o) (__fp_nan)
/usr/lib/gcc/avr/15.1.0/../../../../avr/lib/avr5/libm.a(fp_pscA.o)
                              /usr/lib/gcc/avr/15.1.0/../../../../avr/lib/avr5/libm.a(addsf3x.o) (__fp_pscA)
/usr/lib/gcc/avr/15.1.0/../../../../avr/lib/avr5/libm.a(fp_pscB.o)
                              /usr/lib/gcc/avr/15.1.0/../../../../avr/lib/avr5/libm.a(addsf3x.o) (__fp_pscB)
/usr/lib/gcc/avr/15.1.0/../../../../avr/lib/avr5/libm.a(fp_round.o)
                              /usr/lib/gcc/avr/15.1.0/../../../../avr/lib/avr5/libm.a(addsf3.o) (__fp_round)
/usr/lib/gcc/avr/15.1.0/../../../../avr/lib/avr5/libm.a(fp_split3.o)
                              /usr/lib/gcc/avr/15.1.0/../../../../avr/lib/avr5/libm.a(addsf3x.o) (__fp_split3)
/usr/lib/gcc/avr/15.1.0/../../../../avr/lib/avr5/libm.a(fp_zero.o)
                              /usr/lib/gcc/avr/15.1.0/../../../../avr/lib/avr5/libm.a(addsf3x.o) (__fp_zero)
/usr/lib/gcc/avr/15.1.0/../../../../avr/lib/avr5/libm.a(gesf2.o)
                              ./smoothAlg/smoothAlg.o (__gtsf2)
/usr/lib/gcc/avr/15.1.0/../../../../avr/lib/avr5/libm.a(mulsf3.o)
                              ./smoothAlg/smoothAlg.o (__mulsf3)
/usr/lib/gcc/avr/15.1.0/../../../../avr/lib/avr5/libm.a(mulsf3x.o)
                              /usr/lib/gcc/avr/15.1.0/../../../../avr/lib/avr5/libm.a(mulsf3.o) (__mulsf3x)
/usr/lib/gcc/avr/15.1.0/../../../../avr/lib/avr5/libc.a(memmove.o)
                              ./utils/utils.o (memmove)
/usr/lib/gcc/avr/15.1.0/../../../../avr/lib/avr5/libc.a(strncpy.o)
                              ./error/error.o (strncpy)
/usr/lib/gcc/avr/15.1.0/../../../../avr/lib/avr5/libc.a(memcpy.o)
                              /usr/lib/gcc/avr/15.1.0/../../../../avr/lib/avr5/libc.a(memmove.o) (memcpy)
/usr/lib/gcc/avr/15.1.0/../../../../avr/lib/avr5/libatmega32.a(eerd_block.o)
                              ./main.o (eeprom_read_block)
/usr/lib/gcc/avr/15.1.0/../../../../avr/lib/avr5/libatmega32.a(eeupd_block.o)
                              ./main.o (eeprom_update_block)
/usr/lib/gcc/avr/15.1.0/../../../../avr/lib/avr5/libatmega32.a(eeupd_byte.o)
                              /usr/lib/gcc/avr/15.1.0/../../../../avr/lib/avr5/libatmega32.a(eeupd_block.o) (eeprom_update_r18)

There are no discarded input sections

Memory Configuration

Name             Origin             Length             Attributes
text             0x00000000         0x00008000         xr
data             0x00800060         0x00000800         rw!x
eeprom           0x00810000         0x00000400         rw!x
fuse             0x00820000         0x00000002         rw!x
lock             0x00830000         0x00000400         rw!x
signature        0x00840000         0x00000400         rw!x
user_signatures  0x00850000         0x00000400         rw!x
*default*        0x00000000         0xffffffff

Linker script and memory map

LOAD /usr/lib/gcc/avr/15.1.0/../../../../avr/lib/avr5/crtatmega32.o
LOAD ./utils/utils.o
LOAD ./usart/usart.o
LOAD ./timing/timing.o
LOAD ./termopile/termopile.o
LOAD ./smoothAlg/smoothAlg.o
LOAD ./serial/serial.o
LOAD ./pinGetLevel/pinGetLevel.o
LOAD ./pid/pid.o
LOAD ./indicator/indicator.o
LOAD ./ikb/ikb.o
LOAD ./groupdig/groupdig.o
LOAD ./error/error.o
LOAD ./blink/blink.o
LOAD ./adc/adc.o
LOAD ./Temperature/temperature.o
LOAD ./SPI/SPI_01.o
LOAD ./MAX6675/MAX6675.o
LOAD ./Display7S/display7s.o
LOAD ./disp7s_applevel.o
LOAD ./display7s_setup.o
LOAD ./main.o
LOAD ./psmode_operative.o
LOAD ./psmode_program.o
LOAD ./psmode_viewTemp.o
START GROUP
LOAD /usr/lib/gcc/avr/15.1.0/avr5/libgcc.a
LOAD /usr/lib/gcc/avr/15.1.0/../../../../avr/lib/avr5/libm.a
LOAD /usr/lib/gcc/avr/15.1.0/../../../../avr/lib/avr5/libc.a
LOAD /usr/lib/gcc/avr/15.1.0/../../../../avr/lib/avr5/libatmega32.a
END GROUP
                [0x00000000]                      __TEXT_REGION_ORIGIN__ = DEFINED (__TEXT_REGION_ORIGIN__)?__TEXT_REGION_ORIGIN__:0x0
                [0x00008000]                      __TEXT_REGION_LENGTH__ = DEFINED (__TEXT_REGION_LENGTH__)?__TEXT_REGION_LENGTH__:0x20000
                [0x00800060]                      __DATA_REGION_ORIGIN__ = DEFINED (__DATA_REGION_ORIGIN__)?__DATA_REGION_ORIGIN__:0x800060
                [0x00000800]                      __DATA_REGION_LENGTH__ = DEFINED (__DATA_REGION_LENGTH__)?__DATA_REGION_LENGTH__:0xffa0
                [0x00000400]                      __EEPROM_REGION_LENGTH__ = DEFINED (__EEPROM_REGION_LENGTH__)?__EEPROM_REGION_LENGTH__:0x10000
                [0x00000002]                      __FUSE_REGION_LENGTH__ = DEFINED (__FUSE_REGION_LENGTH__)?__FUSE_REGION_LENGTH__:0x400
                0x00000400                        __LOCK_REGION_LENGTH__ = DEFINED (__LOCK_REGION_LENGTH__)?__LOCK_REGION_LENGTH__:0x400
                0x00000400                        __SIGNATURE_REGION_LENGTH__ = DEFINED (__SIGNATURE_REGION_LENGTH__)?__SIGNATURE_REGION_LENGTH__:0x400
                0x00000400                        __USER_SIGNATURE_REGION_LENGTH__ = DEFINED (__USER_SIGNATURE_REGION_LENGTH__)?__USER_SIGNATURE_REGION_LENGTH__:0x400

.hash
 *(.hash)

.dynsym
 *(.dynsym)

.dynstr
 *(.dynstr)

.gnu.version
 *(.gnu.version)

.gnu.version_d
 *(.gnu.version_d)

.gnu.version_r
 *(.gnu.version_r)

.rel.init
 *(.rel.init)

.rela.init
 *(.rela.init)

.rel.text
 *(.rel.text)
 *(.rel.text.*)
 *(.rel.gnu.linkonce.t*)

.rela.text
 *(.rela.text)
 *(.rela.text.*)
 *(.rela.gnu.linkonce.t*)

.rel.fini
 *(.rel.fini)

.rela.fini
 *(.rela.fini)

.rel.rodata
 *(.rel.rodata)
 *(.rel.rodata.*)
 *(.rel.gnu.linkonce.r*)

.rela.rodata
 *(.rela.rodata)
 *(.rela.rodata.*)
 *(.rela.gnu.linkonce.r*)

.rel.data
 *(.rel.data)
 *(.rel.data.*)
 *(.rel.gnu.linkonce.d*)

.rela.data
 *(.rela.data)
 *(.rela.data.*)
 *(.rela.gnu.linkonce.d*)

.rel.ctors
 *(.rel.ctors)

.rela.ctors
 *(.rela.ctors)

.rel.dtors
 *(.rel.dtors)

.rela.dtors
 *(.rela.dtors)

.rel.got
 *(.rel.got)

.rela.got
 *(.rela.got)

.rel.bss
 *(.rel.bss)

.rela.bss
 *(.rela.bss)

.rel.plt
 *(.rel.plt)

.rela.plt
 *(.rela.plt)

.text           0x00000000     0x3738
 *(.vectors)
 .vectors       0x00000000       0x54 /usr/lib/gcc/avr/15.1.0/../../../../avr/lib/avr5/crtatmega32.o
                0x00000000                __vectors
                0x00000000                __vector_default
 *(.vectors)
 *(.progmem.gcc*)
                0x00000054                        . = ALIGN (0x2)
                0x00000054                        __trampolines_start = .
 *(.trampolines)
 .trampolines   0x00000054        0x0 linker stubs
 *(.trampolines*)
                0x00000054                        __trampolines_end = .
 *libprintf_flt.a:*(.progmem.data)
 *libc.a:*(.progmem.data)
 *(.progmem.*)
                0x00000054                        . = ALIGN (0x2)
 *(.lowtext)
 *(.lowtext*)
                0x00000054                        __ctors_start = .
 *(.ctors)
                0x00000054                        __ctors_end = .
                0x00000054                        __dtors_start = .
 *(.dtors)
                0x00000054                        __dtors_end = .
 SORT_BY_NAME(*)(.ctors)
 SORT_BY_NAME(*)(.dtors)
 *(.init0)
 .init0         0x00000054        0x0 /usr/lib/gcc/avr/15.1.0/../../../../avr/lib/avr5/crtatmega32.o
                0x00000054                __init
 *(.init0)
 *(.init1)
 *(.init1)
 *(.init2)
 .init2         0x00000054        0xc /usr/lib/gcc/avr/15.1.0/../../../../avr/lib/avr5/crtatmega32.o
 *(.init2)
 *(.init3)
 *(.init3)
 *(.init4)
 .init4         0x00000060       0x16 /usr/lib/gcc/avr/15.1.0/avr5/libgcc.a(_copy_data.o)
                0x00000060                __do_copy_data
 .init4         0x00000076       0x10 /usr/lib/gcc/avr/15.1.0/avr5/libgcc.a(_clear_bss.o)
                0x00000076                __do_clear_bss
 *(.init4)
 *(.init5)
 *(.init5)
 *(.init6)
 *(.init6)
 *(.init7)
 *(.init7)
 *(.init8)
 *(.init8)
 *(.init9)
 .init9         0x00000086        0x8 /usr/lib/gcc/avr/15.1.0/../../../../avr/lib/avr5/crtatmega32.o
 *(.init9)
 *(.text)
 .text          0x0000008e        0x4 /usr/lib/gcc/avr/15.1.0/../../../../avr/lib/avr5/crtatmega32.o
                0x0000008e                __vector_1
                0x0000008e                __vector_12
                0x0000008e                __bad_interrupt
                0x0000008e                __vector_6
                0x0000008e                __vector_3
                0x0000008e                __vector_11
                0x0000008e                __vector_13
                0x0000008e                __vector_17
                0x0000008e                __vector_19
                0x0000008e                __vector_7
                0x0000008e                __vector_5
                0x0000008e                __vector_4
                0x0000008e                __vector_9
                0x0000008e                __vector_2
                0x0000008e                __vector_15
                0x0000008e                __vector_8
                0x0000008e                __vector_14
                0x0000008e                __vector_16
                0x0000008e                __vector_18
                0x0000008e                __vector_20
 .text          0x00000092        0x0 ./utils/utils.o
 .text          0x00000092        0x0 ./usart/usart.o
 .text          0x00000092        0x0 ./timing/timing.o
 .text          0x00000092        0x0 ./termopile/termopile.o
 .text          0x00000092        0x0 ./smoothAlg/smoothAlg.o
 .text          0x00000092        0x0 ./serial/serial.o
 .text          0x00000092        0x0 ./pinGetLevel/pinGetLevel.o
 .text          0x00000092        0x0 ./pid/pid.o
 .text          0x00000092        0x0 ./indicator/indicator.o
 .text          0x00000092        0x0 ./ikb/ikb.o
 .text          0x00000092        0x0 ./groupdig/groupdig.o
 .text          0x00000092        0x0 ./error/error.o
 .text          0x00000092        0x0 ./blink/blink.o
 .text          0x00000092        0x0 ./adc/adc.o
 .text          0x00000092        0x0 ./Temperature/temperature.o
 .text          0x00000092        0x0 ./SPI/SPI_01.o
 .text          0x00000092        0x0 ./MAX6675/MAX6675.o
 .text          0x00000092        0x0 ./Display7S/display7s.o
 .text          0x00000092        0x0 ./disp7s_applevel.o
 .text          0x00000092        0x0 ./display7s_setup.o
 .text          0x00000092        0x0 ./main.o
 .text          0x00000092        0x0 ./psmode_operative.o
 .text          0x00000092        0x0 ./psmode_program.o
 .text          0x00000092        0x0 ./psmode_viewTemp.o
 .text          0x00000092        0x0 /usr/lib/gcc/avr/15.1.0/avr5/libgcc.a(_divmodhi4.o)
 .text          0x00000092        0x0 /usr/lib/gcc/avr/15.1.0/avr5/libgcc.a(_divmodsi4.o)
 .text          0x00000092        0x0 /usr/lib/gcc/avr/15.1.0/avr5/libgcc.a(_negsi2.o)
 .text          0x00000092        0x0 /usr/lib/gcc/avr/15.1.0/avr5/libgcc.a(_exit.o)
 .text          0x00000092        0x0 /usr/lib/gcc/avr/15.1.0/avr5/libgcc.a(_copy_data.o)
 .text          0x00000092        0x0 /usr/lib/gcc/avr/15.1.0/avr5/libgcc.a(_clear_bss.o)
 .text          0x00000092        0x0 /usr/lib/gcc/avr/15.1.0/avr5/libgcc.a(_udivmodhi4.o)
 .text          0x00000092        0x0 /usr/lib/gcc/avr/15.1.0/avr5/libgcc.a(_udivmodsi4.o)
 .text          0x00000092        0x0 /usr/lib/gcc/avr/15.1.0/../../../../avr/lib/avr5/libm.a(addsf3.o)
 .text          0x00000092        0x0 /usr/lib/gcc/avr/15.1.0/../../../../avr/lib/avr5/libm.a(addsf3x.o)
 .text          0x00000092        0x0 /usr/lib/gcc/avr/15.1.0/../../../../avr/lib/avr5/libm.a(cmpsf2.o)
 .text          0x00000092        0x0 /usr/lib/gcc/avr/15.1.0/../../../../avr/lib/avr5/libm.a(divsf3.o)
 .text          0x00000092        0x0 /usr/lib/gcc/avr/15.1.0/../../../../avr/lib/avr5/libm.a(divsf3x.o)
 .text          0x00000092        0x0 /usr/lib/gcc/avr/15.1.0/../../../../avr/lib/avr5/libm.a(fixsfsi.o)
 .text          0x00000092        0x0 /usr/lib/gcc/avr/15.1.0/../../../../avr/lib/avr5/libm.a(fixunssfsi.o)
 .text          0x00000092        0x0 /usr/lib/gcc/avr/15.1.0/../../../../avr/lib/avr5/libm.a(floatsisf.o)
 .text          0x00000092        0x0 /usr/lib/gcc/avr/15.1.0/../../../../avr/lib/avr5/libm.a(fp_cmp.o)
 .text          0x00000092        0x0 /usr/lib/gcc/avr/15.1.0/../../../../avr/lib/avr5/libm.a(fp_inf.o)
 .text          0x00000092        0x0 /usr/lib/gcc/avr/15.1.0/../../../../avr/lib/avr5/libm.a(fp_nan.o)
 .text          0x00000092        0x0 /usr/lib/gcc/avr/15.1.0/../../../../avr/lib/avr5/libm.a(fp_pscA.o)
 .text          0x00000092        0x0 /usr/lib/gcc/avr/15.1.0/../../../../avr/lib/avr5/libm.a(fp_pscB.o)
 .text          0x00000092        0x0 /usr/lib/gcc/avr/15.1.0/../../../../avr/lib/avr5/libm.a(fp_round.o)
 .text          0x00000092        0x0 /usr/lib/gcc/avr/15.1.0/../../../../avr/lib/avr5/libm.a(fp_split3.o)
 .text          0x00000092        0x0 /usr/lib/gcc/avr/15.1.0/../../../../avr/lib/avr5/libm.a(fp_zero.o)
 .text          0x00000092        0x0 /usr/lib/gcc/avr/15.1.0/../../../../avr/lib/avr5/libm.a(gesf2.o)
 .text          0x00000092        0x0 /usr/lib/gcc/avr/15.1.0/../../../../avr/lib/avr5/libm.a(mulsf3.o)
 .text          0x00000092        0x0 /usr/lib/gcc/avr/15.1.0/../../../../avr/lib/avr5/libm.a(mulsf3x.o)
 .text          0x00000092        0x0 /usr/lib/gcc/avr/15.1.0/../../../../avr/lib/avr5/libc.a(memmove.o)
 .text          0x00000092        0x0 /usr/lib/gcc/avr/15.1.0/../../../../avr/lib/avr5/libc.a(strncpy.o)
 .text          0x00000092        0x0 /usr/lib/gcc/avr/15.1.0/../../../../avr/lib/avr5/libc.a(memcpy.o)
 .text          0x00000092        0x0 /usr/lib/gcc/avr/15.1.0/../../../../avr/lib/avr5/libatmega32.a(eerd_block.o)
 .text          0x00000092        0x0 /usr/lib/gcc/avr/15.1.0/../../../../avr/lib/avr5/libatmega32.a(eeupd_block.o)
 .text          0x00000092        0x0 /usr/lib/gcc/avr/15.1.0/../../../../avr/lib/avr5/libatmega32.a(eeupd_byte.o)
                0x00000092                        . = ALIGN (0x2)
 *(.text.*)
 .text.integer_to_arraybcd_msb_lsb
                0x00000092       0x7c ./utils/utils.o
                0x00000092                integer_to_arraybcd_msb_lsb
 .text.paddingLeftw_
                0x0000010e       0xd8 ./utils/utils.o
                0x0000010e                paddingLeftw_
 .text.paddingLeftwZeroes
                0x000001e6        0x6 ./utils/utils.o
                0x000001e6                paddingLeftwZeroes
 .text.paddingLeftwBlanks
                0x000001ec        0x6 ./utils/utils.o
                0x000001ec                paddingLeftwBlanks
 .text.USART_Init
                0x000001f2       0x12 ./usart/usart.o
                0x000001f2                USART_Init
 .text.USART_Transmit
                0x00000204        0x8 ./usart/usart.o
                0x00000204                USART_Transmit
 .text.USART_Receive
                0x0000020c        0x8 ./usart/usart.o
                0x0000020c                USART_Receive
 .text.USART_RX_vect
                0x00000214       0x48 ./usart/usart.o
                0x00000214                USART_RX_vect
 .text.usart_print_string
                0x0000025c       0x1a ./usart/usart.o
                0x0000025c                usart_print_string
 .text.usart_println_string
                0x00000276        0xa ./usart/usart.o
                0x00000276                usart_println_string
 .text.usart_print_PSTRstring
                0x00000280       0x1c ./usart/usart.o
                0x00000280                usart_print_PSTRstring
 .text.usart_println_PSTRstring
                0x0000029c        0xa ./usart/usart.o
                0x0000029c                usart_println_PSTRstring
 .text.time_set
                0x000002a6        0x2 ./timing/timing.o
                0x000002a6                time_set
 .text.time_dec
                0x000002a8       0x36 ./timing/timing.o
                0x000002a8                time_dec
 .text.time_inc
                0x000002de       0x3c ./timing/timing.o
                0x000002de                time_inc
 .text.termopile_job
                0x0000031a       0xf8 ./termopile/termopile.o
                0x0000031a                termopile_job
 .text.smoothAlg_nonblock
                0x00000412      0x26c ./smoothAlg/smoothAlg.o
                0x00000412                smoothAlg_nonblock
 .text.scirbuf_bytes_available
                0x0000067e       0x2e ./serial/serial.o
                0x0000067e                scirbuf_bytes_available
 .text.scirbuf_write
                0x000006ac       0x48 ./serial/serial.o
                0x000006ac                scirbuf_write
 .text.scirbuf_read
                0x000006f4       0x42 ./serial/serial.o
                0x000006f4                scirbuf_read
 .text.scirbuf_read_nbytes
                0x00000736       0xbe ./serial/serial.o
                0x00000736                scirbuf_read_nbytes
 .text.scirbuf_read_1byte
                0x000007f4       0x34 ./serial/serial.o
                0x000007f4                scirbuf_read_1byte
 .text.rx_handler
                0x00000828       0x70 ./serial/serial.o
                0x00000828                rx_handler
 .text.pinGetLevel_0
                0x00000898        0x8 ./pinGetLevel/pinGetLevel.o
 .text.pinGetLevel_init
                0x000008a0       0x3c ./pinGetLevel/pinGetLevel.o
                0x000008a0                pinGetLevel_init
 .text.pinGetLevel_job
                0x000008dc       0xa0 ./pinGetLevel/pinGetLevel.o
                0x000008dc                pinGetLevel_job
 .text.pid_pwm_set_pin
                0x0000097c       0x26 ./pid/pid.o
                0x0000097c                pid_pwm_set_pin
 .text.pid_pwm_stablish_levelpin
                0x000009a2       0x32 ./pid/pid.o
                0x000009a2                pid_pwm_stablish_levelpin
 .text.pid_get_output
                0x000009d4      0x102 ./pid/pid.o
                0x000009d4                pid_get_output
 .text.pid_find_ktop_ms
                0x00000ad6       0x40 ./pid/pid.o
                0x00000ad6                pid_find_ktop_ms
 .text.pid_pwm_control
                0x00000b16       0x8a ./pid/pid.o
                0x00000b16                pid_pwm_control
 .text.pid_job  0x00000ba0       0x3a ./pid/pid.o
                0x00000ba0                pid_job
 .text.indicator_setPortPin
                0x00000bda        0xc ./indicator/indicator.o
                0x00000bda                indicator_setPortPin
 .text.indicatorTimed_setKSysTickTime_ms
                0x00000be6        0xa ./indicator/indicator.o
                0x00000be6                indicatorTimed_setKSysTickTime_ms
 .text.indicatorTimed_run
                0x00000bf0        0x8 ./indicator/indicator.o
                0x00000bf0                indicatorTimed_run
 .text.indicatorTimed_stop
                0x00000bf8       0x20 ./indicator/indicator.o
                0x00000bf8                indicatorTimed_stop
 .text.indicatorTimed_cycle_start
                0x00000c18        0x8 ./indicator/indicator.o
                0x00000c18                indicatorTimed_cycle_start
 .text.indicator_on
                0x00000c20       0x1e ./indicator/indicator.o
                0x00000c20                indicator_on
 .text.indicator_off
                0x00000c3e       0x20 ./indicator/indicator.o
                0x00000c3e                indicator_off
 .text.indicatorTimed_job
                0x00000c5e       0xec ./indicator/indicator.o
                0x00000c5e                indicatorTimed_job
 .text.keyRead_pin_key0
                0x00000d4a        0x8 ./ikb/ikb.o
 .text.keyRead_pin_key1
                0x00000d52        0x6 ./ikb/ikb.o
 .text.keyRead_pin_key2
                0x00000d58        0x8 ./ikb/ikb.o
 .text.keyRead_pin_key3
                0x00000d60        0x8 ./ikb/ikb.o
 .text.keyRead_pin_key4
                0x00000d68        0x8 ./ikb/ikb.o
 .text.keyRead_pin_key5
                0x00000d70        0x6 ./ikb/ikb.o
 .text.keyRead_pin_key6
                0x00000d76        0x8 ./ikb/ikb.o
 .text.ikb_setKeyProp
                0x00000d7e       0x46 ./ikb/ikb.o
                0x00000d7e                ikb_setKeyProp
 .text.ikb_init
                0x00000dc4       0xb4 ./ikb/ikb.o
                0x00000dc4                ikb_init
 .text.ikb_get_AtTimeExpired_BeforeOrAfter
                0x00000e78       0x16 ./ikb/ikb.o
                0x00000e78                ikb_get_AtTimeExpired_BeforeOrAfter
 .text.ikb_key_is_ready2read
                0x00000e8e       0x14 ./ikb/ikb.o
                0x00000e8e                ikb_key_is_ready2read
 .text.ikb_set_ready2read
                0x00000ea2       0x14 ./ikb/ikb.o
                0x00000ea2                ikb_set_ready2read
 .text.ikb_key_was_read
                0x00000eb6       0x14 ./ikb/ikb.o
                0x00000eb6                ikb_key_was_read
 .text.ikb_execfunct
                0x00000eca       0x14 ./ikb/ikb.o
                0x00000eca                ikb_execfunct
 .text.ikb_getKeyState
                0x00000ede       0x12 ./ikb/ikb.o
                0x00000ede                ikb_getKeyState
 .text.ikb_getKeyStartPressed
                0x00000ef0       0x16 ./ikb/ikb.o
                0x00000ef0                ikb_getKeyStartPressed
 .text.ikb_clearKeyStartPressed
                0x00000f06       0x14 ./ikb/ikb.o
                0x00000f06                ikb_clearKeyStartPressed
 .text.ikey_scan
                0x00000f1a       0xc6 ./ikb/ikb.o
                0x00000f1a                ikey_scan
 .text.ikb_inReptt
                0x00000fe0       0x18 ./ikb/ikb.o
                0x00000fe0                ikb_inReptt
 .text.ikey_parsing
                0x00000ff8      0x352 ./ikb/ikb.o
                0x00000ff8                ikey_parsing
 .text.ikb_job  0x0000134a        0x8 ./ikb/ikb.o
                0x0000134a                ikb_job
 .text.ikey_is_all_hw_released
                0x00001352       0x2c ./ikb/ikb.o
                0x00001352                ikey_is_all_hw_released
 .text.ikey_clear_all_flag
                0x0000137e       0x26 ./ikb/ikb.o
                0x0000137e                ikey_clear_all_flag
 .text.ikb_flush
                0x000013a4        0x4 ./ikb/ikb.o
                0x000013a4                ikb_flush
 .text.ikey_is_all_process_finished
                0x000013a8       0x2c ./ikb/ikb.o
                0x000013a8                ikey_is_all_process_finished
 .text.groupDig_setStrDig
                0x000013d4        0xa ./groupdig/groupdig.o
                0x000013d4                groupDig_setStrDig
 .text.error_job
                0x000013de      0x1d0 ./error/error.o
                0x000013de                error_job
 .text.blink_set
                0x000015ae        0xa ./blink/blink.o
                0x000015ae                blink_set
 .text.blink_reset
                0x000015b8       0x1a ./blink/blink.o
                0x000015b8                blink_reset
 .text.blink_timing
                0x000015d2       0x32 ./blink/blink.o
                0x000015d2                blink_timing
 .text.ADC_set_channel
                0x00001604        0xc ./adc/adc.o
                0x00001604                ADC_set_channel
 .text.ADC_set_reference
                0x00001610       0x12 ./adc/adc.o
                0x00001610                ADC_set_reference
 .text.ADC_set_prescaler
                0x00001622        0xa ./adc/adc.o
                0x00001622                ADC_set_prescaler
 .text.ADC_enable
                0x0000162c        0x4 ./adc/adc.o
                0x0000162c                ADC_enable
 .text.ADC_disable
                0x00001630        0x4 ./adc/adc.o
                0x00001630                ADC_disable
 .text.ADC_setBit_startConversion_On
                0x00001634        0x4 ./adc/adc.o
                0x00001634                ADC_setBit_startConversion_On
 .text.ADC_setBit_startConversion_Off
                0x00001638        0x4 ./adc/adc.o
                0x00001638                ADC_setBit_startConversion_Off
 .text.ADC_set_adjust
                0x0000163c        0xc ./adc/adc.o
                0x0000163c                ADC_set_adjust
 .text.ADC_get_resultH
                0x00001648        0x4 ./adc/adc.o
                0x00001648                ADC_get_resultH
 .text.ADC_get_resultL
                0x0000164c        0x4 ./adc/adc.o
                0x0000164c                ADC_get_resultL
 .text.ADC_setAutoTrigger_enabled
                0x00001650        0x4 ./adc/adc.o
                0x00001650                ADC_setAutoTrigger_enabled
 .text.ADC_setAutoTrigger_disabled
                0x00001654        0x4 ./adc/adc.o
                0x00001654                ADC_setAutoTrigger_disabled
 .text.ADC_setAutoTrigger_source
                0x00001658       0x10 ./adc/adc.o
                0x00001658                ADC_setAutoTrigger_source
 .text.ADC_init
                0x00001668       0x3c ./adc/adc.o
                0x00001668                ADC_init
 .text.ADC_start_conv
                0x000016a4        0x8 ./adc/adc.o
                0x000016a4                ADC_start_conv
 .text.ADC_start_and_wait_conv
                0x000016ac        0xc ./adc/adc.o
                0x000016ac                ADC_start_and_wait_conv
 .text.ADC_read
                0x000016b8       0x38 ./adc/adc.o
                0x000016b8                ADC_read
 .text.T_rtd    0x000016f0      0x116 ./Temperature/temperature.o
                0x000016f0                T_rtd
 .text.MAX6675_formatText3dig
                0x00001806       0x5a ./Temperature/temperature.o
                0x00001806                MAX6675_formatText3dig
 .text.smoothAlg_nonblock_job
                0x00001860       0xae ./Temperature/temperature.o
                0x00001860                smoothAlg_nonblock_job
 .text.temperature_job
                0x0000190e       0xa0 ./Temperature/temperature.o
                0x0000190e                temperature_job
 .text.InitSPI_MASTER
                0x000019ae        0xc ./SPI/SPI_01.o
                0x000019ae                InitSPI_MASTER
 .text.SPI_MSTR_ExchangeData
                0x000019ba        0xa ./SPI/SPI_01.o
                0x000019ba                SPI_MSTR_ExchangeData
 .text.MAX6675_getFloatTmprCelsius
                0x000019c4       0x7a ./MAX6675/MAX6675.o
                0x000019c4                MAX6675_getFloatTmprCelsius
 .text.MAX6675_get12bitsTemp
                0x00001a3e       0x60 ./MAX6675/MAX6675.o
                0x00001a3e                MAX6675_get12bitsTemp
 .text.disp7s_setup
                0x00001a9e       0x1e ./Display7S/display7s.o
                0x00001a9e                disp7s_setup
 .text.disp7s_job
                0x00001abc       0x88 ./Display7S/display7s.o
                0x00001abc                disp7s_job
 .text.disp7s_fix_upsidedown_display
                0x00001b44       0x1a ./disp7s_applevel.o
                0x00001b44                disp7s_fix_upsidedown_display
 .text.disp7s_fix_all_upsidedown_display
                0x00001b5e       0x10 ./disp7s_applevel.o
                0x00001b5e                disp7s_fix_all_upsidedown_display
 .text.disp7s_blank_displays
                0x00001b6e       0x28 ./disp7s_applevel.o
                0x00001b6e                disp7s_blank_displays
 .text.disp7s_update_data_array
                0x00001b96       0x2a ./disp7s_applevel.o
                0x00001b96                disp7s_update_data_array
 .text.disp7s_save_data_array
                0x00001bc0       0x20 ./disp7s_applevel.o
                0x00001bc0                disp7s_save_data_array
 .text.disp7s_clear_all
                0x00001be0        0xc ./disp7s_applevel.o
                0x00001be0                disp7s_clear_all
 .text.integer_to_arraybcd_msb_lsb_paddingleft_blank
                0x00001bec       0x86 ./disp7s_applevel.o
                0x00001bec                integer_to_arraybcd_msb_lsb_paddingleft_blank
 .text.integer_to_arraybcd_msb_lsb_paddingleft_zeroes
                0x00001c72       0x84 ./disp7s_applevel.o
                0x00001c72                integer_to_arraybcd_msb_lsb_paddingleft_zeroes
 .text.disp7s_decimalpoint_on
                0x00001cf6        0xa ./disp7s_applevel.o
                0x00001cf6                disp7s_decimalpoint_on
 .text.disp7s_decimalpoint_off
                0x00001d00        0xa ./disp7s_applevel.o
                0x00001d00                disp7s_decimalpoint_off
 .text.disp7s_mux0_off
                0x00001d0a        0x4 ./display7s_setup.o
 .text.disp7s_mux0_on
                0x00001d0e        0x4 ./display7s_setup.o
 .text.disp7s_mux1_off
                0x00001d12        0x4 ./display7s_setup.o
 .text.disp7s_mux1_on
                0x00001d16        0x4 ./display7s_setup.o
 .text.disp7s_mux2_off
                0x00001d1a        0x4 ./display7s_setup.o
 .text.disp7s_mux2_on
                0x00001d1e        0x4 ./display7s_setup.o
 .text.disp7s_mux3_off
                0x00001d22        0x4 ./display7s_setup.o
 .text.disp7s_mux3_on
                0x00001d26        0x4 ./display7s_setup.o
 .text.disp7s_mux4_off
                0x00001d2a        0x4 ./display7s_setup.o
 .text.disp7s_mux4_on
                0x00001d2e        0x4 ./display7s_setup.o
 .text.disp7s_mux5_off
                0x00001d32        0x4 ./display7s_setup.o
 .text.disp7s_mux5_on
                0x00001d36        0x4 ./display7s_setup.o
 .text.disp7s_mux6_off
                0x00001d3a        0x4 ./display7s_setup.o
 .text.disp7s_mux6_on
                0x00001d3e        0x4 ./display7s_setup.o
 .text.disp7s_mux7_off
                0x00001d42        0x4 ./display7s_setup.o
 .text.disp7s_mux7_on
                0x00001d46        0x4 ./display7s_setup.o
 .text.disp7s_init
                0x00001d4a       0x46 ./display7s_setup.o
                0x00001d4a                disp7s_init
 .text.mypid0_set
                0x00001d90       0x9a ./main.o
                0x00001d90                mypid0_set
 .text.mypid0_adjust_kei_windup
                0x00001e2a       0x28 ./main.o
                0x00001e2a                mypid0_adjust_kei_windup
 .text.kbmode_default
                0x00001e52       0xbc ./main.o
                0x00001e52                kbmode_default
 .text.kbmode_2basket_set_default
                0x00001f0e       0x10 ./main.o
                0x00001f0e                kbmode_2basket_set_default
 .text.fryer_init
                0x00001f1e       0x40 ./main.o
                0x00001f1e                fryer_init
 .text.ADC_config2temperature
                0x00001f5e       0x2c ./main.o
                0x00001f5e                ADC_config2temperature
 .text.ADC_config2termopile
                0x00001f8a       0x2c ./main.o
                0x00001f8a                ADC_config2termopile
 .text.startup.main
                0x00001fb6      0x51c ./main.o
                0x00001fb6                main
 .text.__vector_10
                0x000024d2       0x18 ./main.o
                0x000024d2                __vector_10
 .text.build_cookCycle_string
                0x000024ea       0x84 ./psmode_operative.o
                0x000024ea                build_cookCycle_string
 .text.cookCycle_hotUpdate
                0x0000256e       0xc6 ./psmode_operative.o
                0x0000256e                cookCycle_hotUpdate
 .text.psmode_operative_init
                0x00002634      0x110 ./psmode_operative.o
                0x00002634                psmode_operative_init
 .text.p1       0x00002744      0x3f0 ./psmode_operative.o
                0x00002744                p1
 .text.p2       0x00002b34      0x142 ./psmode_operative.o
                0x00002b34                p2
 .text.p3       0x00002c76      0x11a ./psmode_operative.o
                0x00002c76                p3
 .text.psmode_operative
                0x00002d90       0x60 ./psmode_operative.o
                0x00002d90                psmode_operative
 .text.psmode_program
                0x00002df0      0x25e ./psmode_program.o
                0x00002df0                psmode_program
 .text.psmode_viewTemp
                0x0000304e       0xe2 ./psmode_viewTemp.o
                0x0000304e                psmode_viewTemp
 .text.libgcc.mul
                0x00003130        0x0 /usr/lib/gcc/avr/15.1.0/avr5/libgcc.a(_divmodhi4.o)
 .text.libgcc.div
                0x00003130       0x28 /usr/lib/gcc/avr/15.1.0/avr5/libgcc.a(_divmodhi4.o)
                0x00003130                __divmodhi4
                0x00003130                _div
 .text.libgcc   0x00003158        0x0 /usr/lib/gcc/avr/15.1.0/avr5/libgcc.a(_divmodhi4.o)
 .text.libgcc.prologue
                0x00003158        0x0 /usr/lib/gcc/avr/15.1.0/avr5/libgcc.a(_divmodhi4.o)
 .text.libgcc.builtins
                0x00003158        0x0 /usr/lib/gcc/avr/15.1.0/avr5/libgcc.a(_divmodhi4.o)
 .text.libgcc.fmul
                0x00003158        0x0 /usr/lib/gcc/avr/15.1.0/avr5/libgcc.a(_divmodhi4.o)
 .text.libgcc.fixed
                0x00003158        0x0 /usr/lib/gcc/avr/15.1.0/avr5/libgcc.a(_divmodhi4.o)
 .text.libgcc.mul
                0x00003158        0x0 /usr/lib/gcc/avr/15.1.0/avr5/libgcc.a(_divmodsi4.o)
 .text.libgcc.div
                0x00003158       0x2e /usr/lib/gcc/avr/15.1.0/avr5/libgcc.a(_divmodsi4.o)
                0x00003158                __divmodsi4
 .text.libgcc   0x00003186        0x0 /usr/lib/gcc/avr/15.1.0/avr5/libgcc.a(_divmodsi4.o)
 .text.libgcc.prologue
                0x00003186        0x0 /usr/lib/gcc/avr/15.1.0/avr5/libgcc.a(_divmodsi4.o)
 .text.libgcc.builtins
                0x00003186        0x0 /usr/lib/gcc/avr/15.1.0/avr5/libgcc.a(_divmodsi4.o)
 .text.libgcc.fmul
                0x00003186        0x0 /usr/lib/gcc/avr/15.1.0/avr5/libgcc.a(_divmodsi4.o)
 .text.libgcc.fixed
                0x00003186        0x0 /usr/lib/gcc/avr/15.1.0/avr5/libgcc.a(_divmodsi4.o)
 .text.libgcc.mul
                0x00003186        0x0 /usr/lib/gcc/avr/15.1.0/avr5/libgcc.a(_negsi2.o)
 .text.libgcc.div
                0x00003186       0x10 /usr/lib/gcc/avr/15.1.0/avr5/libgcc.a(_negsi2.o)
                0x00003186                __negsi2
 .text.libgcc   0x00003196        0x0 /usr/lib/gcc/avr/15.1.0/avr5/libgcc.a(_negsi2.o)
 .text.libgcc.prologue
                0x00003196        0x0 /usr/lib/gcc/avr/15.1.0/avr5/libgcc.a(_negsi2.o)
 .text.libgcc.builtins
                0x00003196        0x0 /usr/lib/gcc/avr/15.1.0/avr5/libgcc.a(_negsi2.o)
 .text.libgcc.fmul
                0x00003196        0x0 /usr/lib/gcc/avr/15.1.0/avr5/libgcc.a(_negsi2.o)
 .text.libgcc.fixed
                0x00003196        0x0 /usr/lib/gcc/avr/15.1.0/avr5/libgcc.a(_negsi2.o)
 .text.libgcc.mul
                0x00003196        0x0 /usr/lib/gcc/avr/15.1.0/avr5/libgcc.a(_exit.o)
 .text.libgcc.div
                0x00003196        0x0 /usr/lib/gcc/avr/15.1.0/avr5/libgcc.a(_exit.o)
 .text.libgcc   0x00003196        0x0 /usr/lib/gcc/avr/15.1.0/avr5/libgcc.a(_exit.o)
 .text.libgcc.prologue
                0x00003196        0x0 /usr/lib/gcc/avr/15.1.0/avr5/libgcc.a(_exit.o)
 .text.libgcc.builtins
                0x00003196        0x0 /usr/lib/gcc/avr/15.1.0/avr5/libgcc.a(_exit.o)
 .text.libgcc.fmul
                0x00003196        0x0 /usr/lib/gcc/avr/15.1.0/avr5/libgcc.a(_exit.o)
 .text.libgcc.fixed
                0x00003196        0x0 /usr/lib/gcc/avr/15.1.0/avr5/libgcc.a(_exit.o)
 .text.libgcc.mul
                0x00003196        0x0 /usr/lib/gcc/avr/15.1.0/avr5/libgcc.a(_copy_data.o)
 .text.libgcc.div
                0x00003196        0x0 /usr/lib/gcc/avr/15.1.0/avr5/libgcc.a(_copy_data.o)
 .text.libgcc   0x00003196        0x0 /usr/lib/gcc/avr/15.1.0/avr5/libgcc.a(_copy_data.o)
 .text.libgcc.prologue
                0x00003196        0x0 /usr/lib/gcc/avr/15.1.0/avr5/libgcc.a(_copy_data.o)
 .text.libgcc.builtins
                0x00003196        0x0 /usr/lib/gcc/avr/15.1.0/avr5/libgcc.a(_copy_data.o)
 .text.libgcc.fmul
                0x00003196        0x0 /usr/lib/gcc/avr/15.1.0/avr5/libgcc.a(_copy_data.o)
 .text.libgcc.fixed
                0x00003196        0x0 /usr/lib/gcc/avr/15.1.0/avr5/libgcc.a(_copy_data.o)
 .text.libgcc.mul
                0x00003196        0x0 /usr/lib/gcc/avr/15.1.0/avr5/libgcc.a(_clear_bss.o)
 .text.libgcc.div
                0x00003196        0x0 /usr/lib/gcc/avr/15.1.0/avr5/libgcc.a(_clear_bss.o)
 .text.libgcc   0x00003196        0x0 /usr/lib/gcc/avr/15.1.0/avr5/libgcc.a(_clear_bss.o)
 .text.libgcc.prologue
                0x00003196        0x0 /usr/lib/gcc/avr/15.1.0/avr5/libgcc.a(_clear_bss.o)
 .text.libgcc.builtins
                0x00003196        0x0 /usr/lib/gcc/avr/15.1.0/avr5/libgcc.a(_clear_bss.o)
 .text.libgcc.fmul
                0x00003196        0x0 /usr/lib/gcc/avr/15.1.0/avr5/libgcc.a(_clear_bss.o)
 .text.libgcc.fixed
                0x00003196        0x0 /usr/lib/gcc/avr/15.1.0/avr5/libgcc.a(_clear_bss.o)
 .text.libgcc.mul
                0x00003196        0x0 /usr/lib/gcc/avr/15.1.0/avr5/libgcc.a(_udivmodhi4.o)
 .text.libgcc.div
                0x00003196       0x28 /usr/lib/gcc/avr/15.1.0/avr5/libgcc.a(_udivmodhi4.o)
                0x00003196                __udivmodhi4
 .text.libgcc   0x000031be        0x0 /usr/lib/gcc/avr/15.1.0/avr5/libgcc.a(_udivmodhi4.o)
 .text.libgcc.prologue
                0x000031be        0x0 /usr/lib/gcc/avr/15.1.0/avr5/libgcc.a(_udivmodhi4.o)
 .text.libgcc.builtins
                0x000031be        0x0 /usr/lib/gcc/avr/15.1.0/avr5/libgcc.a(_udivmodhi4.o)
 .text.libgcc.fmul
                0x000031be        0x0 /usr/lib/gcc/avr/15.1.0/avr5/libgcc.a(_udivmodhi4.o)
 .text.libgcc.fixed
                0x000031be        0x0 /usr/lib/gcc/avr/15.1.0/avr5/libgcc.a(_udivmodhi4.o)
 .text.libgcc.mul
                0x000031be        0x0 /usr/lib/gcc/avr/15.1.0/avr5/libgcc.a(_udivmodsi4.o)
 .text.libgcc.div
                0x000031be       0x44 /usr/lib/gcc/avr/15.1.0/avr5/libgcc.a(_udivmodsi4.o)
                0x000031be                __udivmodsi4
 .text.libgcc   0x00003202        0x0 /usr/lib/gcc/avr/15.1.0/avr5/libgcc.a(_udivmodsi4.o)
 .text.libgcc.prologue
                0x00003202        0x0 /usr/lib/gcc/avr/15.1.0/avr5/libgcc.a(_udivmodsi4.o)
 .text.libgcc.builtins
                0x00003202        0x0 /usr/lib/gcc/avr/15.1.0/avr5/libgcc.a(_udivmodsi4.o)
 .text.libgcc.fmul
                0x00003202        0x0 /usr/lib/gcc/avr/15.1.0/avr5/libgcc.a(_udivmodsi4.o)
 .text.libgcc.fixed
                0x00003202        0x0 /usr/lib/gcc/avr/15.1.0/avr5/libgcc.a(_udivmodsi4.o)
 .text.avr-libc.fplib
                0x00003202        0xe /usr/lib/gcc/avr/15.1.0/../../../../avr/lib/avr5/libm.a(addsf3.o)
                0x00003202                __subsf3
                0x00003204                __addsf3
 .text.avr-libc.fplib
                0x00003210       0xcc /usr/lib/gcc/avr/15.1.0/../../../../avr/lib/avr5/libm.a(addsf3x.o)
                0x00003232                __addsf3x
 .text.avr-libc.fplib
                0x000032dc        0xa /usr/lib/gcc/avr/15.1.0/../../../../avr/lib/avr5/libm.a(cmpsf2.o)
                0x000032dc                __lesf2
                0x000032dc                __nesf2
                0x000032dc                __eqsf2
                0x000032dc                __cmpsf2
                0x000032dc                __ltsf2
 .text.avr-libc.fplib
                0x000032e6        0x8 /usr/lib/gcc/avr/15.1.0/../../../../avr/lib/avr5/libm.a(divsf3.o)
                0x000032e6                __divsf3
 .text.avr-libc.fplib
                0x000032ee       0xdc /usr/lib/gcc/avr/15.1.0/../../../../avr/lib/avr5/libm.a(divsf3x.o)
                0x0000330e                __divsf3x
                0x00003314                __divsf3_pse
 .text.avr-libc.fplib
                0x000033ca        0xe /usr/lib/gcc/avr/15.1.0/../../../../avr/lib/avr5/libm.a(fixsfsi.o)
                0x000033ca                __fixsfsi
 .text.avr-libc.fplib
                0x000033d8       0x5e /usr/lib/gcc/avr/15.1.0/../../../../avr/lib/avr5/libm.a(fixunssfsi.o)
                0x000033d8                __fixunssfsi
 .text.avr-libc.fplib
                0x00003436       0x7a /usr/lib/gcc/avr/15.1.0/../../../../avr/lib/avr5/libm.a(floatsisf.o)
                0x00003436                __floatunsisf
                0x0000343a                __floatsisf
 .text.avr-libc.fplib
                0x000034b0       0x48 /usr/lib/gcc/avr/15.1.0/../../../../avr/lib/avr5/libm.a(fp_cmp.o)
                0x000034b0                __fp_cmp
 .text.avr-libc.fplib
                0x000034f8        0xc /usr/lib/gcc/avr/15.1.0/../../../../avr/lib/avr5/libm.a(fp_inf.o)
                0x000034f8                __fp_inf
 .text.avr-libc.fplib
                0x00003504        0x6 /usr/lib/gcc/avr/15.1.0/../../../../avr/lib/avr5/libm.a(fp_nan.o)
                0x00003504                __fp_nan
 .text.avr-libc.fplib
                0x0000350a        0xe /usr/lib/gcc/avr/15.1.0/../../../../avr/lib/avr5/libm.a(fp_pscA.o)
                0x0000350a                __fp_pscA
 .text.avr-libc.fplib
                0x00003518        0xe /usr/lib/gcc/avr/15.1.0/../../../../avr/lib/avr5/libm.a(fp_pscB.o)
                0x00003518                __fp_pscB
 .text.avr-libc.fplib
                0x00003526       0x22 /usr/lib/gcc/avr/15.1.0/../../../../avr/lib/avr5/libm.a(fp_round.o)
                0x00003526                __fp_round
 .text.avr-libc.fplib
                0x00003548       0x44 /usr/lib/gcc/avr/15.1.0/../../../../avr/lib/avr5/libm.a(fp_split3.o)
                0x00003548                __fp_split3
                0x00003558                __fp_splitA
 .text.avr-libc.fplib
                0x0000358c        0xe /usr/lib/gcc/avr/15.1.0/../../../../avr/lib/avr5/libm.a(fp_zero.o)
                0x0000358c                __fp_zero
                0x0000358e                __fp_szero
 .text.avr-libc.fplib
                0x0000359a        0xa /usr/lib/gcc/avr/15.1.0/../../../../avr/lib/avr5/libm.a(gesf2.o)
                0x0000359a                __gtsf2
                0x0000359a                __gesf2
 .text.avr-libc.fplib
                0x000035a4        0x8 /usr/lib/gcc/avr/15.1.0/../../../../avr/lib/avr5/libm.a(mulsf3.o)
                0x000035a4                __mulsf3
 .text.avr-libc.fplib
                0x000035ac       0xd2 /usr/lib/gcc/avr/15.1.0/../../../../avr/lib/avr5/libm.a(mulsf3x.o)
                0x000035ca                __mulsf3x
                0x000035d0                __mulsf3_pse
 .text.avr-libc
                0x0000367e       0x24 /usr/lib/gcc/avr/15.1.0/../../../../avr/lib/avr5/libc.a(memmove.o)
                0x0000367e                memmove
 .text.avr-libc
                0x000036a2       0x1e /usr/lib/gcc/avr/15.1.0/../../../../avr/lib/avr5/libc.a(strncpy.o)
                0x000036a2                strncpy
 .text.avr-libc
                0x000036c0       0x12 /usr/lib/gcc/avr/15.1.0/../../../../avr/lib/avr5/libc.a(memcpy.o)
                0x000036c0                memcpy
 .text.avr-libc
                0x000036d2       0x20 /usr/lib/gcc/avr/15.1.0/../../../../avr/lib/avr5/libatmega32.a(eerd_block.o)
                0x000036d2                eeprom_read_block
                0x000036d6                eeprom_read_blraw
 .text.avr-libc
                0x000036f2       0x20 /usr/lib/gcc/avr/15.1.0/../../../../avr/lib/avr5/libatmega32.a(eeupd_block.o)
                0x000036f2                eeprom_update_block
 .text.avr-libc
                0x00003712       0x22 /usr/lib/gcc/avr/15.1.0/../../../../avr/lib/avr5/libatmega32.a(eeupd_byte.o)
                0x00003712                eeprom_update_byte
                0x00003714                eeprom_update_r18
                0x00003734                        . = ALIGN (0x2)
 *(.fini9)
 .fini9         0x00003734        0x0 /usr/lib/gcc/avr/15.1.0/avr5/libgcc.a(_exit.o)
                0x00003734                exit
                0x00003734                _exit
 *(.fini9)
 *(.fini8)
 *(.fini8)
 *(.fini7)
 *(.fini7)
 *(.fini6)
 *(.fini6)
 *(.fini5)
 *(.fini5)
 *(.fini4)
 *(.fini4)
 *(.fini3)
 *(.fini3)
 *(.fini2)
 *(.fini2)
 *(.fini1)
 *(.fini1)
 *(.fini0)
 .fini0         0x00003734        0x4 /usr/lib/gcc/avr/15.1.0/avr5/libgcc.a(_exit.o)
 *(.fini0)
 *(.hightext)
 *(.hightext*)
 *(.progmemx.*)
                0x00003738                        . = ALIGN (0x2)
 *(.jumptables)
 *(.jumptables*)
                0x00003738                        _etext = .

.data           0x00800060      0x4b8 load address 0x00003738
                0x00800060                        PROVIDE (__data_start = .)
 *(.data)
 .data          0x00800060        0x0 /usr/lib/gcc/avr/15.1.0/../../../../avr/lib/avr5/crtatmega32.o
 .data          0x00800060        0x0 ./utils/utils.o
 .data          0x00800060        0x0 ./usart/usart.o
 .data          0x00800060        0x0 ./timing/timing.o
 .data          0x00800060        0x0 ./termopile/termopile.o
 .data          0x00800060        0x0 ./smoothAlg/smoothAlg.o
 .data          0x00800060        0x0 ./serial/serial.o
 .data          0x00800060        0x0 ./pinGetLevel/pinGetLevel.o
 .data          0x00800060        0x0 ./pid/pid.o
 .data          0x00800060        0x0 ./indicator/indicator.o
 .data          0x00800060        0x0 ./ikb/ikb.o
 .data          0x00800060        0x0 ./groupdig/groupdig.o
 .data          0x00800060        0x0 ./error/error.o
 .data          0x00800060        0x0 ./blink/blink.o
 .data          0x00800060        0x0 ./adc/adc.o
 .data          0x00800060        0x0 ./Temperature/temperature.o
 .data          0x00800060        0x0 ./SPI/SPI_01.o
 .data          0x00800060        0x0 ./MAX6675/MAX6675.o
 .data          0x00800060        0x0 ./Display7S/display7s.o
 .data          0x00800060        0x0 ./disp7s_applevel.o
 .data          0x00800060        0x0 ./display7s_setup.o
 .data          0x00800060        0x0 ./main.o
 .data          0x00800060        0x0 ./psmode_operative.o
 .data          0x00800060        0x0 ./psmode_program.o
 .data          0x00800060        0x0 ./psmode_viewTemp.o
 .data          0x00800060        0x0 /usr/lib/gcc/avr/15.1.0/avr5/libgcc.a(_divmodhi4.o)
 .data          0x00800060        0x0 /usr/lib/gcc/avr/15.1.0/avr5/libgcc.a(_divmodsi4.o)
 .data          0x00800060        0x0 /usr/lib/gcc/avr/15.1.0/avr5/libgcc.a(_negsi2.o)
 .data          0x00800060        0x0 /usr/lib/gcc/avr/15.1.0/avr5/libgcc.a(_exit.o)
 .data          0x00800060        0x0 /usr/lib/gcc/avr/15.1.0/avr5/libgcc.a(_copy_data.o)
 .data          0x00800060        0x0 /usr/lib/gcc/avr/15.1.0/avr5/libgcc.a(_clear_bss.o)
 .data          0x00800060        0x0 /usr/lib/gcc/avr/15.1.0/avr5/libgcc.a(_udivmodhi4.o)
 .data          0x00800060        0x0 /usr/lib/gcc/avr/15.1.0/avr5/libgcc.a(_udivmodsi4.o)
 .data          0x00800060        0x0 /usr/lib/gcc/avr/15.1.0/../../../../avr/lib/avr5/libm.a(addsf3.o)
 .data          0x00800060        0x0 /usr/lib/gcc/avr/15.1.0/../../../../avr/lib/avr5/libm.a(addsf3x.o)
 .data          0x00800060        0x0 /usr/lib/gcc/avr/15.1.0/../../../../avr/lib/avr5/libm.a(cmpsf2.o)
 .data          0x00800060        0x0 /usr/lib/gcc/avr/15.1.0/../../../../avr/lib/avr5/libm.a(divsf3.o)
 .data          0x00800060        0x0 /usr/lib/gcc/avr/15.1.0/../../../../avr/lib/avr5/libm.a(divsf3x.o)
 .data          0x00800060        0x0 /usr/lib/gcc/avr/15.1.0/../../../../avr/lib/avr5/libm.a(fixsfsi.o)
 .data          0x00800060        0x0 /usr/lib/gcc/avr/15.1.0/../../../../avr/lib/avr5/libm.a(fixunssfsi.o)
 .data          0x00800060        0x0 /usr/lib/gcc/avr/15.1.0/../../../../avr/lib/avr5/libm.a(floatsisf.o)
 .data          0x00800060        0x0 /usr/lib/gcc/avr/15.1.0/../../../../avr/lib/avr5/libm.a(fp_cmp.o)
 .data          0x00800060        0x0 /usr/lib/gcc/avr/15.1.0/../../../../avr/lib/avr5/libm.a(fp_inf.o)
 .data          0x00800060        0x0 /usr/lib/gcc/avr/15.1.0/../../../../avr/lib/avr5/libm.a(fp_nan.o)
 .data          0x00800060        0x0 /usr/lib/gcc/avr/15.1.0/../../../../avr/lib/avr5/libm.a(fp_pscA.o)
 .data          0x00800060        0x0 /usr/lib/gcc/avr/15.1.0/../../../../avr/lib/avr5/libm.a(fp_pscB.o)
 .data          0x00800060        0x0 /usr/lib/gcc/avr/15.1.0/../../../../avr/lib/avr5/libm.a(fp_round.o)
 .data          0x00800060        0x0 /usr/lib/gcc/avr/15.1.0/../../../../avr/lib/avr5/libm.a(fp_split3.o)
 .data          0x00800060        0x0 /usr/lib/gcc/avr/15.1.0/../../../../avr/lib/avr5/libm.a(fp_zero.o)
 .data          0x00800060        0x0 /usr/lib/gcc/avr/15.1.0/../../../../avr/lib/avr5/libm.a(gesf2.o)
 .data          0x00800060        0x0 /usr/lib/gcc/avr/15.1.0/../../../../avr/lib/avr5/libm.a(mulsf3.o)
 .data          0x00800060        0x0 /usr/lib/gcc/avr/15.1.0/../../../../avr/lib/avr5/libm.a(mulsf3x.o)
 .data          0x00800060        0x0 /usr/lib/gcc/avr/15.1.0/../../../../avr/lib/avr5/libc.a(memmove.o)
 .data          0x00800060        0x0 /usr/lib/gcc/avr/15.1.0/../../../../avr/lib/avr5/libc.a(strncpy.o)
 .data          0x00800060        0x0 /usr/lib/gcc/avr/15.1.0/../../../../avr/lib/avr5/libc.a(memcpy.o)
 .data          0x00800060        0x0 /usr/lib/gcc/avr/15.1.0/../../../../avr/lib/avr5/libatmega32.a(eerd_block.o)
 .data          0x00800060        0x0 /usr/lib/gcc/avr/15.1.0/../../../../avr/lib/avr5/libatmega32.a(eeupd_block.o)
 .data          0x00800060        0x0 /usr/lib/gcc/avr/15.1.0/../../../../avr/lib/avr5/libatmega32.a(eeupd_byte.o)
 *(.data*)
 .data.disp7s_mux
                0x00800060       0x20 ./display7s_setup.o
                0x00800060                disp7s_mux
 *(.gnu.linkonce.d*)
 *(.rodata)
 *(.rodata*)
 .rodata.termopilaReset
                0x00800080        0xa ./termopile/termopile.o
                0x00800080                termopilaReset
 .rodata.propEmpty
                0x0080008a        0x6 ./ikb/ikb.o
                0x0080008a                propEmpty
 .rodata.smoothAlg_reset
                0x00800090       0x11 ./Temperature/temperature.o
                0x00800090                smoothAlg_reset
 .rodata.C_rtd  0x008000a1      0x400 ./Temperature/temperature.o
                0x008000a1                C_rtd
 .rodata.DIPS7S_MSG_rInd
                0x008004a1        0x4 ./disp7s_applevel.o
                0x008004a1                DIPS7S_MSG_rInd
 .rodata.DIPS7S_MSG_ACIE
                0x008004a5        0x4 ./disp7s_applevel.o
                0x008004a5                DIPS7S_MSG_ACIE
 .rodata.DIPS7S_MSG_HIGHLIMIT
                0x008004a9        0x4 ./disp7s_applevel.o
                0x008004a9                DIPS7S_MSG_HIGHLIMIT
 .rodata.DIPS7S_MSG_THERMOPILE
                0x008004ad        0x4 ./disp7s_applevel.o
                0x008004ad                DIPS7S_MSG_THERMOPILE
 .rodata.DIPS7S_MSG_THERMOCOUPLE_NC
                0x008004b1        0x4 ./disp7s_applevel.o
                0x008004b1                DIPS7S_MSG_THERMOCOUPLE_NC
 .rodata.DIPS7S_MSG_ERROR
                0x008004b5        0x4 ./disp7s_applevel.o
                0x008004b5                DIPS7S_MSG_ERROR
 .rodata.DIPS7S_MSG_PRECALENTAMIENTO
                0x008004b9        0x4 ./disp7s_applevel.o
                0x008004b9                DIPS7S_MSG_PRECALENTAMIENTO
 .rodata.DIPS7S_MSG_SET
                0x008004bd        0x4 ./disp7s_applevel.o
                0x008004bd                DIPS7S_MSG_SET
 .rodata.DIPS7S_MSG_OIL
                0x008004c1        0x4 ./disp7s_applevel.o
                0x008004c1                DIPS7S_MSG_OIL
 .rodata.DIPS7S_MSG_donE
                0x008004c5        0x4 ./disp7s_applevel.o
                0x008004c5                DIPS7S_MSG_donE
 .rodata.DIPS7S_MSG_OFF
                0x008004c9        0x4 ./disp7s_applevel.o
                0x008004c9                DIPS7S_MSG_OFF
 .rodata.DISP7_NUMERIC_ARR
                0x008004cd        0xa ./disp7s_applevel.o
                0x008004cd                DISP7_NUMERIC_ARR
 .rodata.job_reset
                0x008004d7        0x4 ./main.o
                0x008004d7                job_reset
 .rodata.fryer_reset
                0x008004db       0x39 ./main.o
                0x008004db                fryer_reset
 .rodata.ps_reset
                0x00800514        0x1 ./main.o
                0x00800514                ps_reset
 .rodata.main_schedule_reset
                0x00800515        0x2 ./main.o
                0x00800515                main_schedule_reset
 *(.gnu.linkonce.r*)
                0x00800518                        . = ALIGN (0x2)
 *fill*         0x00800517        0x1 
                0x00800518                        _edata = .
                0x00800518                        PROVIDE (__data_end = .)

.bss            0x00800518      0x2cd
                0x00800518                        PROVIDE (__bss_start = .)
 *(.bss)
 .bss           0x00800518        0x0 /usr/lib/gcc/avr/15.1.0/../../../../avr/lib/avr5/crtatmega32.o
 .bss           0x00800518        0x0 ./utils/utils.o
 .bss           0x00800518        0x0 ./usart/usart.o
 .bss           0x00800518        0x0 ./timing/timing.o
 .bss           0x00800518        0x0 ./termopile/termopile.o
 .bss           0x00800518        0x0 ./smoothAlg/smoothAlg.o
 .bss           0x00800518        0x0 ./serial/serial.o
 .bss           0x00800518        0x0 ./pinGetLevel/pinGetLevel.o
 .bss           0x00800518        0x0 ./pid/pid.o
 .bss           0x00800518        0x0 ./indicator/indicator.o
 .bss           0x00800518        0x0 ./ikb/ikb.o
 .bss           0x00800518        0x0 ./groupdig/groupdig.o
 .bss           0x00800518        0x0 ./error/error.o
 .bss           0x00800518        0x0 ./blink/blink.o
 .bss           0x00800518        0x0 ./adc/adc.o
 .bss           0x00800518        0x0 ./Temperature/temperature.o
 .bss           0x00800518        0x0 ./SPI/SPI_01.o
 .bss           0x00800518        0x0 ./MAX6675/MAX6675.o
 .bss           0x00800518        0x0 ./Display7S/display7s.o
 .bss           0x00800518        0x0 ./disp7s_applevel.o
 .bss           0x00800518        0x0 ./display7s_setup.o
 .bss           0x00800518        0x0 ./main.o
 .bss           0x00800518        0x0 ./psmode_operative.o
 .bss           0x00800518        0x0 ./psmode_program.o
 .bss           0x00800518        0x0 ./psmode_viewTemp.o
 .bss           0x00800518        0x0 /usr/lib/gcc/avr/15.1.0/avr5/libgcc.a(_divmodhi4.o)
 .bss           0x00800518        0x0 /usr/lib/gcc/avr/15.1.0/avr5/libgcc.a(_divmodsi4.o)
 .bss           0x00800518        0x0 /usr/lib/gcc/avr/15.1.0/avr5/libgcc.a(_negsi2.o)
 .bss           0x00800518        0x0 /usr/lib/gcc/avr/15.1.0/avr5/libgcc.a(_exit.o)
 .bss           0x00800518        0x0 /usr/lib/gcc/avr/15.1.0/avr5/libgcc.a(_copy_data.o)
 .bss           0x00800518        0x0 /usr/lib/gcc/avr/15.1.0/avr5/libgcc.a(_clear_bss.o)
 .bss           0x00800518        0x0 /usr/lib/gcc/avr/15.1.0/avr5/libgcc.a(_udivmodhi4.o)
 .bss           0x00800518        0x0 /usr/lib/gcc/avr/15.1.0/avr5/libgcc.a(_udivmodsi4.o)
 .bss           0x00800518        0x0 /usr/lib/gcc/avr/15.1.0/../../../../avr/lib/avr5/libm.a(addsf3.o)
 .bss           0x00800518        0x0 /usr/lib/gcc/avr/15.1.0/../../../../avr/lib/avr5/libm.a(addsf3x.o)
 .bss           0x00800518        0x0 /usr/lib/gcc/avr/15.1.0/../../../../avr/lib/avr5/libm.a(cmpsf2.o)
 .bss           0x00800518        0x0 /usr/lib/gcc/avr/15.1.0/../../../../avr/lib/avr5/libm.a(divsf3.o)
 .bss           0x00800518        0x0 /usr/lib/gcc/avr/15.1.0/../../../../avr/lib/avr5/libm.a(divsf3x.o)
 .bss           0x00800518        0x0 /usr/lib/gcc/avr/15.1.0/../../../../avr/lib/avr5/libm.a(fixsfsi.o)
 .bss           0x00800518        0x0 /usr/lib/gcc/avr/15.1.0/../../../../avr/lib/avr5/libm.a(fixunssfsi.o)
 .bss           0x00800518        0x0 /usr/lib/gcc/avr/15.1.0/../../../../avr/lib/avr5/libm.a(floatsisf.o)
 .bss           0x00800518        0x0 /usr/lib/gcc/avr/15.1.0/../../../../avr/lib/avr5/libm.a(fp_cmp.o)
 .bss           0x00800518        0x0 /usr/lib/gcc/avr/15.1.0/../../../../avr/lib/avr5/libm.a(fp_inf.o)
 .bss           0x00800518        0x0 /usr/lib/gcc/avr/15.1.0/../../../../avr/lib/avr5/libm.a(fp_nan.o)
 .bss           0x00800518        0x0 /usr/lib/gcc/avr/15.1.0/../../../../avr/lib/avr5/libm.a(fp_pscA.o)
 .bss           0x00800518        0x0 /usr/lib/gcc/avr/15.1.0/../../../../avr/lib/avr5/libm.a(fp_pscB.o)
 .bss           0x00800518        0x0 /usr/lib/gcc/avr/15.1.0/../../../../avr/lib/avr5/libm.a(fp_round.o)
 .bss           0x00800518        0x0 /usr/lib/gcc/avr/15.1.0/../../../../avr/lib/avr5/libm.a(fp_split3.o)
 .bss           0x00800518        0x0 /usr/lib/gcc/avr/15.1.0/../../../../avr/lib/avr5/libm.a(fp_zero.o)
 .bss           0x00800518        0x0 /usr/lib/gcc/avr/15.1.0/../../../../avr/lib/avr5/libm.a(gesf2.o)
 .bss           0x00800518        0x0 /usr/lib/gcc/avr/15.1.0/../../../../avr/lib/avr5/libm.a(mulsf3.o)
 .bss           0x00800518        0x0 /usr/lib/gcc/avr/15.1.0/../../../../avr/lib/avr5/libm.a(mulsf3x.o)
 .bss           0x00800518        0x0 /usr/lib/gcc/avr/15.1.0/../../../../avr/lib/avr5/libc.a(memmove.o)
 .bss           0x00800518        0x0 /usr/lib/gcc/avr/15.1.0/../../../../avr/lib/avr5/libc.a(strncpy.o)
 .bss           0x00800518        0x0 /usr/lib/gcc/avr/15.1.0/../../../../avr/lib/avr5/libc.a(memcpy.o)
 .bss           0x00800518        0x0 /usr/lib/gcc/avr/15.1.0/../../../../avr/lib/avr5/libatmega32.a(eerd_block.o)
 .bss           0x00800518        0x0 /usr/lib/gcc/avr/15.1.0/../../../../avr/lib/avr5/libatmega32.a(eeupd_block.o)
 .bss           0x00800518        0x0 /usr/lib/gcc/avr/15.1.0/../../../../avr/lib/avr5/libatmega32.a(eeupd_byte.o)
 *(.bss*)
 .bss.mytime    0x00800518        0x2 ./timing/timing.o
                0x00800518                mytime
 .bss.termopila
                0x0080051a        0xa ./termopile/termopile.o
                0x0080051a                termopila
 .bss.smoothAlg_termopile
                0x00800524       0x11 ./termopile/termopile.o
                0x00800524                smoothAlg_termopile
 .bss.smoothVector
                0x00800535       0x78 ./termopile/termopile.o
 .bss.soft_buff.0
                0x008005ad        0x4 ./serial/serial.o
 .bss.level.1   0x008005b1        0x1 ./serial/serial.o
 .bss.scirbuf   0x008005b2       0x23 ./serial/serial.o
                0x008005b2                scirbuf
 .bss.pinGetLevel
                0x008005d5        0x4 ./pinGetLevel/pinGetLevel.o
                0x008005d5                pinGetLevel
 .bss.indicator
                0x008005d9        0xa ./indicator/indicator.o
                0x008005d9                indicator
 .bss.group_x   0x008005e3        0x7 ./ikb/ikb.o
                0x008005e3                group_x
 .bss.key       0x008005ea       0x70 ./ikb/ikb.o
 .bss.groupDig  0x0080065a       0x11 ./groupdig/groupdig.o
                0x0080065a                groupDig
 .bss.dig       0x0080066b        0x3 ./groupdig/groupdig.o
                0x0080066b                dig
 .bss.disp7s_data_array_saved
                0x0080066e        0x8 ./error/error.o
                0x0080066e                disp7s_data_array_saved
 .bss.e_reset   0x00800676        0xa ./error/error.o
                0x00800676                e_reset
 .bss.e         0x00800680        0xa ./error/error.o
                0x00800680                e
 .bss.blink     0x0080068a        0x2 ./blink/blink.o
                0x0080068a                blink
 .bss.sm0.0     0x0080068c        0x1 ./Temperature/temperature.o
 .bss.temperature_filtered_smoothed
                0x0080068d        0x2 ./Temperature/temperature.o
                0x0080068d                temperature_filtered_smoothed
 .bss.smoothAlg_temp
                0x0080068f       0x11 ./Temperature/temperature.o
                0x0080068f                smoothAlg_temp
 .bss.smoothVector
                0x008006a0       0x78 ./Temperature/temperature.o
 .bss.TCtemperature
                0x00800718        0x2 ./Temperature/temperature.o
                0x00800718                TCtemperature
 .bss.q.0       0x0080071a        0x1 ./Display7S/display7s.o
 .bss.disp7s_mux
                0x0080071b        0x2 ./Display7S/display7s.o
 .bss.disp7s_data
                0x0080071d        0x2 ./Display7S/display7s.o
 .bss.PORTWxDISPLAY7S_DATA
                0x0080071f        0x2 ./Display7S/display7s.o
 .bss.disp7s_num_total
                0x00800721        0x1 ./Display7S/display7s.o
 .bss.disp7s_data_array
                0x00800722        0x8 ./display7s_setup.o
                0x00800722                disp7s_data_array
 .bss.mypid0    0x0080072a       0x30 ./main.o
                0x0080072a                mypid0
 .bss.job_captureTermopile
                0x0080075a        0x4 ./main.o
                0x0080075a                job_captureTermopile
 .bss.job_captureTemperature
                0x0080075e        0x4 ./main.o
                0x0080075e                job_captureTemperature
 .bss.fryer     0x00800762       0x39 ./main.o
                0x00800762                fryer
 .bss.main_schedule
                0x0080079b        0x2 ./main.o
                0x0080079b                main_schedule
 .bss.mainflag  0x0080079d        0x1 ./main.o
                0x0080079d                mainflag
 .bss.isr_flag  0x0080079e        0x1 ./main.o
                0x0080079e                isr_flag
 .bss.basket_temp
                0x0080079f       0x34 ./psmode_operative.o
                0x0080079f                basket_temp
 .bss.blink.0   0x008007d3        0x7 ./psmode_program.o
 .bss.blinkIsActive
                0x008007da        0x2 ./psmode_program.o
                0x008007da                blinkIsActive
 .bss.tmprture_coccion
                0x008007dc        0x6 ./psmode_program.o
                0x008007dc                tmprture_coccion
 .bss.pgrmode   0x008007e2        0x3 ./psmode_program.o
                0x008007e2                pgrmode
 *(COMMON)
                0x008007e5                        PROVIDE (__bss_end = .)
                0x00003738                        __data_load_start = LOADADDR (.data)
                0x00003bf0                        __data_load_end = (__data_load_start + SIZEOF (.data))

.noinit         0x008007e5        0x0
                [!provide]                        PROVIDE (__noinit_start = .)
 *(.noinit .noinit.* .gnu.linkonce.n.*)
                [!provide]                        PROVIDE (__noinit_end = .)
                0x008007e5                        _end = .
                [!provide]                        PROVIDE (__heap_start = .)
                0x00000000                        __flmap_init_label = DEFINED (__flmap_noinit_start)?__flmap_noinit_start:0x0
                0x00000000                        __flmap = DEFINED (__flmap)?__flmap:0x0

.eeprom         0x00810000        0xa
 *(.eeprom*)
 .eeprom        0x00810000        0x4 ./main.o
                0x00810000                COOKTIME
 .eeprom        0x00810004        0x6 ./psmode_program.o
                0x00810004                TMPRTURE_COCCION
                0x0081000a                        __eeprom_end = .

.fuse
 *(.fuse)
 *(.lfuse)
 *(.hfuse)
 *(.efuse)

.lock
 *(.lock*)

.signature
 *(.signature*)

.stab
 *(.stab)

.stabstr
 *(.stabstr)

.stab.excl
 *(.stab.excl)

.stab.exclstr
 *(.stab.exclstr)

.stab.index
 *(.stab.index)

.stab.indexstr
 *(.stab.indexstr)

.comment        0x00000000       0x12
 *(.comment)
 .comment       0x00000000       0x12 ./utils/utils.o
                                 0x13 (size before relaxing)
 .comment       0x00000012       0x13 ./usart/usart.o
 .comment       0x00000012       0x13 ./timing/timing.o
 .comment       0x00000012       0x13 ./termopile/termopile.o
 .comment       0x00000012       0x13 ./smoothAlg/smoothAlg.o
 .comment       0x00000012       0x13 ./serial/serial.o
 .comment       0x00000012       0x13 ./pinGetLevel/pinGetLevel.o
 .comment       0x00000012       0x13 ./pid/pid.o
 .comment       0x00000012       0x13 ./indicator/indicator.o
 .comment       0x00000012       0x13 ./ikb/ikb.o
 .comment       0x00000012       0x13 ./groupdig/groupdig.o
 .comment       0x00000012       0x13 ./error/error.o
 .comment       0x00000012       0x13 ./blink/blink.o
 .comment       0x00000012       0x13 ./adc/adc.o
 .comment       0x00000012       0x13 ./Temperature/temperature.o
 .comment       0x00000012       0x13 ./SPI/SPI_01.o
 .comment       0x00000012       0x13 ./MAX6675/MAX6675.o
 .comment       0x00000012       0x13 ./Display7S/display7s.o
 .comment       0x00000012       0x13 ./disp7s_applevel.o
 .comment       0x00000012       0x13 ./display7s_setup.o
 .comment       0x00000012       0x13 ./main.o
 .comment       0x00000012       0x13 ./psmode_operative.o
 .comment       0x00000012       0x13 ./psmode_program.o
 .comment       0x00000012       0x13 ./psmode_viewTemp.o

.note.gnu.avr.deviceinfo
                0x00000000       0x3c
 .note.gnu.avr.deviceinfo
                0x00000000       0x3c /usr/lib/gcc/avr/15.1.0/../../../../avr/lib/avr5/crtatmega32.o

.gnu.build.attributes
 *(.gnu.build.attributes .gnu.build.attributes.*)

.note.gnu.build-id
 *(.note.gnu.build-id)

.debug
 *(.debug)

.line
 *(.line)

.debug_srcinfo
 *(.debug_srcinfo)

.debug_sfnames
 *(.debug_sfnames)

.debug_aranges  0x00000000      0x6b0
 *(.debug_aranges)
 .debug_aranges
                0x00000000       0x38 ./utils/utils.o
 .debug_aranges
                0x00000038       0x58 ./usart/usart.o
 .debug_aranges
                0x00000090       0x30 ./timing/timing.o
 .debug_aranges
                0x000000c0       0x20 ./termopile/termopile.o
 .debug_aranges
                0x000000e0       0x20 ./smoothAlg/smoothAlg.o
 .debug_aranges
                0x00000100       0x48 ./serial/serial.o
 .debug_aranges
                0x00000148       0x30 ./pinGetLevel/pinGetLevel.o
 .debug_aranges
                0x00000178       0x48 ./pid/pid.o
 .debug_aranges
                0x000001c0       0x58 ./indicator/indicator.o
 .debug_aranges
                0x00000218       0xe0 ./ikb/ikb.o
 .debug_aranges
                0x000002f8       0x20 ./groupdig/groupdig.o
 .debug_aranges
                0x00000318       0x20 ./error/error.o
 .debug_aranges
                0x00000338       0x30 ./blink/blink.o
 .debug_aranges
                0x00000368       0xa0 ./adc/adc.o
 .debug_aranges
                0x00000408       0x38 ./Temperature/temperature.o
 .debug_aranges
                0x00000440       0x28 ./SPI/SPI_01.o
 .debug_aranges
                0x00000468       0x28 ./MAX6675/MAX6675.o
 .debug_aranges
                0x00000490       0x28 ./Display7S/display7s.o
 .debug_aranges
                0x000004b8       0x68 ./disp7s_applevel.o
 .debug_aranges
                0x00000520       0xa0 ./display7s_setup.o
 .debug_aranges
                0x000005c0       0x60 ./main.o
 .debug_aranges
                0x00000620       0x50 ./psmode_operative.o
 .debug_aranges
                0x00000670       0x20 ./psmode_program.o
 .debug_aranges
                0x00000690       0x20 ./psmode_viewTemp.o

.debug_pubnames
 *(.debug_pubnames)

.debug_info     0x00000000     0x7e9c
 *(.debug_info .gnu.linkonce.wi.*)
 .debug_info    0x00000000      0x4e6 /usr/lib/gcc/avr/15.1.0/../../../../avr/lib/avr5/crtatmega32.o
 .debug_info    0x000004e6      0x31a ./utils/utils.o
 .debug_info    0x00000800      0x261 ./usart/usart.o
 .debug_info    0x00000a61      0x127 ./timing/timing.o
 .debug_info    0x00000b88      0x41d ./termopile/termopile.o
 .debug_info    0x00000fa5      0x232 ./smoothAlg/smoothAlg.o
 .debug_info    0x000011d7      0x36c ./serial/serial.o
 .debug_info    0x00001543      0x260 ./pinGetLevel/pinGetLevel.o
 .debug_info    0x000017a3      0x4e3 ./pid/pid.o
 .debug_info    0x00001c86      0x1fe ./indicator/indicator.o
 .debug_info    0x00001e84      0x7c5 ./ikb/ikb.o
 .debug_info    0x00002649      0x115 ./groupdig/groupdig.o
 .debug_info    0x0000275e      0x604 ./error/error.o
 .debug_info    0x00002d62      0x14b ./blink/blink.o
 .debug_info    0x00002ead      0x3a9 ./adc/adc.o
 .debug_info    0x00003256      0x670 ./Temperature/temperature.o
 .debug_info    0x000038c6       0xb3 ./SPI/SPI_01.o
 .debug_info    0x00003979      0x336 ./MAX6675/MAX6675.o
 .debug_info    0x00003caf      0x19f ./Display7S/display7s.o
 .debug_info    0x00003e4e      0x579 ./disp7s_applevel.o
 .debug_info    0x000043c7      0x290 ./display7s_setup.o
 .debug_info    0x00004657     0x18a9 ./main.o
 .debug_info    0x00005f00      0xe60 ./psmode_operative.o
 .debug_info    0x00006d60      0xa36 ./psmode_program.o
 .debug_info    0x00007796      0x706 ./psmode_viewTemp.o

.debug_abbrev   0x00000000     0x2e9a
 *(.debug_abbrev)
 .debug_abbrev  0x00000000      0x4a3 /usr/lib/gcc/avr/15.1.0/../../../../avr/lib/avr5/crtatmega32.o
 .debug_abbrev  0x000004a3      0x132 ./utils/utils.o
 .debug_abbrev  0x000005d5      0x136 ./usart/usart.o
 .debug_abbrev  0x0000070b       0xd8 ./timing/timing.o
 .debug_abbrev  0x000007e3      0x1ee ./termopile/termopile.o
 .debug_abbrev  0x000009d1       0xc2 ./smoothAlg/smoothAlg.o
 .debug_abbrev  0x00000a93      0x214 ./serial/serial.o
 .debug_abbrev  0x00000ca7      0x1df ./pinGetLevel/pinGetLevel.o
 .debug_abbrev  0x00000e86      0x1e6 ./pid/pid.o
 .debug_abbrev  0x0000106c      0x149 ./indicator/indicator.o
 .debug_abbrev  0x000011b5      0x35b ./ikb/ikb.o
 .debug_abbrev  0x00001510       0xf7 ./groupdig/groupdig.o
 .debug_abbrev  0x00001607      0x220 ./error/error.o
 .debug_abbrev  0x00001827      0x115 ./blink/blink.o
 .debug_abbrev  0x0000193c      0x14d ./adc/adc.o
 .debug_abbrev  0x00001a89      0x2ed ./Temperature/temperature.o
 .debug_abbrev  0x00001d76       0x83 ./SPI/SPI_01.o
 .debug_abbrev  0x00001df9      0x149 ./MAX6675/MAX6675.o
 .debug_abbrev  0x00001f42      0x103 ./Display7S/display7s.o
 .debug_abbrev  0x00002045      0x199 ./disp7s_applevel.o
 .debug_abbrev  0x000021de      0x130 ./display7s_setup.o
 .debug_abbrev  0x0000230e      0x40c ./main.o
 .debug_abbrev  0x0000271a      0x327 ./psmode_operative.o
 .debug_abbrev  0x00002a41      0x26a ./psmode_program.o
 .debug_abbrev  0x00002cab      0x1ef ./psmode_viewTemp.o

.debug_line     0x00000000     0x7540
 *(.debug_line .debug_line.* .debug_line_end)
 .debug_line    0x00000000       0x1d /usr/lib/gcc/avr/15.1.0/../../../../avr/lib/avr5/crtatmega32.o
 .debug_line    0x0000001d      0x3c1 ./utils/utils.o
 .debug_line    0x000003de      0x282 ./usart/usart.o
 .debug_line    0x00000660      0x23d ./timing/timing.o
 .debug_line    0x0000089d      0x228 ./termopile/termopile.o
 .debug_line    0x00000ac5      0x31b ./smoothAlg/smoothAlg.o
 .debug_line    0x00000de0      0x65d ./serial/serial.o
 .debug_line    0x0000143d      0x30c ./pinGetLevel/pinGetLevel.o
 .debug_line    0x00001749      0x4c3 ./pid/pid.o
 .debug_line    0x00001c0c      0x385 ./indicator/indicator.o
 .debug_line    0x00001f91     0x11d1 ./ikb/ikb.o
 .debug_line    0x00003162       0x65 ./groupdig/groupdig.o
 .debug_line    0x000031c7      0x44c ./error/error.o
 .debug_line    0x00003613      0x129 ./blink/blink.o
 .debug_line    0x0000373c      0x510 ./adc/adc.o
 .debug_line    0x00003c4c      0x452 ./Temperature/temperature.o
 .debug_line    0x0000409e       0xd9 ./SPI/SPI_01.o
 .debug_line    0x00004177      0x357 ./MAX6675/MAX6675.o
 .debug_line    0x000044ce      0x19a ./Display7S/display7s.o
 .debug_line    0x00004668      0x4c6 ./disp7s_applevel.o
 .debug_line    0x00004b2e      0x459 ./display7s_setup.o
 .debug_line    0x00004f87     0x11dd ./main.o
 .debug_line    0x00006164      0xd9d ./psmode_operative.o
 .debug_line    0x00006f01      0x466 ./psmode_program.o
 .debug_line    0x00007367      0x1d9 ./psmode_viewTemp.o

.debug_frame    0x00000000      0xf4c
 *(.debug_frame)
 .debug_frame   0x00000000       0xac ./utils/utils.o
 .debug_frame   0x000000ac       0xf4 ./usart/usart.o
 .debug_frame   0x000001a0       0x44 ./timing/timing.o
 .debug_frame   0x000001e4       0x34 ./termopile/termopile.o
 .debug_frame   0x00000218       0x7c ./smoothAlg/smoothAlg.o
 .debug_frame   0x00000294       0xb8 ./serial/serial.o
 .debug_frame   0x0000034c       0x58 ./pinGetLevel/pinGetLevel.o
 .debug_frame   0x000003a4       0xb0 ./pid/pid.o
 .debug_frame   0x00000454       0x94 ./indicator/indicator.o
 .debug_frame   0x000004e8      0x200 ./ikb/ikb.o
 .debug_frame   0x000006e8       0x24 ./groupdig/groupdig.o
 .debug_frame   0x0000070c       0x40 ./error/error.o
 .debug_frame   0x0000074c       0x44 ./blink/blink.o
 .debug_frame   0x00000790      0x134 ./adc/adc.o
 .debug_frame   0x000008c4       0xa4 ./Temperature/temperature.o
 .debug_frame   0x00000968       0x34 ./SPI/SPI_01.o
 .debug_frame   0x0000099c       0x5c ./MAX6675/MAX6675.o
 .debug_frame   0x000009f8       0x34 ./Display7S/display7s.o
 .debug_frame   0x00000a2c       0xf0 ./disp7s_applevel.o
 .debug_frame   0x00000b1c      0x130 ./display7s_setup.o
 .debug_frame   0x00000c4c       0xc8 ./main.o
 .debug_frame   0x00000d14      0x1b8 ./psmode_operative.o
 .debug_frame   0x00000ecc       0x40 ./psmode_program.o
 .debug_frame   0x00000f0c       0x40 ./psmode_viewTemp.o

.debug_str      0x00000000     0x1b44
 *(.debug_str)
 .debug_str     0x00000000      0x196 /usr/lib/gcc/avr/15.1.0/../../../../avr/lib/avr5/crtatmega32.o
 .debug_str     0x00000196     0x19ae ./utils/utils.o
                                0x1e4 (size before relaxing)
 .debug_str     0x00001b44      0x1fb ./usart/usart.o
 .debug_str     0x00001b44      0x15e ./timing/timing.o
 .debug_str     0x00001b44      0x2fd ./termopile/termopile.o
 .debug_str     0x00001b44      0x1f2 ./smoothAlg/smoothAlg.o
 .debug_str     0x00001b44      0x231 ./serial/serial.o
 .debug_str     0x00001b44      0x239 ./pinGetLevel/pinGetLevel.o
 .debug_str     0x00001b44      0x314 ./pid/pid.o
 .debug_str     0x00001b44      0x267 ./indicator/indicator.o
 .debug_str     0x00001b44      0x5e6 ./ikb/ikb.o
 .debug_str     0x00001b44      0x12a ./groupdig/groupdig.o
 .debug_str     0x00001b44      0x43a ./error/error.o
 .debug_str     0x00001b44      0x1b3 ./blink/blink.o
 .debug_str     0x00001b44      0x2cc ./adc/adc.o
 .debug_str     0x00001b44      0x3d8 ./Temperature/temperature.o
 .debug_str     0x00001b44      0x16a ./SPI/SPI_01.o
 .debug_str     0x00001b44      0x223 ./MAX6675/MAX6675.o
 .debug_str     0x00001b44      0x1ed ./Display7S/display7s.o
 .debug_str     0x00001b44      0x3b8 ./disp7s_applevel.o
 .debug_str     0x00001b44      0x293 ./display7s_setup.o
 .debug_str     0x00001b44      0xe26 ./main.o
 .debug_str     0x00001b44      0x77a ./psmode_operative.o
 .debug_str     0x00001b44      0x61f ./psmode_program.o
 .debug_str     0x00001b44      0x4e8 ./psmode_viewTemp.o

.debug_loc
 *(.debug_loc)

.debug_macinfo
 *(.debug_macinfo)

.debug_weaknames
 *(.debug_weaknames)

.debug_funcnames
 *(.debug_funcnames)

.debug_typenames
 *(.debug_typenames)

.debug_varnames
 *(.debug_varnames)

.debug_pubtypes
 *(.debug_pubtypes)

.debug_ranges
 *(.debug_ranges)

.debug_addr
 *(.debug_addr)

.debug_line_str
                0x00000000      0x57b
 *(.debug_line_str)
 .debug_line_str
                0x00000000      0x57b ./utils/utils.o
                                0x159 (size before relaxing)
 .debug_line_str
                0x0000057b      0x134 ./usart/usart.o
 .debug_line_str
                0x0000057b      0x126 ./timing/timing.o
 .debug_line_str
                0x0000057b      0x193 ./termopile/termopile.o
 .debug_line_str
                0x0000057b      0x138 ./smoothAlg/smoothAlg.o
 .debug_line_str
                0x0000057b      0x126 ./serial/serial.o
 .debug_line_str
                0x0000057b      0x17c ./pinGetLevel/pinGetLevel.o
 .debug_line_str
                0x0000057b      0x125 ./pid/pid.o
 .debug_line_str
                0x0000057b      0x14f ./indicator/indicator.o
 .debug_line_str
                0x0000057b      0x144 ./ikb/ikb.o
 .debug_line_str
                0x0000057b      0x10d ./groupdig/groupdig.o
 .debug_line_str
                0x0000057b      0x198 ./error/error.o
 .debug_line_str
                0x0000057b      0x120 ./blink/blink.o
 .debug_line_str
                0x0000057b      0x10e ./adc/adc.o
 .debug_line_str
                0x0000057b      0x1c6 ./Temperature/temperature.o
 .debug_line_str
                0x0000057b      0x117 ./SPI/SPI_01.o
 .debug_line_str
                0x0000057b      0x158 ./MAX6675/MAX6675.o
 .debug_line_str
                0x0000057b      0x150 ./Display7S/display7s.o
 .debug_line_str
                0x0000057b      0x15f ./disp7s_applevel.o
 .debug_line_str
                0x0000057b      0x15d ./display7s_setup.o
 .debug_line_str
                0x0000057b      0x2c1 ./main.o
 .debug_line_str
                0x0000057b      0x1e0 ./psmode_operative.o
 .debug_line_str
                0x0000057b      0x1ff ./psmode_program.o
 .debug_line_str
                0x0000057b      0x1aa ./psmode_viewTemp.o

.debug_loclists
                0x00000000     0x1f43
 *(.debug_loclists)
 .debug_loclists
                0x00000000      0x39b ./utils/utils.o
 .debug_loclists
                0x0000039b      0x135 ./usart/usart.o
 .debug_loclists
                0x000004d0       0x78 ./timing/timing.o
 .debug_loclists
                0x00000548       0x79 ./termopile/termopile.o
 .debug_loclists
                0x000005c1      0x112 ./smoothAlg/smoothAlg.o
 .debug_loclists
                0x000006d3      0x332 ./serial/serial.o
 .debug_loclists
                0x00000a05       0x8b ./pinGetLevel/pinGetLevel.o
 .debug_loclists
                0x00000a90      0x1c0 ./pid/pid.o
 .debug_loclists
                0x00000c50      0x24f ./ikb/ikb.o
 .debug_loclists
                0x00000e9f       0x86 ./error/error.o
 .debug_loclists
                0x00000f25       0x29 ./blink/blink.o
 .debug_loclists
                0x00000f4e      0x159 ./adc/adc.o
 .debug_loclists
                0x000010a7      0x1b4 ./Temperature/temperature.o
 .debug_loclists
                0x0000125b       0x21 ./SPI/SPI_01.o
 .debug_loclists
                0x0000127c      0x17b ./MAX6675/MAX6675.o
 .debug_loclists
                0x000013f7       0x17 ./Display7S/display7s.o
 .debug_loclists
                0x0000140e      0x411 ./disp7s_applevel.o
 .debug_loclists
                0x0000181f       0x51 ./display7s_setup.o
 .debug_loclists
                0x00001870      0x2ea ./main.o
 .debug_loclists
                0x00001b5a      0x363 ./psmode_operative.o
 .debug_loclists
                0x00001ebd       0x4d ./psmode_program.o
 .debug_loclists
                0x00001f0a       0x39 ./psmode_viewTemp.o

.debug_macro
 *(.debug_macro)

.debug_names
 *(.debug_names)

.debug_rnglists
                0x00000000      0x5b1
 *(.debug_rnglists)
 .debug_rnglists
                0x00000000       0x65 ./utils/utils.o
 .debug_rnglists
                0x00000065       0x3d ./usart/usart.o
 .debug_rnglists
                0x000000a2       0x1f ./timing/timing.o
 .debug_rnglists
                0x000000c1       0x20 ./termopile/termopile.o
 .debug_rnglists
                0x000000e1       0x14 ./smoothAlg/smoothAlg.o
 .debug_rnglists
                0x000000f5       0x32 ./serial/serial.o
 .debug_rnglists
                0x00000127       0x30 ./pinGetLevel/pinGetLevel.o
 .debug_rnglists
                0x00000157       0x3f ./pid/pid.o
 .debug_rnglists
                0x00000196       0x3e ./indicator/indicator.o
 .debug_rnglists
                0x000001d4       0xa6 ./ikb/ikb.o
 .debug_rnglists
                0x0000027a       0x13 ./groupdig/groupdig.o
 .debug_rnglists
                0x0000028d       0x14 ./error/error.o
 .debug_rnglists
                0x000002a1       0x1f ./blink/blink.o
 .debug_rnglists
                0x000002c0       0x73 ./adc/adc.o
 .debug_rnglists
                0x00000333       0x34 ./Temperature/temperature.o
 .debug_rnglists
                0x00000367       0x19 ./SPI/SPI_01.o
 .debug_rnglists
                0x00000380       0x19 ./MAX6675/MAX6675.o
 .debug_rnglists
                0x00000399       0x1a ./Display7S/display7s.o
 .debug_rnglists
                0x000003b3       0x99 ./disp7s_applevel.o
 .debug_rnglists
                0x0000044c       0x73 ./display7s_setup.o
 .debug_rnglists
                0x000004bf       0x55 ./main.o
 .debug_rnglists
                0x00000514       0x75 ./psmode_operative.o
 .debug_rnglists
                0x00000589       0x14 ./psmode_program.o
 .debug_rnglists
                0x0000059d       0x14 ./psmode_viewTemp.o

.debug_str_offsets
 *(.debug_str_offsets)

.debug_sup
 *(.debug_sup)
OUTPUT(DigitalFryerDisplay8Seg-EncendidoManual.elf elf32-avr)
LOAD linker stubs
