Archive member included to satisfy reference by file (symbol)

/usr/lib/gcc/avr/13.2.0/avr5/libgcc.a(_divmodsi4.o)
                              ./psmode_operative.o (__divmodsi4)
/usr/lib/gcc/avr/13.2.0/avr5/libgcc.a(_negsi2.o)
                              /usr/lib/gcc/avr/13.2.0/avr5/libgcc.a(_divmodsi4.o) (__negsi2)
/usr/lib/gcc/avr/13.2.0/avr5/libgcc.a(_exit.o)
                              /usr/lib/gcc/avr/13.2.0/../../../../avr/lib/avr5/crtatmega32.o (exit)
/usr/lib/gcc/avr/13.2.0/avr5/libgcc.a(_copy_data.o)
                              ./ikb/ikb.o (__do_copy_data)
/usr/lib/gcc/avr/13.2.0/avr5/libgcc.a(_clear_bss.o)
                              ./timing/timing.o (__do_clear_bss)
/usr/lib/gcc/avr/13.2.0/avr5/libgcc.a(_udivmodsi4.o)
                              /usr/lib/gcc/avr/13.2.0/avr5/libgcc.a(_divmodsi4.o) (__udivmodsi4)
/usr/lib/gcc/avr/13.2.0/../../../../avr/lib/avr5/libm.a(addsf3.o)
                              ./smoothAlg/smoothAlg.o (__subsf3)
/usr/lib/gcc/avr/13.2.0/../../../../avr/lib/avr5/libm.a(addsf3x.o)
                              /usr/lib/gcc/avr/13.2.0/../../../../avr/lib/avr5/libm.a(addsf3.o) (__addsf3x)
/usr/lib/gcc/avr/13.2.0/../../../../avr/lib/avr5/libm.a(cmpsf2.o)
                              ./smoothAlg/smoothAlg.o (__ltsf2)
/usr/lib/gcc/avr/13.2.0/../../../../avr/lib/avr5/libm.a(divsf3.o)
                              ./smoothAlg/smoothAlg.o (__divsf3)
/usr/lib/gcc/avr/13.2.0/../../../../avr/lib/avr5/libm.a(divsf3x.o)
                              /usr/lib/gcc/avr/13.2.0/../../../../avr/lib/avr5/libm.a(divsf3.o) (__divsf3x)
/usr/lib/gcc/avr/13.2.0/../../../../avr/lib/avr5/libm.a(fixsfsi.o)
                              ./pid/pid.o (__fixsfsi)
/usr/lib/gcc/avr/13.2.0/../../../../avr/lib/avr5/libm.a(fixunssfsi.o)
                              /usr/lib/gcc/avr/13.2.0/../../../../avr/lib/avr5/libm.a(fixsfsi.o) (__fixunssfsi)
/usr/lib/gcc/avr/13.2.0/../../../../avr/lib/avr5/libm.a(floatsisf.o)
                              ./MAX6675/MAX6675.o (__floatunsisf)
/usr/lib/gcc/avr/13.2.0/../../../../avr/lib/avr5/libm.a(fp_cmp.o)
                              /usr/lib/gcc/avr/13.2.0/../../../../avr/lib/avr5/libm.a(cmpsf2.o) (__fp_cmp)
/usr/lib/gcc/avr/13.2.0/../../../../avr/lib/avr5/libm.a(fp_inf.o)
                              /usr/lib/gcc/avr/13.2.0/../../../../avr/lib/avr5/libm.a(addsf3x.o) (__fp_inf)
/usr/lib/gcc/avr/13.2.0/../../../../avr/lib/avr5/libm.a(fp_nan.o)
                              /usr/lib/gcc/avr/13.2.0/../../../../avr/lib/avr5/libm.a(addsf3x.o) (__fp_nan)
/usr/lib/gcc/avr/13.2.0/../../../../avr/lib/avr5/libm.a(fp_pscA.o)
                              /usr/lib/gcc/avr/13.2.0/../../../../avr/lib/avr5/libm.a(addsf3x.o) (__fp_pscA)
/usr/lib/gcc/avr/13.2.0/../../../../avr/lib/avr5/libm.a(fp_pscB.o)
                              /usr/lib/gcc/avr/13.2.0/../../../../avr/lib/avr5/libm.a(addsf3x.o) (__fp_pscB)
/usr/lib/gcc/avr/13.2.0/../../../../avr/lib/avr5/libm.a(fp_round.o)
                              /usr/lib/gcc/avr/13.2.0/../../../../avr/lib/avr5/libm.a(addsf3.o) (__fp_round)
/usr/lib/gcc/avr/13.2.0/../../../../avr/lib/avr5/libm.a(fp_split3.o)
                              /usr/lib/gcc/avr/13.2.0/../../../../avr/lib/avr5/libm.a(addsf3x.o) (__fp_split3)
/usr/lib/gcc/avr/13.2.0/../../../../avr/lib/avr5/libm.a(fp_zero.o)
                              /usr/lib/gcc/avr/13.2.0/../../../../avr/lib/avr5/libm.a(addsf3x.o) (__fp_zero)
/usr/lib/gcc/avr/13.2.0/../../../../avr/lib/avr5/libm.a(gesf2.o)
                              ./smoothAlg/smoothAlg.o (__gtsf2)
/usr/lib/gcc/avr/13.2.0/../../../../avr/lib/avr5/libm.a(mulsf3.o)
                              ./smoothAlg/smoothAlg.o (__mulsf3)
/usr/lib/gcc/avr/13.2.0/../../../../avr/lib/avr5/libm.a(mulsf3x.o)
                              /usr/lib/gcc/avr/13.2.0/../../../../avr/lib/avr5/libm.a(mulsf3.o) (__mulsf3x)
/usr/lib/gcc/avr/13.2.0/../../../../avr/lib/avr5/libc.a(memmove.o)
                              ./utils/utils.o (memmove)
/usr/lib/gcc/avr/13.2.0/../../../../avr/lib/avr5/libc.a(memset.o)
                              ./utils/utils.o (memset)
/usr/lib/gcc/avr/13.2.0/../../../../avr/lib/avr5/libc.a(strncpy.o)
                              ./main.o (strncpy)
/usr/lib/gcc/avr/13.2.0/../../../../avr/lib/avr5/libc.a(memcpy.o)
                              /usr/lib/gcc/avr/13.2.0/../../../../avr/lib/avr5/libc.a(memmove.o) (memcpy)
/usr/lib/gcc/avr/13.2.0/../../../../avr/lib/avr5/libatmega32.a(eerd_block.o)
                              ./main.o (eeprom_read_block)
/usr/lib/gcc/avr/13.2.0/../../../../avr/lib/avr5/libatmega32.a(eeupd_block.o)
                              ./main.o (eeprom_update_block)
/usr/lib/gcc/avr/13.2.0/../../../../avr/lib/avr5/libatmega32.a(eeupd_byte.o)
                              /usr/lib/gcc/avr/13.2.0/../../../../avr/lib/avr5/libatmega32.a(eeupd_block.o) (eeprom_update_r18)

Memory Configuration

Name             Origin             Length             Attributes
text             0x0000000000000000 0x0000000000020000 xr
data             0x0000000000800060 0x000000000000ffa0 rw !x
eeprom           0x0000000000810000 0x0000000000010000 rw !x
fuse             0x0000000000820000 0x0000000000000002 rw !x
lock             0x0000000000830000 0x0000000000000400 rw !x
signature        0x0000000000840000 0x0000000000000400 rw !x
user_signatures  0x0000000000850000 0x0000000000000400 rw !x
*default*        0x0000000000000000 0xffffffffffffffff

Linker script and memory map

LOAD /usr/lib/gcc/avr/13.2.0/../../../../avr/lib/avr5/crtatmega32.o
LOAD ./utils/utils.o
LOAD ./timing/timing.o
LOAD ./smoothAlg/smoothAlg.o
LOAD ./pinGetLevel/pinGetLevel.o
LOAD ./pid/pid.o
LOAD ./indicator/indicator.o
LOAD ./ikb/ikb.o
LOAD ./groupdig/groupdig.o
LOAD ./blink/blink.o
LOAD ./adc/adc.o
LOAD ./Temperature/temperature.o
LOAD ./SPI/SPI_01.o
LOAD ./MAX6675/MAX6675.o
LOAD ./Display7S/display7s.o
LOAD ./disp7s_applevel.o
LOAD ./display7s_setup.o
LOAD ./main.o
LOAD ./psmode_operative.o
LOAD ./psmode_program.o
LOAD ./psmode_viewTemp.o
START GROUP
LOAD /usr/lib/gcc/avr/13.2.0/avr5/libgcc.a
LOAD /usr/lib/gcc/avr/13.2.0/../../../../avr/lib/avr5/libm.a
LOAD /usr/lib/gcc/avr/13.2.0/../../../../avr/lib/avr5/libc.a
LOAD /usr/lib/gcc/avr/13.2.0/../../../../avr/lib/avr5/libatmega32.a
END GROUP
                0x0000000000020000                __TEXT_REGION_LENGTH__ = DEFINED (__TEXT_REGION_LENGTH__)?__TEXT_REGION_LENGTH__:0x20000
                0x000000000000ffa0                __DATA_REGION_LENGTH__ = DEFINED (__DATA_REGION_LENGTH__)?__DATA_REGION_LENGTH__:0xffa0
                0x0000000000010000                __EEPROM_REGION_LENGTH__ = DEFINED (__EEPROM_REGION_LENGTH__)?__EEPROM_REGION_LENGTH__:0x10000
                [0x0000000000000002]                __FUSE_REGION_LENGTH__ = DEFINED (__FUSE_REGION_LENGTH__)?__FUSE_REGION_LENGTH__:0x400
                0x0000000000000400                __LOCK_REGION_LENGTH__ = DEFINED (__LOCK_REGION_LENGTH__)?__LOCK_REGION_LENGTH__:0x400
                0x0000000000000400                __SIGNATURE_REGION_LENGTH__ = DEFINED (__SIGNATURE_REGION_LENGTH__)?__SIGNATURE_REGION_LENGTH__:0x400
                0x0000000000000400                __USER_SIGNATURE_REGION_LENGTH__ = DEFINED (__USER_SIGNATURE_REGION_LENGTH__)?__USER_SIGNATURE_REGION_LENGTH__:0x400

.hash
 *(.hash)

.dynsym
 *(.dynsym)

.dynstr
 *(.dynstr)

.gnu.version
 *(.gnu.version)

.gnu.version_d
 *(.gnu.version_d)

.gnu.version_r
 *(.gnu.version_r)

.rel.init
 *(.rel.init)

.rela.init
 *(.rela.init)

.rel.text
 *(.rel.text)
 *(.rel.text.*)
 *(.rel.gnu.linkonce.t*)

.rela.text
 *(.rela.text)
 *(.rela.text.*)
 *(.rela.gnu.linkonce.t*)

.rel.fini
 *(.rel.fini)

.rela.fini
 *(.rela.fini)

.rel.rodata
 *(.rel.rodata)
 *(.rel.rodata.*)
 *(.rel.gnu.linkonce.r*)

.rela.rodata
 *(.rela.rodata)
 *(.rela.rodata.*)
 *(.rela.gnu.linkonce.r*)

.rel.data
 *(.rel.data)
 *(.rel.data.*)
 *(.rel.gnu.linkonce.d*)

.rela.data
 *(.rela.data)
 *(.rela.data.*)
 *(.rela.gnu.linkonce.d*)

.rel.ctors
 *(.rel.ctors)

.rela.ctors
 *(.rela.ctors)

.rel.dtors
 *(.rel.dtors)

.rela.dtors
 *(.rela.dtors)

.rel.got
 *(.rel.got)

.rela.got
 *(.rela.got)

.rel.bss
 *(.rel.bss)

.rela.bss
 *(.rela.bss)

.rel.plt
 *(.rel.plt)

.rela.plt
 *(.rela.plt)

.text           0x0000000000000000     0x3b9e
 *(.vectors)
 .vectors       0x0000000000000000       0x54 /usr/lib/gcc/avr/13.2.0/../../../../avr/lib/avr5/crtatmega32.o
                0x0000000000000000                __vectors
                0x0000000000000000                __vector_default
 *(.vectors)
 *(.progmem.gcc*)
                0x0000000000000054                . = ALIGN (0x2)
                0x0000000000000054                __trampolines_start = .
 *(.trampolines)
 .trampolines   0x0000000000000054        0x0 linker stubs
 *(.trampolines*)
                0x0000000000000054                __trampolines_end = .
 *libprintf_flt.a:*(.progmem.data)
 *libc.a:*(.progmem.data)
 *(.progmem.*)
                0x0000000000000054                . = ALIGN (0x2)
 *(.lowtext)
 *(.lowtext*)
                0x0000000000000054                __ctors_start = .
 *(.ctors)
                0x0000000000000054                __ctors_end = .
                0x0000000000000054                __dtors_start = .
 *(.dtors)
                0x0000000000000054                __dtors_end = .
 SORT_BY_NAME(*)(.ctors)
 SORT_BY_NAME(*)(.dtors)
 *(.init0)
 .init0         0x0000000000000054        0x0 /usr/lib/gcc/avr/13.2.0/../../../../avr/lib/avr5/crtatmega32.o
                0x0000000000000054                __init
 *(.init0)
 *(.init1)
 *(.init1)
 *(.init2)
 .init2         0x0000000000000054        0xc /usr/lib/gcc/avr/13.2.0/../../../../avr/lib/avr5/crtatmega32.o
 *(.init2)
 *(.init3)
 *(.init3)
 *(.init4)
 .init4         0x0000000000000060       0x16 /usr/lib/gcc/avr/13.2.0/avr5/libgcc.a(_copy_data.o)
                0x0000000000000060                __do_copy_data
 .init4         0x0000000000000076       0x10 /usr/lib/gcc/avr/13.2.0/avr5/libgcc.a(_clear_bss.o)
                0x0000000000000076                __do_clear_bss
 *(.init4)
 *(.init5)
 *(.init5)
 *(.init6)
 *(.init6)
 *(.init7)
 *(.init7)
 *(.init8)
 *(.init8)
 *(.init9)
 .init9         0x0000000000000086        0x8 /usr/lib/gcc/avr/13.2.0/../../../../avr/lib/avr5/crtatmega32.o
 *(.init9)
 *(.text)
 .text          0x000000000000008e        0x4 /usr/lib/gcc/avr/13.2.0/../../../../avr/lib/avr5/crtatmega32.o
                0x000000000000008e                __vector_1
                0x000000000000008e                __vector_12
                0x000000000000008e                __bad_interrupt
                0x000000000000008e                __vector_6
                0x000000000000008e                __vector_3
                0x000000000000008e                __vector_11
                0x000000000000008e                __vector_13
                0x000000000000008e                __vector_17
                0x000000000000008e                __vector_19
                0x000000000000008e                __vector_7
                0x000000000000008e                __vector_5
                0x000000000000008e                __vector_4
                0x000000000000008e                __vector_9
                0x000000000000008e                __vector_2
                0x000000000000008e                __vector_15
                0x000000000000008e                __vector_8
                0x000000000000008e                __vector_14
                0x000000000000008e                __vector_16
                0x000000000000008e                __vector_18
                0x000000000000008e                __vector_20
 .text          0x0000000000000092        0x0 ./utils/utils.o
 .text          0x0000000000000092        0x0 ./timing/timing.o
 .text          0x0000000000000092        0x0 ./smoothAlg/smoothAlg.o
 .text          0x0000000000000092        0x0 ./pinGetLevel/pinGetLevel.o
 .text          0x0000000000000092        0x0 ./pid/pid.o
 .text          0x0000000000000092        0x0 ./indicator/indicator.o
 .text          0x0000000000000092        0x0 ./ikb/ikb.o
 .text          0x0000000000000092        0x0 ./groupdig/groupdig.o
 .text          0x0000000000000092        0x0 ./blink/blink.o
 .text          0x0000000000000092        0x0 ./adc/adc.o
 .text          0x0000000000000092        0x0 ./Temperature/temperature.o
 .text          0x0000000000000092        0x0 ./SPI/SPI_01.o
 .text          0x0000000000000092        0x0 ./MAX6675/MAX6675.o
 .text          0x0000000000000092        0x0 ./Display7S/display7s.o
 .text          0x0000000000000092        0x0 ./disp7s_applevel.o
 .text          0x0000000000000092        0x0 ./display7s_setup.o
 .text          0x0000000000000092        0x0 ./main.o
 .text          0x0000000000000092        0x0 ./psmode_operative.o
 .text          0x0000000000000092        0x0 ./psmode_program.o
 .text          0x0000000000000092        0x0 ./psmode_viewTemp.o
 .text          0x0000000000000092        0x0 /usr/lib/gcc/avr/13.2.0/avr5/libgcc.a(_divmodsi4.o)
 .text          0x0000000000000092        0x0 /usr/lib/gcc/avr/13.2.0/avr5/libgcc.a(_negsi2.o)
 .text          0x0000000000000092        0x0 /usr/lib/gcc/avr/13.2.0/avr5/libgcc.a(_exit.o)
 .text          0x0000000000000092        0x0 /usr/lib/gcc/avr/13.2.0/avr5/libgcc.a(_copy_data.o)
 .text          0x0000000000000092        0x0 /usr/lib/gcc/avr/13.2.0/avr5/libgcc.a(_clear_bss.o)
 .text          0x0000000000000092        0x0 /usr/lib/gcc/avr/13.2.0/avr5/libgcc.a(_udivmodsi4.o)
 .text          0x0000000000000092        0x0 /usr/lib/gcc/avr/13.2.0/../../../../avr/lib/avr5/libm.a(addsf3.o)
 .text          0x0000000000000092        0x0 /usr/lib/gcc/avr/13.2.0/../../../../avr/lib/avr5/libm.a(addsf3x.o)
 .text          0x0000000000000092        0x0 /usr/lib/gcc/avr/13.2.0/../../../../avr/lib/avr5/libm.a(cmpsf2.o)
 .text          0x0000000000000092        0x0 /usr/lib/gcc/avr/13.2.0/../../../../avr/lib/avr5/libm.a(divsf3.o)
 .text          0x0000000000000092        0x0 /usr/lib/gcc/avr/13.2.0/../../../../avr/lib/avr5/libm.a(divsf3x.o)
 .text          0x0000000000000092        0x0 /usr/lib/gcc/avr/13.2.0/../../../../avr/lib/avr5/libm.a(fixsfsi.o)
 .text          0x0000000000000092        0x0 /usr/lib/gcc/avr/13.2.0/../../../../avr/lib/avr5/libm.a(fixunssfsi.o)
 .text          0x0000000000000092        0x0 /usr/lib/gcc/avr/13.2.0/../../../../avr/lib/avr5/libm.a(floatsisf.o)
 .text          0x0000000000000092        0x0 /usr/lib/gcc/avr/13.2.0/../../../../avr/lib/avr5/libm.a(fp_cmp.o)
 .text          0x0000000000000092        0x0 /usr/lib/gcc/avr/13.2.0/../../../../avr/lib/avr5/libm.a(fp_inf.o)
 .text          0x0000000000000092        0x0 /usr/lib/gcc/avr/13.2.0/../../../../avr/lib/avr5/libm.a(fp_nan.o)
 .text          0x0000000000000092        0x0 /usr/lib/gcc/avr/13.2.0/../../../../avr/lib/avr5/libm.a(fp_pscA.o)
 .text          0x0000000000000092        0x0 /usr/lib/gcc/avr/13.2.0/../../../../avr/lib/avr5/libm.a(fp_pscB.o)
 .text          0x0000000000000092        0x0 /usr/lib/gcc/avr/13.2.0/../../../../avr/lib/avr5/libm.a(fp_round.o)
 .text          0x0000000000000092        0x0 /usr/lib/gcc/avr/13.2.0/../../../../avr/lib/avr5/libm.a(fp_split3.o)
 .text          0x0000000000000092        0x0 /usr/lib/gcc/avr/13.2.0/../../../../avr/lib/avr5/libm.a(fp_zero.o)
 .text          0x0000000000000092        0x0 /usr/lib/gcc/avr/13.2.0/../../../../avr/lib/avr5/libm.a(gesf2.o)
 .text          0x0000000000000092        0x0 /usr/lib/gcc/avr/13.2.0/../../../../avr/lib/avr5/libm.a(mulsf3.o)
 .text          0x0000000000000092        0x0 /usr/lib/gcc/avr/13.2.0/../../../../avr/lib/avr5/libm.a(mulsf3x.o)
 .text          0x0000000000000092        0x0 /usr/lib/gcc/avr/13.2.0/../../../../avr/lib/avr5/libc.a(memmove.o)
 .text          0x0000000000000092        0x0 /usr/lib/gcc/avr/13.2.0/../../../../avr/lib/avr5/libc.a(memset.o)
 .text          0x0000000000000092        0x0 /usr/lib/gcc/avr/13.2.0/../../../../avr/lib/avr5/libc.a(strncpy.o)
 .text          0x0000000000000092        0x0 /usr/lib/gcc/avr/13.2.0/../../../../avr/lib/avr5/libc.a(memcpy.o)
 .text          0x0000000000000092        0x0 /usr/lib/gcc/avr/13.2.0/../../../../avr/lib/avr5/libatmega32.a(eerd_block.o)
 .text          0x0000000000000092        0x0 /usr/lib/gcc/avr/13.2.0/../../../../avr/lib/avr5/libatmega32.a(eeupd_block.o)
 .text          0x0000000000000092        0x0 /usr/lib/gcc/avr/13.2.0/../../../../avr/lib/avr5/libatmega32.a(eeupd_byte.o)
                0x0000000000000092                . = ALIGN (0x2)
 *(.text.*)
 .text.integer_to_arraybcd_msb_lsb
                0x0000000000000092      0x12c ./utils/utils.o
                0x0000000000000092                integer_to_arraybcd_msb_lsb
 .text.paddingLeftw_
                0x00000000000001be       0xb4 ./utils/utils.o
                0x00000000000001be                paddingLeftw_
 .text.paddingLeftwZeroes
                0x0000000000000272        0x6 ./utils/utils.o
                0x0000000000000272                paddingLeftwZeroes
 .text.paddingLeftwBlanks
                0x0000000000000278        0x6 ./utils/utils.o
                0x0000000000000278                paddingLeftwBlanks
 .text.time_set
                0x000000000000027e        0x2 ./timing/timing.o
                0x000000000000027e                time_set
 .text.time_dec
                0x0000000000000280       0x3a ./timing/timing.o
                0x0000000000000280                time_dec
 .text.time_inc
                0x00000000000002ba       0x42 ./timing/timing.o
                0x00000000000002ba                time_inc
 .text.smoothAlg_nonblock
                0x00000000000002fc      0x23c ./smoothAlg/smoothAlg.o
                0x00000000000002fc                smoothAlg_nonblock
 .text.pinGetLevel_0
                0x0000000000000538        0xa ./pinGetLevel/pinGetLevel.o
 .text.pinGetLevel_init
                0x0000000000000542       0x3a ./pinGetLevel/pinGetLevel.o
                0x0000000000000542                pinGetLevel_init
 .text.pinGetLevel_job
                0x000000000000057c       0xbc ./pinGetLevel/pinGetLevel.o
                0x000000000000057c                pinGetLevel_job
 .text.pid_pwm_set_pin
                0x0000000000000638       0x28 ./pid/pid.o
                0x0000000000000638                pid_pwm_set_pin
 .text.pid_pwm_stablish_levelpin
                0x0000000000000660       0x32 ./pid/pid.o
                0x0000000000000660                pid_pwm_stablish_levelpin
 .text.pid_find_ktop_ms
                0x0000000000000692      0x108 ./pid/pid.o
                0x0000000000000692                pid_find_ktop_ms
 .text.pid_get_output
                0x000000000000079a       0xd8 ./pid/pid.o
                0x000000000000079a                pid_get_output
 .text.pid_pwm_control
                0x0000000000000872       0xc4 ./pid/pid.o
                0x0000000000000872                pid_pwm_control
 .text.pid_job  0x0000000000000936      0x144 ./pid/pid.o
                0x0000000000000936                pid_job
 .text.indicator_setPortPin
                0x0000000000000a7a        0xc ./indicator/indicator.o
                0x0000000000000a7a                indicator_setPortPin
 .text.indicatorTimed_setKSysTickTime_ms
                0x0000000000000a86        0xa ./indicator/indicator.o
                0x0000000000000a86                indicatorTimed_setKSysTickTime_ms
 .text.indicatorTimed_run
                0x0000000000000a90        0x8 ./indicator/indicator.o
                0x0000000000000a90                indicatorTimed_run
 .text.indicatorTimed_stop
                0x0000000000000a98       0x26 ./indicator/indicator.o
                0x0000000000000a98                indicatorTimed_stop
 .text.indicatorTimed_cycle_start
                0x0000000000000abe        0x8 ./indicator/indicator.o
                0x0000000000000abe                indicatorTimed_cycle_start
 .text.indicator_on
                0x0000000000000ac6       0x20 ./indicator/indicator.o
                0x0000000000000ac6                indicator_on
 .text.indicator_off
                0x0000000000000ae6       0x26 ./indicator/indicator.o
                0x0000000000000ae6                indicator_off
 .text.indicatorTimed_job
                0x0000000000000b0c      0x120 ./indicator/indicator.o
                0x0000000000000b0c                indicatorTimed_job
 .text.keyRead_pin_key0
                0x0000000000000c2c        0x8 ./ikb/ikb.o
 .text.keyRead_pin_key1
                0x0000000000000c34        0x6 ./ikb/ikb.o
 .text.keyRead_pin_key2
                0x0000000000000c3a        0xa ./ikb/ikb.o
 .text.keyRead_pin_key3
                0x0000000000000c44        0xa ./ikb/ikb.o
 .text.keyRead_pin_key4
                0x0000000000000c4e        0x8 ./ikb/ikb.o
 .text.keyRead_pin_key5
                0x0000000000000c56        0x6 ./ikb/ikb.o
 .text.keyRead_pin_key6
                0x0000000000000c5c        0xa ./ikb/ikb.o
 .text.ikb_setKeyProp
                0x0000000000000c66       0x46 ./ikb/ikb.o
                0x0000000000000c66                ikb_setKeyProp
 .text.ikb_init
                0x0000000000000cac      0x17e ./ikb/ikb.o
                0x0000000000000cac                ikb_init
 .text.ikb_flush
                0x0000000000000e2a       0x48 ./ikb/ikb.o
                0x0000000000000e2a                ikb_flush
 .text.ikb_get_AtTimeExpired_BeforeOrAfter
                0x0000000000000e72       0x16 ./ikb/ikb.o
                0x0000000000000e72                ikb_get_AtTimeExpired_BeforeOrAfter
 .text.ikb_key_is_ready2read
                0x0000000000000e88       0x14 ./ikb/ikb.o
                0x0000000000000e88                ikb_key_is_ready2read
 .text.ikb_set_ready2read
                0x0000000000000e9c       0x14 ./ikb/ikb.o
                0x0000000000000e9c                ikb_set_ready2read
 .text.ikb_key_was_read
                0x0000000000000eb0       0x14 ./ikb/ikb.o
                0x0000000000000eb0                ikb_key_was_read
 .text.ikb_execfunct
                0x0000000000000ec4       0x14 ./ikb/ikb.o
                0x0000000000000ec4                ikb_execfunct
 .text.ikb_getKeyState
                0x0000000000000ed8       0x12 ./ikb/ikb.o
                0x0000000000000ed8                ikb_getKeyState
 .text.ikb_getKeyStartPressed
                0x0000000000000eea       0x16 ./ikb/ikb.o
                0x0000000000000eea                ikb_getKeyStartPressed
 .text.ikb_clearKeyStartPressed
                0x0000000000000f00       0x14 ./ikb/ikb.o
                0x0000000000000f00                ikb_clearKeyStartPressed
 .text.ikey_scan
                0x0000000000000f14       0xce ./ikb/ikb.o
                0x0000000000000f14                ikey_scan
 .text.ikb_inReptt
                0x0000000000000fe2       0x1a ./ikb/ikb.o
                0x0000000000000fe2                ikb_inReptt
 .text.ikey_parsing
                0x0000000000000ffc      0x3b8 ./ikb/ikb.o
                0x0000000000000ffc                ikey_parsing
 .text.ikb_job  0x00000000000013b4        0x8 ./ikb/ikb.o
                0x00000000000013b4                ikb_job
 .text.ikey_is_all_hw_released
                0x00000000000013bc       0x3e ./ikb/ikb.o
                0x00000000000013bc                ikey_is_all_hw_released
 .text.ikey_clear_all_flag
                0x00000000000013fa       0x48 ./ikb/ikb.o
                0x00000000000013fa                ikey_clear_all_flag
 .text.ikey_is_all_process_finished
                0x0000000000001442       0x42 ./ikb/ikb.o
                0x0000000000001442                ikey_is_all_process_finished
 .text.groupDig_setStrDig
                0x0000000000001484        0xa ./groupdig/groupdig.o
                0x0000000000001484                groupDig_setStrDig
 .text.blink_set
                0x000000000000148e        0xa ./blink/blink.o
                0x000000000000148e                blink_set
 .text.blink_reset
                0x0000000000001498       0x1a ./blink/blink.o
                0x0000000000001498                blink_reset
 .text.blink_timing
                0x00000000000014b2       0x32 ./blink/blink.o
                0x00000000000014b2                blink_timing
 .text.ADC_set_channel
                0x00000000000014e4        0xc ./adc/adc.o
                0x00000000000014e4                ADC_set_channel
 .text.ADC_set_reference
                0x00000000000014f0       0x12 ./adc/adc.o
                0x00000000000014f0                ADC_set_reference
 .text.ADC_set_prescaler
                0x0000000000001502        0xa ./adc/adc.o
                0x0000000000001502                ADC_set_prescaler
 .text.ADC_enable
                0x000000000000150c        0x4 ./adc/adc.o
                0x000000000000150c                ADC_enable
 .text.ADC_disable
                0x0000000000001510        0x4 ./adc/adc.o
                0x0000000000001510                ADC_disable
 .text.ADC_set_adjust
                0x0000000000001514        0xc ./adc/adc.o
                0x0000000000001514                ADC_set_adjust
 .text.ADC_get_resultH
                0x0000000000001520        0x4 ./adc/adc.o
                0x0000000000001520                ADC_get_resultH
 .text.ADC_get_resultL
                0x0000000000001524        0x4 ./adc/adc.o
                0x0000000000001524                ADC_get_resultL
 .text.ADC_init
                0x0000000000001528       0x36 ./adc/adc.o
                0x0000000000001528                ADC_init
 .text.ADC_start_conv
                0x000000000000155e        0xe ./adc/adc.o
                0x000000000000155e                ADC_start_conv
 .text.ADC_start_and_wait_conv
                0x000000000000156c       0x12 ./adc/adc.o
                0x000000000000156c                ADC_start_and_wait_conv
 .text.ADC_read
                0x000000000000157e       0x50 ./adc/adc.o
                0x000000000000157e                ADC_read
 .text.MAX6675_formatText3dig
                0x00000000000015ce       0x76 ./Temperature/temperature.o
                0x00000000000015ce                MAX6675_formatText3dig
 .text.MAX6675_accSamples
                0x0000000000001644       0x78 ./Temperature/temperature.o
                0x0000000000001644                MAX6675_accSamples
 .text.MAX6675_smoothAlg_nonblock_job
                0x00000000000016bc       0xa6 ./Temperature/temperature.o
                0x00000000000016bc                MAX6675_smoothAlg_nonblock_job
 .text.temperature_job
                0x0000000000001762      0x196 ./Temperature/temperature.o
                0x0000000000001762                temperature_job
 .text.InitSPI_MASTER
                0x00000000000018f8        0xc ./SPI/SPI_01.o
                0x00000000000018f8                InitSPI_MASTER
 .text.SPI_MSTR_ExchangeData
                0x0000000000001904        0xa ./SPI/SPI_01.o
                0x0000000000001904                SPI_MSTR_ExchangeData
 .text.MAX6675_getFloatTmprCelsius
                0x000000000000190e       0x80 ./MAX6675/MAX6675.o
                0x000000000000190e                MAX6675_getFloatTmprCelsius
 .text.MAX6675_get12bitsTemp
                0x000000000000198e       0x52 ./MAX6675/MAX6675.o
                0x000000000000198e                MAX6675_get12bitsTemp
 .text.disp7s_setup
                0x00000000000019e0       0x1e ./Display7S/display7s.o
                0x00000000000019e0                disp7s_setup
 .text.disp7s_job
                0x00000000000019fe       0x8e ./Display7S/display7s.o
                0x00000000000019fe                disp7s_job
 .text.disp7s_fix_upsidedown_display
                0x0000000000001a8c       0x1e ./disp7s_applevel.o
                0x0000000000001a8c                disp7s_fix_upsidedown_display
 .text.disp7s_fix_all_upsidedown_display
                0x0000000000001aaa       0x3a ./disp7s_applevel.o
                0x0000000000001aaa                disp7s_fix_all_upsidedown_display
 .text.disp7s_blank_displays
                0x0000000000001ae4       0x1e ./disp7s_applevel.o
                0x0000000000001ae4                disp7s_blank_displays
 .text.disp7s_update_data_array
                0x0000000000001b02       0x20 ./disp7s_applevel.o
                0x0000000000001b02                disp7s_update_data_array
 .text.disp7s_save_data_array
                0x0000000000001b22       0x68 ./disp7s_applevel.o
                0x0000000000001b22                disp7s_save_data_array
 .text.disp7s_clear_all
                0x0000000000001b8a       0x10 ./disp7s_applevel.o
                0x0000000000001b8a                disp7s_clear_all
 .text.integer_to_arraybcd_msb_lsb_paddingleft_blank
                0x0000000000001b9a      0x196 ./disp7s_applevel.o
                0x0000000000001b9a                integer_to_arraybcd_msb_lsb_paddingleft_blank
 .text.integer_to_arraybcd_msb_lsb_paddingleft_zeroes
                0x0000000000001d30      0x194 ./disp7s_applevel.o
                0x0000000000001d30                integer_to_arraybcd_msb_lsb_paddingleft_zeroes
 .text.disp7s_decimalpoint_on
                0x0000000000001ec4        0xa ./disp7s_applevel.o
                0x0000000000001ec4                disp7s_decimalpoint_on
 .text.disp7s_decimalpoint_off
                0x0000000000001ece        0xa ./disp7s_applevel.o
                0x0000000000001ece                disp7s_decimalpoint_off
 .text.disp7s_mux0_off
                0x0000000000001ed8        0x4 ./display7s_setup.o
 .text.disp7s_mux0_on
                0x0000000000001edc        0x4 ./display7s_setup.o
 .text.disp7s_mux1_off
                0x0000000000001ee0        0x4 ./display7s_setup.o
 .text.disp7s_mux1_on
                0x0000000000001ee4        0x4 ./display7s_setup.o
 .text.disp7s_mux2_off
                0x0000000000001ee8        0x4 ./display7s_setup.o
 .text.disp7s_mux2_on
                0x0000000000001eec        0x4 ./display7s_setup.o
 .text.disp7s_mux3_off
                0x0000000000001ef0        0x4 ./display7s_setup.o
 .text.disp7s_mux3_on
                0x0000000000001ef4        0x4 ./display7s_setup.o
 .text.disp7s_mux4_off
                0x0000000000001ef8        0x4 ./display7s_setup.o
 .text.disp7s_mux4_on
                0x0000000000001efc        0x4 ./display7s_setup.o
 .text.disp7s_mux5_off
                0x0000000000001f00        0x4 ./display7s_setup.o
 .text.disp7s_mux5_on
                0x0000000000001f04        0x4 ./display7s_setup.o
 .text.disp7s_mux6_off
                0x0000000000001f08        0x4 ./display7s_setup.o
 .text.disp7s_mux6_on
                0x0000000000001f0c        0x4 ./display7s_setup.o
 .text.disp7s_mux7_off
                0x0000000000001f10        0x4 ./display7s_setup.o
 .text.disp7s_mux7_on
                0x0000000000001f14        0x4 ./display7s_setup.o
 .text.disp7s_init
                0x0000000000001f18       0x46 ./display7s_setup.o
                0x0000000000001f18                disp7s_init
 .text.mypid0_set
                0x0000000000001f5e       0x6a ./main.o
                0x0000000000001f5e                mypid0_set
 .text.mypid0_adjust_kei_windup
                0x0000000000001fc8       0x2c ./main.o
                0x0000000000001fc8                mypid0_adjust_kei_windup
 .text.kbmode_default
                0x0000000000001ff4       0xbc ./main.o
                0x0000000000001ff4                kbmode_default
 .text.kbmode_2basket_set_default
                0x00000000000020b0       0x10 ./main.o
                0x00000000000020b0                kbmode_2basket_set_default
 .text.fryer_init
                0x00000000000020c0       0x34 ./main.o
                0x00000000000020c0                fryer_init
 .text.startup.main
                0x00000000000020f4      0x620 ./main.o
                0x00000000000020f4                main
 .text.__vector_10
                0x0000000000002714       0x18 ./main.o
                0x0000000000002714                __vector_10
 .text.build_cookCycle_string
                0x000000000000272c       0x84 ./psmode_operative.o
                0x000000000000272c                build_cookCycle_string
 .text.cookCycle_hotUpdate
                0x00000000000027b0       0xa6 ./psmode_operative.o
                0x00000000000027b0                cookCycle_hotUpdate
 .text.psmode_operative_init
                0x0000000000002856      0x160 ./psmode_operative.o
                0x0000000000002856                psmode_operative_init
 .text.p1       0x00000000000029b6      0x532 ./psmode_operative.o
                0x00000000000029b6                p1
 .text.p2       0x0000000000002ee8      0x16c ./psmode_operative.o
                0x0000000000002ee8                p2
 .text.p3       0x0000000000003054      0x176 ./psmode_operative.o
                0x0000000000003054                p3
 .text.psmode_operative
                0x00000000000031ca       0x70 ./psmode_operative.o
                0x00000000000031ca                psmode_operative
 .text.psmode_program
                0x000000000000323a      0x2a8 ./psmode_program.o
                0x000000000000323a                psmode_program
 .text.psmode_viewTemp
                0x00000000000034e2       0xf6 ./psmode_viewTemp.o
                0x00000000000034e2                psmode_viewTemp
 .text.libgcc.mul
                0x00000000000035d8        0x0 /usr/lib/gcc/avr/13.2.0/avr5/libgcc.a(_divmodsi4.o)
 .text.libgcc.div
                0x00000000000035d8       0x2e /usr/lib/gcc/avr/13.2.0/avr5/libgcc.a(_divmodsi4.o)
                0x00000000000035d8                __divmodsi4
 .text.libgcc   0x0000000000003606        0x0 /usr/lib/gcc/avr/13.2.0/avr5/libgcc.a(_divmodsi4.o)
 .text.libgcc.prologue
                0x0000000000003606        0x0 /usr/lib/gcc/avr/13.2.0/avr5/libgcc.a(_divmodsi4.o)
 .text.libgcc.builtins
                0x0000000000003606        0x0 /usr/lib/gcc/avr/13.2.0/avr5/libgcc.a(_divmodsi4.o)
 .text.libgcc.fmul
                0x0000000000003606        0x0 /usr/lib/gcc/avr/13.2.0/avr5/libgcc.a(_divmodsi4.o)
 .text.libgcc.fixed
                0x0000000000003606        0x0 /usr/lib/gcc/avr/13.2.0/avr5/libgcc.a(_divmodsi4.o)
 .text.libgcc.mul
                0x0000000000003606        0x0 /usr/lib/gcc/avr/13.2.0/avr5/libgcc.a(_negsi2.o)
 .text.libgcc.div
                0x0000000000003606       0x10 /usr/lib/gcc/avr/13.2.0/avr5/libgcc.a(_negsi2.o)
                0x0000000000003606                __negsi2
 .text.libgcc   0x0000000000003616        0x0 /usr/lib/gcc/avr/13.2.0/avr5/libgcc.a(_negsi2.o)
 .text.libgcc.prologue
                0x0000000000003616        0x0 /usr/lib/gcc/avr/13.2.0/avr5/libgcc.a(_negsi2.o)
 .text.libgcc.builtins
                0x0000000000003616        0x0 /usr/lib/gcc/avr/13.2.0/avr5/libgcc.a(_negsi2.o)
 .text.libgcc.fmul
                0x0000000000003616        0x0 /usr/lib/gcc/avr/13.2.0/avr5/libgcc.a(_negsi2.o)
 .text.libgcc.fixed
                0x0000000000003616        0x0 /usr/lib/gcc/avr/13.2.0/avr5/libgcc.a(_negsi2.o)
 .text.libgcc.mul
                0x0000000000003616        0x0 /usr/lib/gcc/avr/13.2.0/avr5/libgcc.a(_exit.o)
 .text.libgcc.div
                0x0000000000003616        0x0 /usr/lib/gcc/avr/13.2.0/avr5/libgcc.a(_exit.o)
 .text.libgcc   0x0000000000003616        0x0 /usr/lib/gcc/avr/13.2.0/avr5/libgcc.a(_exit.o)
 .text.libgcc.prologue
                0x0000000000003616        0x0 /usr/lib/gcc/avr/13.2.0/avr5/libgcc.a(_exit.o)
 .text.libgcc.builtins
                0x0000000000003616        0x0 /usr/lib/gcc/avr/13.2.0/avr5/libgcc.a(_exit.o)
 .text.libgcc.fmul
                0x0000000000003616        0x0 /usr/lib/gcc/avr/13.2.0/avr5/libgcc.a(_exit.o)
 .text.libgcc.fixed
                0x0000000000003616        0x0 /usr/lib/gcc/avr/13.2.0/avr5/libgcc.a(_exit.o)
 .text.libgcc.mul
                0x0000000000003616        0x0 /usr/lib/gcc/avr/13.2.0/avr5/libgcc.a(_copy_data.o)
 .text.libgcc.div
                0x0000000000003616        0x0 /usr/lib/gcc/avr/13.2.0/avr5/libgcc.a(_copy_data.o)
 .text.libgcc   0x0000000000003616        0x0 /usr/lib/gcc/avr/13.2.0/avr5/libgcc.a(_copy_data.o)
 .text.libgcc.prologue
                0x0000000000003616        0x0 /usr/lib/gcc/avr/13.2.0/avr5/libgcc.a(_copy_data.o)
 .text.libgcc.builtins
                0x0000000000003616        0x0 /usr/lib/gcc/avr/13.2.0/avr5/libgcc.a(_copy_data.o)
 .text.libgcc.fmul
                0x0000000000003616        0x0 /usr/lib/gcc/avr/13.2.0/avr5/libgcc.a(_copy_data.o)
 .text.libgcc.fixed
                0x0000000000003616        0x0 /usr/lib/gcc/avr/13.2.0/avr5/libgcc.a(_copy_data.o)
 .text.libgcc.mul
                0x0000000000003616        0x0 /usr/lib/gcc/avr/13.2.0/avr5/libgcc.a(_clear_bss.o)
 .text.libgcc.div
                0x0000000000003616        0x0 /usr/lib/gcc/avr/13.2.0/avr5/libgcc.a(_clear_bss.o)
 .text.libgcc   0x0000000000003616        0x0 /usr/lib/gcc/avr/13.2.0/avr5/libgcc.a(_clear_bss.o)
 .text.libgcc.prologue
                0x0000000000003616        0x0 /usr/lib/gcc/avr/13.2.0/avr5/libgcc.a(_clear_bss.o)
 .text.libgcc.builtins
                0x0000000000003616        0x0 /usr/lib/gcc/avr/13.2.0/avr5/libgcc.a(_clear_bss.o)
 .text.libgcc.fmul
                0x0000000000003616        0x0 /usr/lib/gcc/avr/13.2.0/avr5/libgcc.a(_clear_bss.o)
 .text.libgcc.fixed
                0x0000000000003616        0x0 /usr/lib/gcc/avr/13.2.0/avr5/libgcc.a(_clear_bss.o)
 .text.libgcc.mul
                0x0000000000003616        0x0 /usr/lib/gcc/avr/13.2.0/avr5/libgcc.a(_udivmodsi4.o)
 .text.libgcc.div
                0x0000000000003616       0x44 /usr/lib/gcc/avr/13.2.0/avr5/libgcc.a(_udivmodsi4.o)
                0x0000000000003616                __udivmodsi4
 .text.libgcc   0x000000000000365a        0x0 /usr/lib/gcc/avr/13.2.0/avr5/libgcc.a(_udivmodsi4.o)
 .text.libgcc.prologue
                0x000000000000365a        0x0 /usr/lib/gcc/avr/13.2.0/avr5/libgcc.a(_udivmodsi4.o)
 .text.libgcc.builtins
                0x000000000000365a        0x0 /usr/lib/gcc/avr/13.2.0/avr5/libgcc.a(_udivmodsi4.o)
 .text.libgcc.fmul
                0x000000000000365a        0x0 /usr/lib/gcc/avr/13.2.0/avr5/libgcc.a(_udivmodsi4.o)
 .text.libgcc.fixed
                0x000000000000365a        0x0 /usr/lib/gcc/avr/13.2.0/avr5/libgcc.a(_udivmodsi4.o)
 .text.avr-libc.fplib
                0x000000000000365a        0xe /usr/lib/gcc/avr/13.2.0/../../../../avr/lib/avr5/libm.a(addsf3.o)
                0x000000000000365a                __subsf3
                0x000000000000365c                __addsf3
 .text.avr-libc.fplib
                0x0000000000003668       0xcc /usr/lib/gcc/avr/13.2.0/../../../../avr/lib/avr5/libm.a(addsf3x.o)
                0x000000000000368a                __addsf3x
 .text.avr-libc.fplib
                0x0000000000003734        0xa /usr/lib/gcc/avr/13.2.0/../../../../avr/lib/avr5/libm.a(cmpsf2.o)
                0x0000000000003734                __lesf2
                0x0000000000003734                __nesf2
                0x0000000000003734                __eqsf2
                0x0000000000003734                __cmpsf2
                0x0000000000003734                __ltsf2
 .text.avr-libc.fplib
                0x000000000000373e        0x8 /usr/lib/gcc/avr/13.2.0/../../../../avr/lib/avr5/libm.a(divsf3.o)
                0x000000000000373e                __divsf3
 .text.avr-libc.fplib
                0x0000000000003746       0xdc /usr/lib/gcc/avr/13.2.0/../../../../avr/lib/avr5/libm.a(divsf3x.o)
                0x0000000000003766                __divsf3x
                0x000000000000376c                __divsf3_pse
 .text.avr-libc.fplib
                0x0000000000003822        0xe /usr/lib/gcc/avr/13.2.0/../../../../avr/lib/avr5/libm.a(fixsfsi.o)
                0x0000000000003822                __fixsfsi
 .text.avr-libc.fplib
                0x0000000000003830       0x5e /usr/lib/gcc/avr/13.2.0/../../../../avr/lib/avr5/libm.a(fixunssfsi.o)
                0x0000000000003830                __fixunssfsi
 .text.avr-libc.fplib
                0x000000000000388e       0x7a /usr/lib/gcc/avr/13.2.0/../../../../avr/lib/avr5/libm.a(floatsisf.o)
                0x000000000000388e                __floatunsisf
                0x0000000000003892                __floatsisf
 .text.avr-libc.fplib
                0x0000000000003908       0x48 /usr/lib/gcc/avr/13.2.0/../../../../avr/lib/avr5/libm.a(fp_cmp.o)
                0x0000000000003908                __fp_cmp
 .text.avr-libc.fplib
                0x0000000000003950        0xc /usr/lib/gcc/avr/13.2.0/../../../../avr/lib/avr5/libm.a(fp_inf.o)
                0x0000000000003950                __fp_inf
 .text.avr-libc.fplib
                0x000000000000395c        0x6 /usr/lib/gcc/avr/13.2.0/../../../../avr/lib/avr5/libm.a(fp_nan.o)
                0x000000000000395c                __fp_nan
 .text.avr-libc.fplib
                0x0000000000003962        0xe /usr/lib/gcc/avr/13.2.0/../../../../avr/lib/avr5/libm.a(fp_pscA.o)
                0x0000000000003962                __fp_pscA
 .text.avr-libc.fplib
                0x0000000000003970        0xe /usr/lib/gcc/avr/13.2.0/../../../../avr/lib/avr5/libm.a(fp_pscB.o)
                0x0000000000003970                __fp_pscB
 .text.avr-libc.fplib
                0x000000000000397e       0x22 /usr/lib/gcc/avr/13.2.0/../../../../avr/lib/avr5/libm.a(fp_round.o)
                0x000000000000397e                __fp_round
 .text.avr-libc.fplib
                0x00000000000039a0       0x44 /usr/lib/gcc/avr/13.2.0/../../../../avr/lib/avr5/libm.a(fp_split3.o)
                0x00000000000039a0                __fp_split3
                0x00000000000039b0                __fp_splitA
 .text.avr-libc.fplib
                0x00000000000039e4        0xe /usr/lib/gcc/avr/13.2.0/../../../../avr/lib/avr5/libm.a(fp_zero.o)
                0x00000000000039e4                __fp_zero
                0x00000000000039e6                __fp_szero
 .text.avr-libc.fplib
                0x00000000000039f2        0xa /usr/lib/gcc/avr/13.2.0/../../../../avr/lib/avr5/libm.a(gesf2.o)
                0x00000000000039f2                __gtsf2
                0x00000000000039f2                __gesf2
 .text.avr-libc.fplib
                0x00000000000039fc        0x8 /usr/lib/gcc/avr/13.2.0/../../../../avr/lib/avr5/libm.a(mulsf3.o)
                0x00000000000039fc                __mulsf3
 .text.avr-libc.fplib
                0x0000000000003a04       0xd2 /usr/lib/gcc/avr/13.2.0/../../../../avr/lib/avr5/libm.a(mulsf3x.o)
                0x0000000000003a22                __mulsf3x
                0x0000000000003a28                __mulsf3_pse
 .text.avr-libc
                0x0000000000003ad6       0x24 /usr/lib/gcc/avr/13.2.0/../../../../avr/lib/avr5/libc.a(memmove.o)
                0x0000000000003ad6                memmove
 .text.avr-libc
                0x0000000000003afa        0xe /usr/lib/gcc/avr/13.2.0/../../../../avr/lib/avr5/libc.a(memset.o)
                0x0000000000003afa                memset
 .text.avr-libc
                0x0000000000003b08       0x1e /usr/lib/gcc/avr/13.2.0/../../../../avr/lib/avr5/libc.a(strncpy.o)
                0x0000000000003b08                strncpy
 .text.avr-libc
                0x0000000000003b26       0x12 /usr/lib/gcc/avr/13.2.0/../../../../avr/lib/avr5/libc.a(memcpy.o)
                0x0000000000003b26                memcpy
 .text.avr-libc
                0x0000000000003b38       0x20 /usr/lib/gcc/avr/13.2.0/../../../../avr/lib/avr5/libatmega32.a(eerd_block.o)
                0x0000000000003b38                eeprom_read_block
                0x0000000000003b3c                eeprom_read_blraw
 .text.avr-libc
                0x0000000000003b58       0x20 /usr/lib/gcc/avr/13.2.0/../../../../avr/lib/avr5/libatmega32.a(eeupd_block.o)
                0x0000000000003b58                eeprom_update_block
 .text.avr-libc
                0x0000000000003b78       0x22 /usr/lib/gcc/avr/13.2.0/../../../../avr/lib/avr5/libatmega32.a(eeupd_byte.o)
                0x0000000000003b78                eeprom_update_byte
                0x0000000000003b7a                eeprom_update_r18
                0x0000000000003b9a                . = ALIGN (0x2)
 *(.fini9)
 .fini9         0x0000000000003b9a        0x0 /usr/lib/gcc/avr/13.2.0/avr5/libgcc.a(_exit.o)
                0x0000000000003b9a                exit
                0x0000000000003b9a                _exit
 *(.fini9)
 *(.fini8)
 *(.fini8)
 *(.fini7)
 *(.fini7)
 *(.fini6)
 *(.fini6)
 *(.fini5)
 *(.fini5)
 *(.fini4)
 *(.fini4)
 *(.fini3)
 *(.fini3)
 *(.fini2)
 *(.fini2)
 *(.fini1)
 *(.fini1)
 *(.fini0)
 .fini0         0x0000000000003b9a        0x4 /usr/lib/gcc/avr/13.2.0/avr5/libgcc.a(_exit.o)
 *(.fini0)
 *(.hightext)
 *(.hightext*)
 *(.progmemx.*)
                0x0000000000003b9e                . = ALIGN (0x2)
 *(.jumptables)
 *(.jumptables*)
                0x0000000000003b9e                _etext = .

.data           0x0000000000800060       0xae load address 0x0000000000003b9e
                0x0000000000800060                PROVIDE (__data_start = .)
 *(.data)
 .data          0x0000000000800060        0x0 /usr/lib/gcc/avr/13.2.0/../../../../avr/lib/avr5/crtatmega32.o
 .data          0x0000000000800060        0x0 ./utils/utils.o
 .data          0x0000000000800060        0x0 ./timing/timing.o
 .data          0x0000000000800060        0x0 ./smoothAlg/smoothAlg.o
 .data          0x0000000000800060        0x0 ./pinGetLevel/pinGetLevel.o
 .data          0x0000000000800060        0x0 ./pid/pid.o
 .data          0x0000000000800060        0x0 ./indicator/indicator.o
 .data          0x0000000000800060        0x0 ./ikb/ikb.o
 .data          0x0000000000800060        0x0 ./groupdig/groupdig.o
 .data          0x0000000000800060        0x0 ./blink/blink.o
 .data          0x0000000000800060        0x0 ./adc/adc.o
 .data          0x0000000000800060        0x0 ./Temperature/temperature.o
 .data          0x0000000000800060        0x0 ./SPI/SPI_01.o
 .data          0x0000000000800060        0x0 ./MAX6675/MAX6675.o
 .data          0x0000000000800060        0x0 ./Display7S/display7s.o
 .data          0x0000000000800060        0x0 ./disp7s_applevel.o
 .data          0x0000000000800060        0x0 ./display7s_setup.o
 .data          0x0000000000800060        0x0 ./main.o
 .data          0x0000000000800060        0x0 ./psmode_operative.o
 .data          0x0000000000800060        0x0 ./psmode_program.o
 .data          0x0000000000800060        0x0 ./psmode_viewTemp.o
 .data          0x0000000000800060        0x0 /usr/lib/gcc/avr/13.2.0/avr5/libgcc.a(_divmodsi4.o)
 .data          0x0000000000800060        0x0 /usr/lib/gcc/avr/13.2.0/avr5/libgcc.a(_negsi2.o)
 .data          0x0000000000800060        0x0 /usr/lib/gcc/avr/13.2.0/avr5/libgcc.a(_exit.o)
 .data          0x0000000000800060        0x0 /usr/lib/gcc/avr/13.2.0/avr5/libgcc.a(_copy_data.o)
 .data          0x0000000000800060        0x0 /usr/lib/gcc/avr/13.2.0/avr5/libgcc.a(_clear_bss.o)
 .data          0x0000000000800060        0x0 /usr/lib/gcc/avr/13.2.0/avr5/libgcc.a(_udivmodsi4.o)
 .data          0x0000000000800060        0x0 /usr/lib/gcc/avr/13.2.0/../../../../avr/lib/avr5/libm.a(addsf3.o)
 .data          0x0000000000800060        0x0 /usr/lib/gcc/avr/13.2.0/../../../../avr/lib/avr5/libm.a(addsf3x.o)
 .data          0x0000000000800060        0x0 /usr/lib/gcc/avr/13.2.0/../../../../avr/lib/avr5/libm.a(cmpsf2.o)
 .data          0x0000000000800060        0x0 /usr/lib/gcc/avr/13.2.0/../../../../avr/lib/avr5/libm.a(divsf3.o)
 .data          0x0000000000800060        0x0 /usr/lib/gcc/avr/13.2.0/../../../../avr/lib/avr5/libm.a(divsf3x.o)
 .data          0x0000000000800060        0x0 /usr/lib/gcc/avr/13.2.0/../../../../avr/lib/avr5/libm.a(fixsfsi.o)
 .data          0x0000000000800060        0x0 /usr/lib/gcc/avr/13.2.0/../../../../avr/lib/avr5/libm.a(fixunssfsi.o)
 .data          0x0000000000800060        0x0 /usr/lib/gcc/avr/13.2.0/../../../../avr/lib/avr5/libm.a(floatsisf.o)
 .data          0x0000000000800060        0x0 /usr/lib/gcc/avr/13.2.0/../../../../avr/lib/avr5/libm.a(fp_cmp.o)
 .data          0x0000000000800060        0x0 /usr/lib/gcc/avr/13.2.0/../../../../avr/lib/avr5/libm.a(fp_inf.o)
 .data          0x0000000000800060        0x0 /usr/lib/gcc/avr/13.2.0/../../../../avr/lib/avr5/libm.a(fp_nan.o)
 .data          0x0000000000800060        0x0 /usr/lib/gcc/avr/13.2.0/../../../../avr/lib/avr5/libm.a(fp_pscA.o)
 .data          0x0000000000800060        0x0 /usr/lib/gcc/avr/13.2.0/../../../../avr/lib/avr5/libm.a(fp_pscB.o)
 .data          0x0000000000800060        0x0 /usr/lib/gcc/avr/13.2.0/../../../../avr/lib/avr5/libm.a(fp_round.o)
 .data          0x0000000000800060        0x0 /usr/lib/gcc/avr/13.2.0/../../../../avr/lib/avr5/libm.a(fp_split3.o)
 .data          0x0000000000800060        0x0 /usr/lib/gcc/avr/13.2.0/../../../../avr/lib/avr5/libm.a(fp_zero.o)
 .data          0x0000000000800060        0x0 /usr/lib/gcc/avr/13.2.0/../../../../avr/lib/avr5/libm.a(gesf2.o)
 .data          0x0000000000800060        0x0 /usr/lib/gcc/avr/13.2.0/../../../../avr/lib/avr5/libm.a(mulsf3.o)
 .data          0x0000000000800060        0x0 /usr/lib/gcc/avr/13.2.0/../../../../avr/lib/avr5/libm.a(mulsf3x.o)
 .data          0x0000000000800060        0x0 /usr/lib/gcc/avr/13.2.0/../../../../avr/lib/avr5/libc.a(memmove.o)
 .data          0x0000000000800060        0x0 /usr/lib/gcc/avr/13.2.0/../../../../avr/lib/avr5/libc.a(memset.o)
 .data          0x0000000000800060        0x0 /usr/lib/gcc/avr/13.2.0/../../../../avr/lib/avr5/libc.a(strncpy.o)
 .data          0x0000000000800060        0x0 /usr/lib/gcc/avr/13.2.0/../../../../avr/lib/avr5/libc.a(memcpy.o)
 .data          0x0000000000800060        0x0 /usr/lib/gcc/avr/13.2.0/../../../../avr/lib/avr5/libatmega32.a(eerd_block.o)
 .data          0x0000000000800060        0x0 /usr/lib/gcc/avr/13.2.0/../../../../avr/lib/avr5/libatmega32.a(eeupd_block.o)
 .data          0x0000000000800060        0x0 /usr/lib/gcc/avr/13.2.0/../../../../avr/lib/avr5/libatmega32.a(eeupd_byte.o)
 *(.data*)
 .data.disp7s_mux
                0x0000000000800060       0x20 ./display7s_setup.o
                0x0000000000800060                disp7s_mux
 *(.gnu.linkonce.d*)
 *(.rodata)
 *(.rodata*)
 .rodata.propEmpty
                0x0000000000800080        0x6 ./ikb/ikb.o
                0x0000000000800080                propEmpty
 .rodata.smoothAlg_reset
                0x0000000000800086       0x11 ./Temperature/temperature.o
                0x0000000000800086                smoothAlg_reset
 .rodata.DIPS7S_MSG_HIGHLIMIT
                0x0000000000800097        0x4 ./disp7s_applevel.o
                0x0000000000800097                DIPS7S_MSG_HIGHLIMIT
 .rodata.DIPS7S_MSG_THERMOPILE
                0x000000000080009b        0x4 ./disp7s_applevel.o
                0x000000000080009b                DIPS7S_MSG_THERMOPILE
 .rodata.DIPS7S_MSG_THERMOCOUPLE_NC
                0x000000000080009f        0x4 ./disp7s_applevel.o
                0x000000000080009f                DIPS7S_MSG_THERMOCOUPLE_NC
 .rodata.DIPS7S_MSG_ERROR
                0x00000000008000a3        0x4 ./disp7s_applevel.o
                0x00000000008000a3                DIPS7S_MSG_ERROR
 .rodata.DIPS7S_MSG_PRECALENTAMIENTO
                0x00000000008000a7        0x4 ./disp7s_applevel.o
                0x00000000008000a7                DIPS7S_MSG_PRECALENTAMIENTO
 .rodata.DIPS7S_MSG_SET
                0x00000000008000ab        0x4 ./disp7s_applevel.o
                0x00000000008000ab                DIPS7S_MSG_SET
 .rodata.DIPS7S_MSG_OIL
                0x00000000008000af        0x4 ./disp7s_applevel.o
                0x00000000008000af                DIPS7S_MSG_OIL
 .rodata.DIPS7S_MSG_donE
                0x00000000008000b3        0x4 ./disp7s_applevel.o
                0x00000000008000b3                DIPS7S_MSG_donE
 .rodata.DIPS7S_MSG_OFF
                0x00000000008000b7        0x4 ./disp7s_applevel.o
                0x00000000008000b7                DIPS7S_MSG_OFF
 .rodata.DISP7_NUMERIC_ARR
                0x00000000008000bb        0xa ./disp7s_applevel.o
                0x00000000008000bb                DISP7_NUMERIC_ARR
 .rodata.job_reset
                0x00000000008000c5        0x4 ./main.o
                0x00000000008000c5                job_reset
 .rodata.fryer_reset
                0x00000000008000c9       0x39 ./main.o
                0x00000000008000c9                fryer_reset
 .rodata.ps_reset
                0x0000000000800102        0x1 ./main.o
                0x0000000000800102                ps_reset
 .rodata.error_reset
                0x0000000000800103        0x8 ./main.o
                0x0000000000800103                error_reset
 .rodata.main_schedule_reset
                0x000000000080010b        0x2 ./main.o
                0x000000000080010b                main_schedule_reset
 *(.gnu.linkonce.r*)
                0x000000000080010e                . = ALIGN (0x2)
 *fill*         0x000000000080010d        0x1 
                0x000000000080010e                _edata = .
                0x000000000080010e                PROVIDE (__data_end = .)

.bss            0x000000000080010e      0x18a
                0x000000000080010e                PROVIDE (__bss_start = .)
 *(.bss)
 .bss           0x000000000080010e        0x0 /usr/lib/gcc/avr/13.2.0/../../../../avr/lib/avr5/crtatmega32.o
 .bss           0x000000000080010e        0x0 ./utils/utils.o
 .bss           0x000000000080010e        0x0 ./timing/timing.o
 .bss           0x000000000080010e        0x0 ./smoothAlg/smoothAlg.o
 .bss           0x000000000080010e        0x0 ./pinGetLevel/pinGetLevel.o
 .bss           0x000000000080010e        0x0 ./pid/pid.o
 .bss           0x000000000080010e        0x0 ./indicator/indicator.o
 .bss           0x000000000080010e        0x0 ./ikb/ikb.o
 .bss           0x000000000080010e        0x0 ./groupdig/groupdig.o
 .bss           0x000000000080010e        0x0 ./blink/blink.o
 .bss           0x000000000080010e        0x0 ./adc/adc.o
 .bss           0x000000000080010e        0x0 ./Temperature/temperature.o
 .bss           0x000000000080010e        0x0 ./SPI/SPI_01.o
 .bss           0x000000000080010e        0x0 ./MAX6675/MAX6675.o
 .bss           0x000000000080010e        0x0 ./Display7S/display7s.o
 .bss           0x000000000080010e        0x0 ./disp7s_applevel.o
 .bss           0x000000000080010e        0x0 ./display7s_setup.o
 .bss           0x000000000080010e        0x0 ./main.o
 .bss           0x000000000080010e        0x0 ./psmode_operative.o
 .bss           0x000000000080010e        0x0 ./psmode_program.o
 .bss           0x000000000080010e        0x0 ./psmode_viewTemp.o
 .bss           0x000000000080010e        0x0 /usr/lib/gcc/avr/13.2.0/avr5/libgcc.a(_divmodsi4.o)
 .bss           0x000000000080010e        0x0 /usr/lib/gcc/avr/13.2.0/avr5/libgcc.a(_negsi2.o)
 .bss           0x000000000080010e        0x0 /usr/lib/gcc/avr/13.2.0/avr5/libgcc.a(_exit.o)
 .bss           0x000000000080010e        0x0 /usr/lib/gcc/avr/13.2.0/avr5/libgcc.a(_copy_data.o)
 .bss           0x000000000080010e        0x0 /usr/lib/gcc/avr/13.2.0/avr5/libgcc.a(_clear_bss.o)
 .bss           0x000000000080010e        0x0 /usr/lib/gcc/avr/13.2.0/avr5/libgcc.a(_udivmodsi4.o)
 .bss           0x000000000080010e        0x0 /usr/lib/gcc/avr/13.2.0/../../../../avr/lib/avr5/libm.a(addsf3.o)
 .bss           0x000000000080010e        0x0 /usr/lib/gcc/avr/13.2.0/../../../../avr/lib/avr5/libm.a(addsf3x.o)
 .bss           0x000000000080010e        0x0 /usr/lib/gcc/avr/13.2.0/../../../../avr/lib/avr5/libm.a(cmpsf2.o)
 .bss           0x000000000080010e        0x0 /usr/lib/gcc/avr/13.2.0/../../../../avr/lib/avr5/libm.a(divsf3.o)
 .bss           0x000000000080010e        0x0 /usr/lib/gcc/avr/13.2.0/../../../../avr/lib/avr5/libm.a(divsf3x.o)
 .bss           0x000000000080010e        0x0 /usr/lib/gcc/avr/13.2.0/../../../../avr/lib/avr5/libm.a(fixsfsi.o)
 .bss           0x000000000080010e        0x0 /usr/lib/gcc/avr/13.2.0/../../../../avr/lib/avr5/libm.a(fixunssfsi.o)
 .bss           0x000000000080010e        0x0 /usr/lib/gcc/avr/13.2.0/../../../../avr/lib/avr5/libm.a(floatsisf.o)
 .bss           0x000000000080010e        0x0 /usr/lib/gcc/avr/13.2.0/../../../../avr/lib/avr5/libm.a(fp_cmp.o)
 .bss           0x000000000080010e        0x0 /usr/lib/gcc/avr/13.2.0/../../../../avr/lib/avr5/libm.a(fp_inf.o)
 .bss           0x000000000080010e        0x0 /usr/lib/gcc/avr/13.2.0/../../../../avr/lib/avr5/libm.a(fp_nan.o)
 .bss           0x000000000080010e        0x0 /usr/lib/gcc/avr/13.2.0/../../../../avr/lib/avr5/libm.a(fp_pscA.o)
 .bss           0x000000000080010e        0x0 /usr/lib/gcc/avr/13.2.0/../../../../avr/lib/avr5/libm.a(fp_pscB.o)
 .bss           0x000000000080010e        0x0 /usr/lib/gcc/avr/13.2.0/../../../../avr/lib/avr5/libm.a(fp_round.o)
 .bss           0x000000000080010e        0x0 /usr/lib/gcc/avr/13.2.0/../../../../avr/lib/avr5/libm.a(fp_split3.o)
 .bss           0x000000000080010e        0x0 /usr/lib/gcc/avr/13.2.0/../../../../avr/lib/avr5/libm.a(fp_zero.o)
 .bss           0x000000000080010e        0x0 /usr/lib/gcc/avr/13.2.0/../../../../avr/lib/avr5/libm.a(gesf2.o)
 .bss           0x000000000080010e        0x0 /usr/lib/gcc/avr/13.2.0/../../../../avr/lib/avr5/libm.a(mulsf3.o)
 .bss           0x000000000080010e        0x0 /usr/lib/gcc/avr/13.2.0/../../../../avr/lib/avr5/libm.a(mulsf3x.o)
 .bss           0x000000000080010e        0x0 /usr/lib/gcc/avr/13.2.0/../../../../avr/lib/avr5/libc.a(memmove.o)
 .bss           0x000000000080010e        0x0 /usr/lib/gcc/avr/13.2.0/../../../../avr/lib/avr5/libc.a(memset.o)
 .bss           0x000000000080010e        0x0 /usr/lib/gcc/avr/13.2.0/../../../../avr/lib/avr5/libc.a(strncpy.o)
 .bss           0x000000000080010e        0x0 /usr/lib/gcc/avr/13.2.0/../../../../avr/lib/avr5/libc.a(memcpy.o)
 .bss           0x000000000080010e        0x0 /usr/lib/gcc/avr/13.2.0/../../../../avr/lib/avr5/libatmega32.a(eerd_block.o)
 .bss           0x000000000080010e        0x0 /usr/lib/gcc/avr/13.2.0/../../../../avr/lib/avr5/libatmega32.a(eeupd_block.o)
 .bss           0x000000000080010e        0x0 /usr/lib/gcc/avr/13.2.0/../../../../avr/lib/avr5/libatmega32.a(eeupd_byte.o)
 *(.bss*)
 .bss.mytime    0x000000000080010e        0x2 ./timing/timing.o
                0x000000000080010e                mytime
 .bss.pinGetLevel
                0x0000000000800110        0x4 ./pinGetLevel/pinGetLevel.o
                0x0000000000800110                pinGetLevel
 .bss.indicator
                0x0000000000800114        0xa ./indicator/indicator.o
                0x0000000000800114                indicator
 .bss.group_x   0x000000000080011e        0x7 ./ikb/ikb.o
                0x000000000080011e                group_x
 .bss.key       0x0000000000800125       0x70 ./ikb/ikb.o
 .bss.groupDig  0x0000000000800195       0x11 ./groupdig/groupdig.o
                0x0000000000800195                groupDig
 .bss.dig       0x00000000008001a6        0x3 ./groupdig/groupdig.o
                0x00000000008001a6                dig
 .bss.blink     0x00000000008001a9        0x2 ./blink/blink.o
                0x00000000008001a9                blink
 .bss.MAX6675_ConversionTime_access.0
                0x00000000008001ab        0x2 ./Temperature/temperature.o
 .bss.MAX6675_sm0.1
                0x00000000008001ad        0x1 ./Temperature/temperature.o
 .bss.TCtemperature
                0x00000000008001ae        0x2 ./Temperature/temperature.o
                0x00000000008001ae                TCtemperature
 .bss.smoothAlg_temp
                0x00000000008001b0       0x11 ./Temperature/temperature.o
                0x00000000008001b0                smoothAlg_temp
 .bss.smoothVector
                0x00000000008001c1        0x8 ./Temperature/temperature.o
 .bss.q.0       0x00000000008001c9        0x1 ./Display7S/display7s.o
 .bss.disp7s_mux
                0x00000000008001ca        0x2 ./Display7S/display7s.o
 .bss.disp7s_data
                0x00000000008001cc        0x2 ./Display7S/display7s.o
 .bss.PORTWxDISPLAY7S_DATA
                0x00000000008001ce        0x2 ./Display7S/display7s.o
 .bss.disp7s_num_total
                0x00000000008001d0        0x1 ./Display7S/display7s.o
 .bss.disp7s_data_array
                0x00000000008001d1        0x8 ./display7s_setup.o
                0x00000000008001d1                disp7s_data_array
 .bss.mypid0    0x00000000008001d9       0x30 ./main.o
                0x00000000008001d9                mypid0
 .bss.job_captureTemperature
                0x0000000000800209        0x4 ./main.o
                0x0000000000800209                job_captureTemperature
 .bss.fryer     0x000000000080020d       0x39 ./main.o
                0x000000000080020d                fryer
 .bss.error     0x0000000000800246        0x8 ./main.o
                0x0000000000800246                error
 .bss.main_schedule
                0x000000000080024e        0x2 ./main.o
                0x000000000080024e                main_schedule
 .bss.mainflag  0x0000000000800250        0x1 ./main.o
                0x0000000000800250                mainflag
 .bss.isr_flag  0x0000000000800251        0x1 ./main.o
                0x0000000000800251                isr_flag
 .bss.basket_temp
                0x0000000000800252       0x34 ./psmode_operative.o
                0x0000000000800252                basket_temp
 .bss.blink.0   0x0000000000800286        0x7 ./psmode_program.o
 .bss.blinkIsActive
                0x000000000080028d        0x2 ./psmode_program.o
                0x000000000080028d                blinkIsActive
 .bss.tmprture_coccion
                0x000000000080028f        0x6 ./psmode_program.o
                0x000000000080028f                tmprture_coccion
 .bss.pgrmode   0x0000000000800295        0x3 ./psmode_program.o
                0x0000000000800295                pgrmode
 *(COMMON)
                0x0000000000800298                PROVIDE (__bss_end = .)
                0x0000000000003b9e                __data_load_start = LOADADDR (.data)
                0x0000000000003c4c                __data_load_end = (__data_load_start + SIZEOF (.data))

.noinit         0x0000000000800298        0x0
                [!provide]                        PROVIDE (__noinit_start = .)
 *(.noinit*)
                [!provide]                        PROVIDE (__noinit_end = .)
                0x0000000000800298                _end = .
                [!provide]                        PROVIDE (__heap_start = .)

.eeprom         0x0000000000810000        0xa
 *(.eeprom*)
 .eeprom        0x0000000000810000        0x4 ./main.o
                0x0000000000810000                COOKTIME
 .eeprom        0x0000000000810004        0x6 ./psmode_program.o
                0x0000000000810004                TMPRTURE_COCCION
                0x000000000081000a                __eeprom_end = .

.fuse
 *(.fuse)
 *(.lfuse)
 *(.hfuse)
 *(.efuse)

.lock
 *(.lock*)

.signature
 *(.signature*)

.stab
 *(.stab)

.stabstr
 *(.stabstr)

.stab.excl
 *(.stab.excl)

.stab.exclstr
 *(.stab.exclstr)

.stab.index
 *(.stab.index)

.stab.indexstr
 *(.stab.indexstr)

.comment        0x0000000000000000       0x12
 *(.comment)
 .comment       0x0000000000000000       0x12 ./utils/utils.o
                                         0x13 (size before relaxing)
 .comment       0x0000000000000012       0x13 ./timing/timing.o
 .comment       0x0000000000000012       0x13 ./smoothAlg/smoothAlg.o
 .comment       0x0000000000000012       0x13 ./pinGetLevel/pinGetLevel.o
 .comment       0x0000000000000012       0x13 ./pid/pid.o
 .comment       0x0000000000000012       0x13 ./indicator/indicator.o
 .comment       0x0000000000000012       0x13 ./ikb/ikb.o
 .comment       0x0000000000000012       0x13 ./groupdig/groupdig.o
 .comment       0x0000000000000012       0x13 ./blink/blink.o
 .comment       0x0000000000000012       0x13 ./adc/adc.o
 .comment       0x0000000000000012       0x13 ./Temperature/temperature.o
 .comment       0x0000000000000012       0x13 ./SPI/SPI_01.o
 .comment       0x0000000000000012       0x13 ./MAX6675/MAX6675.o
 .comment       0x0000000000000012       0x13 ./Display7S/display7s.o
 .comment       0x0000000000000012       0x13 ./disp7s_applevel.o
 .comment       0x0000000000000012       0x13 ./display7s_setup.o
 .comment       0x0000000000000012       0x13 ./main.o
 .comment       0x0000000000000012       0x13 ./psmode_operative.o
 .comment       0x0000000000000012       0x13 ./psmode_program.o
 .comment       0x0000000000000012       0x13 ./psmode_viewTemp.o

.note.gnu.avr.deviceinfo
                0x0000000000000000       0x3c
 .note.gnu.avr.deviceinfo
                0x0000000000000000       0x3c /usr/lib/gcc/avr/13.2.0/../../../../avr/lib/avr5/crtatmega32.o

.note.gnu.build-id
 *(.note.gnu.build-id)

.debug
 *(.debug)

.line
 *(.line)

.debug_srcinfo
 *(.debug_srcinfo)

.debug_sfnames
 *(.debug_sfnames)

.debug_aranges
 *(.debug_aranges)

.debug_pubnames
 *(.debug_pubnames)

.debug_info     0x0000000000000000      0x4e6
 *(.debug_info .gnu.linkonce.wi.*)
 .debug_info    0x0000000000000000      0x4e6 /usr/lib/gcc/avr/13.2.0/../../../../avr/lib/avr5/crtatmega32.o

.debug_abbrev   0x0000000000000000      0x4a3
 *(.debug_abbrev)
 .debug_abbrev  0x0000000000000000      0x4a3 /usr/lib/gcc/avr/13.2.0/../../../../avr/lib/avr5/crtatmega32.o

.debug_line     0x0000000000000000       0x1d
 *(.debug_line .debug_line.* .debug_line_end)
 .debug_line    0x0000000000000000       0x1d /usr/lib/gcc/avr/13.2.0/../../../../avr/lib/avr5/crtatmega32.o

.debug_frame
 *(.debug_frame)

.debug_str      0x0000000000000000      0x196
 *(.debug_str)
 .debug_str     0x0000000000000000      0x196 /usr/lib/gcc/avr/13.2.0/../../../../avr/lib/avr5/crtatmega32.o

.debug_loc
 *(.debug_loc)

.debug_macinfo
 *(.debug_macinfo)

.debug_weaknames
 *(.debug_weaknames)

.debug_funcnames
 *(.debug_funcnames)

.debug_typenames
 *(.debug_typenames)

.debug_varnames
 *(.debug_varnames)

.debug_pubtypes
 *(.debug_pubtypes)

.debug_ranges
 *(.debug_ranges)

.debug_macro
 *(.debug_macro)

.debug_addr
 *(.debug_addr)
OUTPUT(DigitalFryerDisplay8Seg-EncendidoManual.elf elf32-avr)
LOAD linker stubs
