Archive member included to satisfy reference by file (symbol)

c:/users/nefer/onedrive/documentos/avr-gcc-12.1.0-x64-windows - funciono 2022 en win64-wilfredo/avr-gcc-12.1.0-x64-windows/bin/../lib/gcc/avr/12.1.0/avr5\libgcc.a(_divmodsi4.o)
                              ./psmode_operative.o (__divmodsi4)
c:/users/nefer/onedrive/documentos/avr-gcc-12.1.0-x64-windows - funciono 2022 en win64-wilfredo/avr-gcc-12.1.0-x64-windows/bin/../lib/gcc/avr/12.1.0/avr5\libgcc.a(_negsi2.o)
                              c:/users/nefer/onedrive/documentos/avr-gcc-12.1.0-x64-windows - funciono 2022 en win64-wilfredo/avr-gcc-12.1.0-x64-windows/bin/../lib/gcc/avr/12.1.0/avr5\libgcc.a(_divmodsi4.o) (__negsi2)
c:/users/nefer/onedrive/documentos/avr-gcc-12.1.0-x64-windows - funciono 2022 en win64-wilfredo/avr-gcc-12.1.0-x64-windows/bin/../lib/gcc/avr/12.1.0/avr5\libgcc.a(_exit.o)
                              c:/users/nefer/onedrive/documentos/avr-gcc-12.1.0-x64-windows - funciono 2022 en win64-wilfredo/avr-gcc-12.1.0-x64-windows/bin/../lib/gcc/avr/12.1.0/../../../../avr/lib/avr5/crtatmega32.o (exit)
c:/users/nefer/onedrive/documentos/avr-gcc-12.1.0-x64-windows - funciono 2022 en win64-wilfredo/avr-gcc-12.1.0-x64-windows/bin/../lib/gcc/avr/12.1.0/avr5\libgcc.a(_copy_data.o)
                              ./termopile/termopile.o (__do_copy_data)
c:/users/nefer/onedrive/documentos/avr-gcc-12.1.0-x64-windows - funciono 2022 en win64-wilfredo/avr-gcc-12.1.0-x64-windows/bin/../lib/gcc/avr/12.1.0/avr5\libgcc.a(_clear_bss.o)
                              ./timing/timing.o (__do_clear_bss)
c:/users/nefer/onedrive/documentos/avr-gcc-12.1.0-x64-windows - funciono 2022 en win64-wilfredo/avr-gcc-12.1.0-x64-windows/bin/../lib/gcc/avr/12.1.0/avr5\libgcc.a(_udivmodsi4.o)
                              c:/users/nefer/onedrive/documentos/avr-gcc-12.1.0-x64-windows - funciono 2022 en win64-wilfredo/avr-gcc-12.1.0-x64-windows/bin/../lib/gcc/avr/12.1.0/avr5\libgcc.a(_divmodsi4.o) (__udivmodsi4)
c:/users/nefer/onedrive/documentos/avr-gcc-12.1.0-x64-windows - funciono 2022 en win64-wilfredo/avr-gcc-12.1.0-x64-windows/bin/../lib/gcc/avr/12.1.0/../../../../avr/lib/avr5\libm.a(addsf3.o)
                              ./smoothAlg/smoothAlg.o (__subsf3)
c:/users/nefer/onedrive/documentos/avr-gcc-12.1.0-x64-windows - funciono 2022 en win64-wilfredo/avr-gcc-12.1.0-x64-windows/bin/../lib/gcc/avr/12.1.0/../../../../avr/lib/avr5\libm.a(addsf3x.o)
                              c:/users/nefer/onedrive/documentos/avr-gcc-12.1.0-x64-windows - funciono 2022 en win64-wilfredo/avr-gcc-12.1.0-x64-windows/bin/../lib/gcc/avr/12.1.0/../../../../avr/lib/avr5\libm.a(addsf3.o) (__addsf3x)
c:/users/nefer/onedrive/documentos/avr-gcc-12.1.0-x64-windows - funciono 2022 en win64-wilfredo/avr-gcc-12.1.0-x64-windows/bin/../lib/gcc/avr/12.1.0/../../../../avr/lib/avr5\libm.a(cmpsf2.o)
                              ./smoothAlg/smoothAlg.o (__ltsf2)
c:/users/nefer/onedrive/documentos/avr-gcc-12.1.0-x64-windows - funciono 2022 en win64-wilfredo/avr-gcc-12.1.0-x64-windows/bin/../lib/gcc/avr/12.1.0/../../../../avr/lib/avr5\libm.a(divsf3.o)
                              ./smoothAlg/smoothAlg.o (__divsf3)
c:/users/nefer/onedrive/documentos/avr-gcc-12.1.0-x64-windows - funciono 2022 en win64-wilfredo/avr-gcc-12.1.0-x64-windows/bin/../lib/gcc/avr/12.1.0/../../../../avr/lib/avr5\libm.a(divsf3x.o)
                              c:/users/nefer/onedrive/documentos/avr-gcc-12.1.0-x64-windows - funciono 2022 en win64-wilfredo/avr-gcc-12.1.0-x64-windows/bin/../lib/gcc/avr/12.1.0/../../../../avr/lib/avr5\libm.a(divsf3.o) (__divsf3x)
c:/users/nefer/onedrive/documentos/avr-gcc-12.1.0-x64-windows - funciono 2022 en win64-wilfredo/avr-gcc-12.1.0-x64-windows/bin/../lib/gcc/avr/12.1.0/../../../../avr/lib/avr5\libm.a(fixsfsi.o)
                              ./pid/pid.o (__fixsfsi)
c:/users/nefer/onedrive/documentos/avr-gcc-12.1.0-x64-windows - funciono 2022 en win64-wilfredo/avr-gcc-12.1.0-x64-windows/bin/../lib/gcc/avr/12.1.0/../../../../avr/lib/avr5\libm.a(fixunssfsi.o)
                              ./termopile/termopile.o (__fixunssfsi)
c:/users/nefer/onedrive/documentos/avr-gcc-12.1.0-x64-windows - funciono 2022 en win64-wilfredo/avr-gcc-12.1.0-x64-windows/bin/../lib/gcc/avr/12.1.0/../../../../avr/lib/avr5\libm.a(floatsisf.o)
                              ./smoothAlg/smoothAlg.o (__floatunsisf)
c:/users/nefer/onedrive/documentos/avr-gcc-12.1.0-x64-windows - funciono 2022 en win64-wilfredo/avr-gcc-12.1.0-x64-windows/bin/../lib/gcc/avr/12.1.0/../../../../avr/lib/avr5\libm.a(fp_cmp.o)
                              c:/users/nefer/onedrive/documentos/avr-gcc-12.1.0-x64-windows - funciono 2022 en win64-wilfredo/avr-gcc-12.1.0-x64-windows/bin/../lib/gcc/avr/12.1.0/../../../../avr/lib/avr5\libm.a(cmpsf2.o) (__fp_cmp)
[...]
Memory Configuration

Name             Origin             Length             Attributes
text             0x0000000000000000 0x0000000000020000 xr
data             0x0000000000800060 0x000000000000ffa0 rw !x
eeprom           0x0000000000810000 0x0000000000010000 rw !x
fuse             0x0000000000820000 0x0000000000000002 rw !x
lock             0x0000000000830000 0x0000000000000400 rw !x
signature        0x0000000000840000 0x0000000000000400 rw !x
user_signatures  0x0000000000850000 0x0000000000000400 rw !x
*default*        0x0000000000000000 0xffffffffffffffff

Linker script and memory map

LOAD c:/users/nefer/onedrive/documentos/avr-gcc-12.1.0-x64-windows - funciono 2022 en win64-wilfredo/avr-gcc-12.1.0-x64-windows/bin/../lib/gcc/avr/12.1.0/../../../../avr/lib/avr5/crtatmega32.o
LOAD ./utils/utils.o
LOAD ./usart/usart.o
LOAD ./timing/timing.o
LOAD ./termopile/termopile.o
LOAD ./smoothAlg/smoothAlg.o
LOAD ./serial/serial.o
LOAD ./pinGetLevel/pinGetLevel.o
LOAD ./pid/pid.o
LOAD ./indicator/indicator.o
LOAD ./ikb/ikb.o
LOAD ./groupdig/groupdig.o
LOAD ./error/error.o
LOAD ./blink/blink.o
LOAD ./adc/adc.o
LOAD ./Temperature/temperature.o
LOAD ./SPI/SPI_01.o
LOAD ./MAX6675/MAX6675.o
LOAD ./Display7S/display7s.o
LOAD ./disp7s_applevel.o
LOAD ./display7s_setup.o
LOAD ./main.o
LOAD ./psmode_operative.o
LOAD ./psmode_program.o
LOAD ./psmode_viewTemp.o
START GROUP
LOAD c:/users/nefer/onedrive/documentos/avr-gcc-12.1.0-x64-windows - funciono 2022 en win64-wilfredo/avr-gcc-12.1.0-x64-windows/bin/../lib/gcc/avr/12.1.0/avr5\libgcc.a
LOAD c:/users/nefer/onedrive/documentos/avr-gcc-12.1.0-x64-windows - funciono 2022 en win64-wilfredo/avr-gcc-12.1.0-x64-windows/bin/../lib/gcc/avr/12.1.0/../../../../avr/lib/avr5\libm.a
LOAD c:/users/nefer/onedrive/documentos/avr-gcc-12.1.0-x64-windows - funciono 2022 en win64-wilfredo/avr-gcc-12.1.0-x64-windows/bin/../lib/gcc/avr/12.1.0/../../../../avr/lib/avr5\libc.a
LOAD c:/users/nefer/onedrive/documentos/avr-gcc-12.1.0-x64-windows - funciono 2022 en win64-wilfredo/avr-gcc-12.1.0-x64-windows/bin/../lib/gcc/avr/12.1.0/../../../../avr/lib/avr5\libatmega32.a
END GROUP
                0x0000000000020000                __TEXT_REGION_LENGTH__ = DEFINED (__TEXT_REGION_LENGTH__)?__TEXT_REGION_LENGTH__:0x20000
                0x000000000000ffa0                __DATA_REGION_LENGTH__ = DEFINED (__DATA_REGION_LENGTH__)?__DATA_REGION_LENGTH__:0xffa0
                0x0000000000010000                __EEPROM_REGION_LENGTH__ = DEFINED (__EEPROM_REGION_LENGTH__)?__EEPROM_REGION_LENGTH__:0x10000
                [0x0000000000000002]                __FUSE_REGION_LENGTH__ = DEFINED (__FUSE_REGION_LENGTH__)?__FUSE_REGION_LENGTH__:0x400
                0x0000000000000400                __LOCK_REGION_LENGTH__ = DEFINED (__LOCK_REGION_LENGTH__)?__LOCK_REGION_LENGTH__:0x400
                0x0000000000000400                __SIGNATURE_REGION_LENGTH__ = DEFINED (__SIGNATURE_REGION_LENGTH__)?__SIGNATURE_REGION_LENGTH__:0x400
                0x0000000000000400                __USER_SIGNATURE_REGION_LENGTH__ = DEFINED (__USER_SIGNATURE_REGION_LENGTH__)?__USER_SIGNATURE_REGION_LENGTH__:0x400

.hash
 *(.hash)

.dynsym
 *(.dynsym)

.dynstr
 *(.dynstr)

.gnu.version
 *(.gnu.version)

.gnu.version_d
 *(.gnu.version_d)

.gnu.version_r
 *(.gnu.version_r)

.rel.init
 *(.rel.init)

.rela.init
 *(.rela.init)

.rel.text
 *(.rel.text)
 *(.rel.text.*)
 *(.rel.gnu.linkonce.t*)

.rela.text
 *(.rela.text)
 *(.rela.text.*)
 *(.rela.gnu.linkonce.t*)

.rel.fini
 *(.rel.fini)

.rela.fini
 *(.rela.fini)

.rel.rodata
 *(.rel.rodata)
 *(.rel.rodata.*)
 *(.rel.gnu.linkonce.r*)

.rela.rodata
 *(.rela.rodata)
 *(.rela.rodata.*)
 *(.rela.gnu.linkonce.r*)

.rel.data
 *(.rel.data)
 *(.rel.data.*)
 *(.rel.gnu.linkonce.d*)

.rela.data
 *(.rela.data)
 *(.rela.data.*)
 *(.rela.gnu.linkonce.d*)

.rel.ctors
 *(.rel.ctors)

.rela.ctors
 *(.rela.ctors)

.rel.dtors
 *(.rel.dtors)

.rela.dtors
 *(.rela.dtors)

.rel.got
 *(.rel.got)

.rela.got
 *(.rela.got)

.rel.bss
 *(.rel.bss)

.rela.bss
 *(.rela.bss)

.rel.plt
 *(.rel.plt)

.rela.plt
 *(.rela.plt)

.text           0x0000000000000000     0x4e60
 *(.vectors)
 .vectors       0x0000000000000000       0x54 c:/users/nefer/onedrive/documentos/avr-gcc-12.1.0-x64-windows - funciono 2022 en win64-wilfredo/avr-gcc-12.1.0-x64-windows/bin/../lib/gcc/avr/12.1.0/../../../../avr/lib/avr5/crtatmega32.o
                0x0000000000000000                __vector_default
                0x0000000000000000                __vectors
 *(.vectors)
 *(.progmem.gcc*)
                0x0000000000000054                . = ALIGN (0x2)
                0x0000000000000054                __trampolines_start = .
 *(.trampolines)
 .trampolines   0x0000000000000054        0x0 linker stubs
 *(.trampolines*)
                0x0000000000000054                __trampolines_end = .
 *libprintf_flt.a:*(.progmem.data)
 *libc.a:*(.progmem.data)
 *(.progmem.*)
                0x0000000000000054                . = ALIGN (0x2)
 *(.lowtext)
 *(.lowtext*)
                0x0000000000000054                __ctors_start = .
 *(.ctors)
                0x0000000000000054                __ctors_end = .
                0x0000000000000054                __dtors_start = .
 *(.dtors)
                0x0000000000000054                __dtors_end = .
 SORT_BY_NAME(*)(.ctors)
 SORT_BY_NAME(*)(.dtors)
 *(.init0)
 .init0         0x0000000000000054        0x0 c:/users/nefer/onedrive/documentos/avr-gcc-12.1.0-x64-windows - funciono 2022 en win64-wilfredo/avr-gcc-12.1.0-x64-windows/bin/../lib/gcc/avr/12.1.0/../../../../avr/lib/avr5/crtatmega32.o
                0x0000000000000054                __init
 *(.init0)
 *(.init1)
 *(.init1)
 *(.init2)
 .init2         0x0000000000000054        0xc c:/users/nefer/onedrive/documentos/avr-gcc-12.1.0-x64-windows - funciono 2022 en win64-wilfredo/avr-gcc-12.1.0-x64-windows/bin/../lib/gcc/avr/12.1.0/../../../../avr/lib/avr5/crtatmega32.o
 *(.init2)
 *(.init3)
 *(.init3)
 *(.init4)
 .init4         0x0000000000000060       0x16 c:/users/nefer/onedrive/documentos/avr-gcc-12.1.0-x64-windows - funciono 2022 en win64-wilfredo/avr-gcc-12.1.0-x64-windows/bin/../lib/gcc/avr/12.1.0/avr5\libgcc.a(_copy_data.o)
                0x0000000000000060                __do_copy_data
 .init4         0x0000000000000076       0x10 c:/users/nefer/onedrive/documentos/avr-gcc-12.1.0-x64-windows - funciono 2022 en win64-wilfredo/avr-gcc-12.1.0-x64-windows/bin/../lib/gcc/avr/12.1.0/avr5\libgcc.a(_clear_bss.o)
                0x0000000000000076                __do_clear_bss
 *(.init4)
 *(.init5)
 *(.init5)
 *(.init6)
 *(.init6)
 *(.init7)
 *(.init7)
 *(.init8)
 *(.init8)
 *(.init9)
 .init9         0x0000000000000086        0x8 c:/users/nefer/onedrive/documentos/avr-gcc-12.1.0-x64-windows - funciono 2022 en win64-wilfredo/avr-gcc-12.1.0-x64-windows/bin/../lib/gcc/avr/12.1.0/../../../../avr/lib/avr5/crtatmega32.o
 *(.init9)
 *(.text)
 .text          0x000000000000008e        0x4 c:/users/nefer/onedrive/documentos/avr-gcc-12.1.0-x64-windows - funciono 2022 en win64-wilfredo/avr-gcc-12.1.0-x64-windows/bin/../lib/gcc/avr/12.1.0/../../../../avr/lib/avr5/crtatmega32.o
                0x000000000000008e                __vector_1
                0x000000000000008e                __vector_12
                0x000000000000008e                __bad_interrupt
                0x000000000000008e                __vector_6
                0x000000000000008e                __vector_3
                0x000000000000008e                __vector_11
                0x000000000000008e                __vector_13
                0x000000000000008e                __vector_17
                0x000000000000008e                __vector_19
                0x000000000000008e                __vector_7
                0x000000000000008e                __vector_5
                0x000000000000008e                __vector_4
                0x000000000000008e                __vector_9
                0x000000000000008e                __vector_2
                0x000000000000008e                __vector_15
                0x000000000000008e                __vector_8
                0x000000000000008e                __vector_14
                0x000000000000008e                __vector_16
                0x000000000000008e                __vector_18
                0x000000000000008e                __vector_20
 .text          0x0000000000000092        0x0 ./utils/utils.o
 .text          0x0000000000000092        0x0 ./usart/usart.o
 .text          0x0000000000000092        0x0 ./timing/timing.o
 .text          0x0000000000000092        0x0 ./termopile/termopile.o
 .text          0x0000000000000092        0x0 ./smoothAlg/smoothAlg.o
 .text          0x0000000000000092        0x0 ./serial/serial.o
 .text          0x0000000000000092        0x0 ./pinGetLevel/pinGetLevel.o
 .text          0x0000000000000092        0x0 ./pid/pid.o
 .text          0x0000000000000092        0x0 ./indicator/indicator.o
 .text          0x0000000000000092        0x0 ./ikb/ikb.o
 .text          0x0000000000000092        0x0 ./groupdig/groupdig.o
 .text          0x0000000000000092        0x0 ./error/error.o
 .text          0x0000000000000092        0x0 ./blink/blink.o
 .text          0x0000000000000092        0x0 ./adc/adc.o
 .text          0x0000000000000092        0x0 ./Temperature/temperature.o
 .text          0x0000000000000092        0x0 ./SPI/SPI_01.o
 .text          0x0000000000000092        0x0 ./MAX6675/MAX6675.o
 .text          0x0000000000000092        0x0 ./Display7S/display7s.o
 .text          0x0000000000000092        0x0 ./disp7s_applevel.o
 .text          0x0000000000000092        0x0 ./display7s_setup.o
 .text          0x0000000000000092        0x0 ./main.o
 .text          0x0000000000000092        0x0 ./psmode_operative.o
 .text          0x0000000000000092        0x0 ./psmode_program.o
 .text          0x0000000000000092        0x0 ./psmode_viewTemp.o
 .text          0x0000000000000092        0x0 c:/users/nefer/onedrive/documentos/avr-gcc-12.1.0-x64-windows - funciono 2022 en win64-wilfredo/avr-gcc-12.1.0-x64-windows/bin/../lib/gcc/avr/12.1.0/avr5\libgcc.a(_divmodsi4.o)
 .text          0x0000000000000092        0x0 c:/users/nefer/onedrive/documentos/avr-gcc-12.1.0-x64-windows - funciono 2022 en win64-wilfredo/avr-gcc-12.1.0-x64-windows/bin/../lib/gcc/avr/12.1.0/avr5\libgcc.a(_negsi2.o)
 .text          0x0000000000000092        0x0 c:/users/nefer/onedrive/documentos/avr-gcc-12.1.0-x64-windows - funciono 2022 en win64-wilfredo/avr-gcc-12.1.0-x64-windows/bin/../lib/gcc/avr/12.1.0/avr5\libgcc.a(_exit.o)
 .text          0x0000000000000092        0x0 c:/users/nefer/onedrive/documentos/avr-gcc-12.1.0-x64-windows - funciono 2022 en win64-wilfredo/avr-gcc-12.1.0-x64-windows/bin/../lib/gcc/avr/12.1.0/avr5\libgcc.a(_copy_data.o)
 .text          0x0000000000000092        0x0 c:/users/nefer/onedrive/documentos/avr-gcc-12.1.0-x64-windows - funciono 2022 en win64-wilfredo/avr-gcc-12.1.0-x64-windows/bin/../lib/gcc/avr/12.1.0/avr5\libgcc.a(_clear_bss.o)
 .text          0x0000000000000092        0x0 c:/users/nefer/onedrive/documentos/avr-gcc-12.1.0-x64-windows - funciono 2022 en win64-wilfredo/avr-gcc-12.1.0-x64-windows/bin/../lib/gcc/avr/12.1.0/avr5\libgcc.a(_udivmodsi4.o)
 .text          0x0000000000000092        0x0 c:/users/nefer/onedrive/documentos/avr-gcc-12.1.0-x64-windows - funciono 2022 en win64-wilfredo/avr-gcc-12.1.0-x64-windows/bin/../lib/gcc/avr/12.1.0/../../../../avr/lib/avr5\libm.a(addsf3.o)
 .text          0x0000000000000092        0x0 c:/users/nefer/onedrive/documentos/avr-gcc-12.1.0-x64-windows - funciono 2022 en win64-wilfredo/avr-gcc-12.1.0-x64-windows/bin/../lib/gcc/avr/12.1.0/../../../../avr/lib/avr5\libm.a(addsf3x.o)
 .text          0x0000000000000092        0x0 c:/users/nefer/onedrive/documentos/avr-gcc-12.1.0-x64-windows - funciono 2022 en win64-wilfredo/avr-gcc-12.1.0-x64-windows/bin/../lib/gcc/avr/12.1.0/../../../../avr/lib/avr5\libm.a(cmpsf2.o)
 .text          0x0000000000000092        0x0 c:/users/nefer/onedrive/documentos/avr-gcc-12.1.0-x64-windows - funciono 2022 en win64-wilfredo/avr-gcc-12.1.0-x64-windows/bin/../lib/gcc/avr/12.1.0/../../../../avr/lib/avr5\libm.a(divsf3.o)
 .text          0x0000000000000092        0x0 c:/users/nefer/onedrive/documentos/avr-gcc-12.1.0-x64-windows - funciono 2022 en win64-wilfredo/avr-gcc-12.1.0-x64-windows/bin/../lib/gcc/avr/12.1.0/../../../../avr/lib/avr5\libm.a(divsf3x.o)
 .text          0x0000000000000092        0x0 c:/users/nefer/onedrive/documentos/avr-gcc-12.1.0-x64-windows - funciono 2022 en win64-wilfredo/avr-gcc-12.1.0-x64-windows/bin/../lib/gcc/avr/12.1.0/../../../../avr/lib/avr5\libm.a(fixsfsi.o)
 .text          0x0000000000000092        0x0 c:/users/nefer/onedrive/documentos/avr-gcc-12.1.0-x64-windows - funciono 2022 en win64-wilfredo/avr-gcc-12.1.0-x64-windows/bin/../lib/gcc/avr/12.1.0/../../../../avr/lib/avr5\libm.a(fixunssfsi.o)
 .text          0x0000000000000092        0x0 c:/users/nefer/onedrive/documentos/avr-gcc-12.1.0-x64-windows - funciono 2022 en win64-wilfredo/avr-gcc-12.1.0-x64-windows/bin/../lib/gcc/avr/12.1.0/../../../../avr/lib/avr5\libm.a(floatsisf.o)
 .text          0x0000000000000092        0x0 c:/users/nefer/onedrive/documentos/avr-gcc-12.1.0-x64-windows - funciono 2022 en win64-wilfredo/avr-gcc-12.1.0-x64-windows/bin/../lib/gcc/avr/12.1.0/../../../../avr/lib/avr5\libm.a(fp_cmp.o)
 .text          0x0000000000000092        0x0 c:/users/nefer/onedrive/documentos/avr-gcc-12.1.0-x64-windows - funciono 2022 en win64-wilfredo/avr-gcc-12.1.0-x64-windows/bin/../lib/gcc/avr/12.1.0/../../../../avr/lib/avr5\libm.a(fp_inf.o)
 .text          0x0000000000000092        0x0 c:/users/nefer/onedrive/documentos/avr-gcc-12.1.0-x64-windows - funciono 2022 en win64-wilfredo/avr-gcc-12.1.0-x64-windows/bin/../lib/gcc/avr/12.1.0/../../../../avr/lib/avr5\libm.a(fp_nan.o)
 .text          0x0000000000000092        0x0 c:/users/nefer/onedrive/documentos/avr-gcc-12.1.0-x64-windows - funciono 2022 en win64-wilfredo/avr-gcc-12.1.0-x64-windows/bin/../lib/gcc/avr/12.1.0/../../../../avr/lib/avr5\libm.a(fp_pscA.o)
 .text          0x0000000000000092        0x0 c:/users/nefer/onedrive/documentos/avr-gcc-12.1.0-x64-windows - funciono 2022 en win64-wilfredo/avr-gcc-12.1.0-x64-windows/bin/../lib/gcc/avr/12.1.0/../../../../avr/lib/avr5\libm.a(fp_pscB.o)
 .text          0x0000000000000092        0x0 c:/users/nefer/onedrive/documentos/avr-gcc-12.1.0-x64-windows - funciono 2022 en win64-wilfredo/avr-gcc-12.1.0-x64-windows/bin/../lib/gcc/avr/12.1.0/../../../../avr/lib/avr5\libm.a(fp_round.o)
 .text          0x0000000000000092        0x0 c:/users/nefer/onedrive/documentos/avr-gcc-12.1.0-x64-windows - funciono 2022 en win64-wilfredo/avr-gcc-12.1.0-x64-windows/bin/../lib/gcc/avr/12.1.0/../../../../avr/lib/avr5\libm.a(fp_split3.o)
 .text          0x0000000000000092        0x0 c:/users/nefer/onedrive/documentos/avr-gcc-12.1.0-x64-windows - funciono 2022 en win64-wilfredo/avr-gcc-12.1.0-x64-windows/bin/../lib/gcc/avr/12.1.0/../../../../avr/lib/avr5\libm.a(fp_zero.o)
 .text          0x0000000000000092        0x0 c:/users/nefer/onedrive/documentos/avr-gcc-12.1.0-x64-windows - funciono 2022 en win64-wilfredo/avr-gcc-12.1.0-x64-windows/bin/../lib/gcc/avr/12.1.0/../../../../avr/lib/avr5\libm.a(gesf2.o)
 .text          0x0000000000000092        0x0 c:/users/nefer/onedrive/documentos/avr-gcc-12.1.0-x64-windows - funciono 2022 en win64-wilfredo/avr-gcc-12.1.0-x64-windows/bin/../lib/gcc/avr/12.1.0/../../../../avr/lib/avr5\libm.a(mulsf3.o)
 .text          0x0000000000000092        0x0 c:/users/nefer/onedrive/documentos/avr-gcc-12.1.0-x64-windows - funciono 2022 en win64-wilfredo/avr-gcc-12.1.0-x64-windows/bin/../lib/gcc/avr/12.1.0/../../../../avr/lib/avr5\libm.a(mulsf3x.o)
 .text          0x0000000000000092        0x0 c:/users/nefer/onedrive/documentos/avr-gcc-12.1.0-x64-windows - funciono 2022 en win64-wilfredo/avr-gcc-12.1.0-x64-windows/bin/../lib/gcc/avr/12.1.0/../../../../avr/lib/avr5\libc.a(memmove.o)
 .text          0x0000000000000092        0x0 c:/users/nefer/onedrive/documentos/avr-gcc-12.1.0-x64-windows - funciono 2022 en win64-wilfredo/avr-gcc-12.1.0-x64-windows/bin/../lib/gcc/avr/12.1.0/../../../../avr/lib/avr5\libc.a(memset.o)
 .text          0x0000000000000092        0x0 c:/users/nefer/onedrive/documentos/avr-gcc-12.1.0-x64-windows - funciono 2022 en win64-wilfredo/avr-gcc-12.1.0-x64-windows/bin/../lib/gcc/avr/12.1.0/../../../../avr/lib/avr5\libc.a(strncpy.o)
 .text          0x0000000000000092        0x0 c:/users/nefer/onedrive/documentos/avr-gcc-12.1.0-x64-windows - funciono 2022 en win64-wilfredo/avr-gcc-12.1.0-x64-windows/bin/../lib/gcc/avr/12.1.0/../../../../avr/lib/avr5\libc.a(memcpy.o)
 .text          0x0000000000000092        0x0 c:/users/nefer/onedrive/documentos/avr-gcc-12.1.0-x64-windows - funciono 2022 en win64-wilfredo/avr-gcc-12.1.0-x64-windows/bin/../lib/gcc/avr/12.1.0/../../../../avr/lib/avr5\libatmega32.a(eerd_block.o)
 .text          0x0000000000000092        0x0 c:/users/nefer/onedrive/documentos/avr-gcc-12.1.0-x64-windows - funciono 2022 en win64-wilfredo/avr-gcc-12.1.0-x64-windows/bin/../lib/gcc/avr/12.1.0/../../../../avr/lib/avr5\libatmega32.a(eeupd_block.o)
 .text          0x0000000000000092        0x0 c:/users/nefer/onedrive/documentos/avr-gcc-12.1.0-x64-windows - funciono 2022 en win64-wilfredo/avr-gcc-12.1.0-x64-windows/bin/../lib/gcc/avr/12.1.0/../../../../avr/lib/avr5\libatmega32.a(eeupd_byte.o)
                0x0000000000000092                . = ALIGN (0x2)
 *(.text.*)
 .text.integer_to_arraybcd_msb_lsb
                0x0000000000000092      0x12c ./utils/utils.o
                0x0000000000000092                integer_to_arraybcd_msb_lsb
 .text.paddingLeftw_
                0x00000000000001be       0xb4 ./utils/utils.o
                0x00000000000001be                paddingLeftw_
 .text.paddingLeftwZeroes
                0x0000000000000272        0x6 ./utils/utils.o
                0x0000000000000272                paddingLeftwZeroes
 .text.paddingLeftwBlanks
                0x0000000000000278        0x6 ./utils/utils.o
                0x0000000000000278                paddingLeftwBlanks
 .text.USART_Init
                0x000000000000027e       0x12 ./usart/usart.o
                0x000000000000027e                USART_Init
 .text.USART_Transmit
                0x0000000000000290        0x8 ./usart/usart.o
                0x0000000000000290                USART_Transmit
 .text.USART_Receive
                0x0000000000000298        0x8 ./usart/usart.o
                0x0000000000000298                USART_Receive
 .text.USART_RX_vect
                0x00000000000002a0       0x48 ./usart/usart.o
                0x00000000000002a0                USART_RX_vect
 .text.usart_print_string
                0x00000000000002e8       0x18 ./usart/usart.o
                0x00000000000002e8                usart_print_string
 .text.usart_println_string
                0x0000000000000300       0x20 ./usart/usart.o
                0x0000000000000300                usart_println_string
 .text.usart_print_PSTRstring
                0x0000000000000320       0x18 ./usart/usart.o
                0x0000000000000320                usart_print_PSTRstring
 .text.usart_println_PSTRstring
                0x0000000000000338       0x20 ./usart/usart.o
                0x0000000000000338                usart_println_PSTRstring
 .text.time_set
                0x0000000000000358        0x2 ./timing/timing.o
                0x0000000000000358                time_set
 .text.time_dec
                0x000000000000035a       0x3a ./timing/timing.o
                0x000000000000035a                time_dec
 .text.time_inc
                0x0000000000000394       0x42 ./timing/timing.o
                0x0000000000000394                time_inc
 .text.termopile_job
                0x00000000000003d6      0x11c ./termopile/termopile.o
                0x00000000000003d6                termopile_job
 .text.smoothAlg_nonblock
                0x00000000000004f2      0x3aa ./smoothAlg/smoothAlg.o
                0x00000000000004f2                smoothAlg_nonblock
 .text.scirbuf_bytes_available
                0x000000000000089c       0x38 ./serial/serial.o
                0x000000000000089c                scirbuf_bytes_available
 .text.scirbuf_write
                0x00000000000008d4       0x4c ./serial/serial.o
                0x00000000000008d4                scirbuf_write
 .text.scirbuf_read
                0x0000000000000920       0x42 ./serial/serial.o
                0x0000000000000920                scirbuf_read
 .text.scirbuf_read_nbytes
                0x0000000000000962      0x1ee ./serial/serial.o
                0x0000000000000962                scirbuf_read_nbytes
 .text.scirbuf_read_1byte
                0x0000000000000b50       0xc0 ./serial/serial.o
                0x0000000000000b50                scirbuf_read_1byte
 .text.rx_handler
                0x0000000000000c10      0x1c8 ./serial/serial.o
                0x0000000000000c10                rx_handler
 .text.pinGetLevel_0
                0x0000000000000dd8        0x8 ./pinGetLevel/pinGetLevel.o
 .text.pinGetLevel_init
                0x0000000000000de0       0x3c ./pinGetLevel/pinGetLevel.o
                0x0000000000000de0                pinGetLevel_init
 .text.pinGetLevel_job
                0x0000000000000e1c       0xc0 ./pinGetLevel/pinGetLevel.o
                0x0000000000000e1c                pinGetLevel_job
 .text.pid_pwm_set_pin
                0x0000000000000edc       0x28 ./pid/pid.o
                0x0000000000000edc                pid_pwm_set_pin
 .text.pid_pwm_stablish_levelpin
                0x0000000000000f04       0x32 ./pid/pid.o
                0x0000000000000f04                pid_pwm_stablish_levelpin
 .text.pid_find_ktop_ms
                0x0000000000000f36      0x1e6 ./pid/pid.o
                0x0000000000000f36                pid_find_ktop_ms
 .text.pid_get_output
                0x000000000000111c      0x1ac ./pid/pid.o
                0x000000000000111c                pid_get_output
 .text.pid_pwm_control
                0x00000000000012c8       0xc4 ./pid/pid.o
                0x00000000000012c8                pid_pwm_control
 .text.pid_job  0x000000000000138c      0x230 ./pid/pid.o
                0x000000000000138c                pid_job
 .text.indicator_setPortPin
                0x00000000000015bc        0xc ./indicator/indicator.o
                0x00000000000015bc                indicator_setPortPin
 .text.indicatorTimed_setKSysTickTime_ms
                0x00000000000015c8        0xa ./indicator/indicator.o
                0x00000000000015c8                indicatorTimed_setKSysTickTime_ms
 .text.indicatorTimed_run
                0x00000000000015d2        0x8 ./indicator/indicator.o
                0x00000000000015d2                indicatorTimed_run
 .text.indicatorTimed_stop
                0x00000000000015da       0x26 ./indicator/indicator.o
                0x00000000000015da                indicatorTimed_stop
 .text.indicatorTimed_cycle_start
                0x0000000000001600        0x8 ./indicator/indicator.o
                0x0000000000001600                indicatorTimed_cycle_start
 .text.indicator_on
                0x0000000000001608       0x20 ./indicator/indicator.o
                0x0000000000001608                indicator_on
 .text.indicator_off
                0x0000000000001628       0x26 ./indicator/indicator.o
                0x0000000000001628                indicator_off
 .text.indicatorTimed_job
                0x000000000000164e      0x120 ./indicator/indicator.o
                0x000000000000164e                indicatorTimed_job
 .text.keyRead_pin_key0
                0x000000000000176e        0x8 ./ikb/ikb.o
 .text.keyRead_pin_key1
                0x0000000000001776        0x6 ./ikb/ikb.o
 .text.keyRead_pin_key2
                0x000000000000177c        0xa ./ikb/ikb.o
 .text.keyRead_pin_key3
                0x0000000000001786        0xa ./ikb/ikb.o
 .text.keyRead_pin_key4
                0x0000000000001790        0x8 ./ikb/ikb.o
 .text.keyRead_pin_key5
                0x0000000000001798        0x6 ./ikb/ikb.o
 .text.keyRead_pin_key6
                0x000000000000179e        0xa ./ikb/ikb.o
 .text.ikb_setKeyProp
                0x00000000000017a8       0x46 ./ikb/ikb.o
                0x00000000000017a8                ikb_setKeyProp
 .text.ikb_init
                0x00000000000017ee      0x17e ./ikb/ikb.o
                0x00000000000017ee                ikb_init
 .text.ikb_flush
                0x000000000000196c       0x48 ./ikb/ikb.o
                0x000000000000196c                ikb_flush
 .text.ikb_get_AtTimeExpired_BeforeOrAfter
                0x00000000000019b4       0x16 ./ikb/ikb.o
                0x00000000000019b4                ikb_get_AtTimeExpired_BeforeOrAfter
 .text.ikb_key_is_ready2read
                0x00000000000019ca       0x14 ./ikb/ikb.o
                0x00000000000019ca                ikb_key_is_ready2read
 .text.ikb_set_ready2read
                0x00000000000019de       0x14 ./ikb/ikb.o
                0x00000000000019de                ikb_set_ready2read
 .text.ikb_key_was_read
                0x00000000000019f2       0x14 ./ikb/ikb.o
                0x00000000000019f2                ikb_key_was_read
 .text.ikb_execfunct
                0x0000000000001a06       0x14 ./ikb/ikb.o
                0x0000000000001a06                ikb_execfunct
 .text.ikb_getKeyState
                0x0000000000001a1a       0x12 ./ikb/ikb.o
                0x0000000000001a1a                ikb_getKeyState
 .text.ikb_getKeyStartPressed
                0x0000000000001a2c       0x16 ./ikb/ikb.o
                0x0000000000001a2c                ikb_getKeyStartPressed
 .text.ikb_clearKeyStartPressed
                0x0000000000001a42       0x14 ./ikb/ikb.o
                0x0000000000001a42                ikb_clearKeyStartPressed
 .text.ikey_scan
                0x0000000000001a56       0xce ./ikb/ikb.o
                0x0000000000001a56                ikey_scan
 .text.ikb_inReptt
                0x0000000000001b24       0x1a ./ikb/ikb.o
                0x0000000000001b24                ikb_inReptt
 .text.ikey_parsing
                0x0000000000001b3e      0x3c6 ./ikb/ikb.o
                0x0000000000001b3e                ikey_parsing
 .text.ikb_job  0x0000000000001f04        0x8 ./ikb/ikb.o
                0x0000000000001f04                ikb_job
 .text.ikey_is_all_hw_released
                0x0000000000001f0c       0x3e ./ikb/ikb.o
                0x0000000000001f0c                ikey_is_all_hw_released
 .text.ikey_clear_all_flag
                0x0000000000001f4a       0x48 ./ikb/ikb.o
                0x0000000000001f4a                ikey_clear_all_flag
 .text.ikey_is_all_process_finished
                0x0000000000001f92       0x42 ./ikb/ikb.o
                0x0000000000001f92                ikey_is_all_process_finished
 .text.groupDig_setStrDig
                0x0000000000001fd4        0xa ./groupdig/groupdig.o
                0x0000000000001fd4                groupDig_setStrDig
 .text.error_job
                0x0000000000001fde      0x1f0 ./error/error.o
                0x0000000000001fde                error_job
 .text.blink_set
                0x00000000000021ce        0xa ./blink/blink.o
                0x00000000000021ce                blink_set
 .text.blink_reset
                0x00000000000021d8       0x1a ./blink/blink.o
                0x00000000000021d8                blink_reset
 .text.blink_timing
                0x00000000000021f2       0x32 ./blink/blink.o
                0x00000000000021f2                blink_timing
 .text.ADC_set_channel
                0x0000000000002224        0xc ./adc/adc.o
                0x0000000000002224                ADC_set_channel
 .text.ADC_set_reference
                0x0000000000002230       0x12 ./adc/adc.o
                0x0000000000002230                ADC_set_reference
 .text.ADC_set_prescaler
                0x0000000000002242        0xa ./adc/adc.o
                0x0000000000002242                ADC_set_prescaler
 .text.ADC_enable
                0x000000000000224c        0x4 ./adc/adc.o
                0x000000000000224c                ADC_enable
 .text.ADC_disable
                0x0000000000002250        0x4 ./adc/adc.o
                0x0000000000002250                ADC_disable
 .text.ADC_setBit_startConversion_On
                0x0000000000002254        0x4 ./adc/adc.o
                0x0000000000002254                ADC_setBit_startConversion_On
 .text.ADC_setBit_startConversion_Off
                0x0000000000002258        0x4 ./adc/adc.o
                0x0000000000002258                ADC_setBit_startConversion_Off
 .text.ADC_set_adjust
                0x000000000000225c        0xc ./adc/adc.o
                0x000000000000225c                ADC_set_adjust
 .text.ADC_get_resultH
                0x0000000000002268        0x4 ./adc/adc.o
                0x0000000000002268                ADC_get_resultH
 .text.ADC_get_resultL
                0x000000000000226c        0x4 ./adc/adc.o
                0x000000000000226c                ADC_get_resultL
 .text.ADC_setAutoTrigger_enabled
                0x0000000000002270        0x4 ./adc/adc.o
                0x0000000000002270                ADC_setAutoTrigger_enabled
 .text.ADC_setAutoTrigger_disabled
                0x0000000000002274        0x4 ./adc/adc.o
                0x0000000000002274                ADC_setAutoTrigger_disabled
 .text.ADC_setAutoTrigger_source
                0x0000000000002278       0x12 ./adc/adc.o
                0x0000000000002278                ADC_setAutoTrigger_source
 .text.ADC_init
                0x000000000000228a       0x38 ./adc/adc.o
                0x000000000000228a                ADC_init
 .text.ADC_start_conv
                0x00000000000022c2        0xe ./adc/adc.o
                0x00000000000022c2                ADC_start_conv
 .text.ADC_start_and_wait_conv
                0x00000000000022d0       0x14 ./adc/adc.o
                0x00000000000022d0                ADC_start_and_wait_conv
 .text.ADC_read
                0x00000000000022e4       0x52 ./adc/adc.o
                0x00000000000022e4                ADC_read
 .text.T_rtd    0x0000000000002336      0x1b6 ./Temperature/temperature.o
                0x0000000000002336                T_rtd
 .text.MAX6675_formatText3dig
                0x00000000000024ec       0x76 ./Temperature/temperature.o
                0x00000000000024ec                MAX6675_formatText3dig
 .text.smoothAlg_nonblock_job
                0x0000000000002562      0x264 ./Temperature/temperature.o
                0x0000000000002562                smoothAlg_nonblock_job
 .text.temperature_job
                0x00000000000027c6      0x324 ./Temperature/temperature.o
                0x00000000000027c6                temperature_job
 .text.InitSPI_MASTER
                0x0000000000002aea        0xc ./SPI/SPI_01.o
                0x0000000000002aea                InitSPI_MASTER
 .text.SPI_MSTR_ExchangeData
                0x0000000000002af6        0xa ./SPI/SPI_01.o
                0x0000000000002af6                SPI_MSTR_ExchangeData
 .text.MAX6675_getFloatTmprCelsius
                0x0000000000002b00       0xb8 ./MAX6675/MAX6675.o
                0x0000000000002b00                MAX6675_getFloatTmprCelsius
 .text.MAX6675_get12bitsTemp
                0x0000000000002bb8       0x58 ./MAX6675/MAX6675.o
                0x0000000000002bb8                MAX6675_get12bitsTemp
 .text.disp7s_setup
                0x0000000000002c10       0x1e ./Display7S/display7s.o
                0x0000000000002c10                disp7s_setup
 .text.disp7s_job
                0x0000000000002c2e       0x8e ./Display7S/display7s.o
                0x0000000000002c2e                disp7s_job
 .text.disp7s_fix_upsidedown_display
                0x0000000000002cbc       0x28 ./disp7s_applevel.o
                0x0000000000002cbc                disp7s_fix_upsidedown_display
 .text.disp7s_fix_all_upsidedown_display
                0x0000000000002ce4       0x4e ./disp7s_applevel.o
                0x0000000000002ce4                disp7s_fix_all_upsidedown_display
 .text.disp7s_blank_displays
                0x0000000000002d32       0x1e ./disp7s_applevel.o
                0x0000000000002d32                disp7s_blank_displays
 .text.disp7s_update_data_array
                0x0000000000002d50       0x20 ./disp7s_applevel.o
                0x0000000000002d50                disp7s_update_data_array
 .text.disp7s_save_data_array
                0x0000000000002d70       0x68 ./disp7s_applevel.o
                0x0000000000002d70                disp7s_save_data_array
 .text.disp7s_clear_all
                0x0000000000002dd8       0x10 ./disp7s_applevel.o
                0x0000000000002dd8                disp7s_clear_all
 .text.integer_to_arraybcd_msb_lsb_paddingleft_blank
                0x0000000000002de8      0x196 ./disp7s_applevel.o
                0x0000000000002de8                integer_to_arraybcd_msb_lsb_paddingleft_blank
 .text.integer_to_arraybcd_msb_lsb_paddingleft_zeroes
                0x0000000000002f7e      0x194 ./disp7s_applevel.o
                0x0000000000002f7e                integer_to_arraybcd_msb_lsb_paddingleft_zeroes
 .text.disp7s_decimalpoint_on
                0x0000000000003112        0xa ./disp7s_applevel.o
                0x0000000000003112                disp7s_decimalpoint_on
 .text.disp7s_decimalpoint_off
                0x000000000000311c        0xa ./disp7s_applevel.o
                0x000000000000311c                disp7s_decimalpoint_off
 .text.disp7s_mux0_off
                0x0000000000003126        0x4 ./display7s_setup.o
 .text.disp7s_mux0_on
                0x000000000000312a        0x4 ./display7s_setup.o
 .text.disp7s_mux1_off
                0x000000000000312e        0x4 ./display7s_setup.o
 .text.disp7s_mux1_on
                0x0000000000003132        0x4 ./display7s_setup.o
 .text.disp7s_mux2_off
                0x0000000000003136        0x4 ./display7s_setup.o
 .text.disp7s_mux2_on
                0x000000000000313a        0x4 ./display7s_setup.o
 .text.disp7s_mux3_off
                0x000000000000313e        0x4 ./display7s_setup.o
 .text.disp7s_mux3_on
                0x0000000000003142        0x4 ./display7s_setup.o
 .text.disp7s_mux4_off
                0x0000000000003146        0x4 ./display7s_setup.o
 .text.disp7s_mux4_on
                0x000000000000314a        0x4 ./display7s_setup.o
 .text.disp7s_mux5_off
                0x000000000000314e        0x4 ./display7s_setup.o
 .text.disp7s_mux5_on
                0x0000000000003152        0x4 ./display7s_setup.o
 .text.disp7s_mux6_off
                0x0000000000003156        0x4 ./display7s_setup.o
 .text.disp7s_mux6_on
                0x000000000000315a        0x4 ./display7s_setup.o
 .text.disp7s_mux7_off
                0x000000000000315e        0x4 ./display7s_setup.o
 .text.disp7s_mux7_on
                0x0000000000003162        0x4 ./display7s_setup.o
 .text.disp7s_init
                0x0000000000003166       0x46 ./display7s_setup.o
                0x0000000000003166                disp7s_init
 .text.mypid0_set
                0x00000000000031ac       0x6a ./main.o
                0x00000000000031ac                mypid0_set
 .text.mypid0_adjust_kei_windup
                0x0000000000003216       0x2c ./main.o
                0x0000000000003216                mypid0_adjust_kei_windup
 .text.kbmode_default
                0x0000000000003242       0xbc ./main.o
                0x0000000000003242                kbmode_default
 .text.kbmode_2basket_set_default
                0x00000000000032fe       0x10 ./main.o
                0x00000000000032fe                kbmode_2basket_set_default
 .text.fryer_init
                0x000000000000330e       0x34 ./main.o
                0x000000000000330e                fryer_init
 .text.ADC_config2temperature
                0x0000000000003342       0x2c ./main.o
                0x0000000000003342                ADC_config2temperature
 .text.ADC_config2termopile
                0x000000000000336e       0x2c ./main.o
                0x000000000000336e                ADC_config2termopile
 .text.startup.main
                0x000000000000339a      0x5ca ./main.o
                0x000000000000339a                main
 .text.__vector_10
                0x0000000000003964       0x18 ./main.o
                0x0000000000003964                __vector_10
 .text.build_cookCycle_string
                0x000000000000397c       0x84 ./psmode_operative.o
                0x000000000000397c                build_cookCycle_string
 .text.cookCycle_hotUpdate
                0x0000000000003a00       0xec ./psmode_operative.o
                0x0000000000003a00                cookCycle_hotUpdate
 .text.psmode_operative_init
                0x0000000000003aec      0x160 ./psmode_operative.o
                0x0000000000003aec                psmode_operative_init
 .text.p1       0x0000000000003c4c      0x55e ./psmode_operative.o
                0x0000000000003c4c                p1
 .text.p2       0x00000000000041aa      0x16c ./psmode_operative.o
                0x00000000000041aa                p2
 .text.p3       0x0000000000004316      0x176 ./psmode_operative.o
                0x0000000000004316                p3
 .text.psmode_operative
                0x000000000000448c       0x70 ./psmode_operative.o
                0x000000000000448c                psmode_operative
 .text.psmode_program
                0x00000000000044fc      0x2a8 ./psmode_program.o
                0x00000000000044fc                psmode_program
 .text.psmode_viewTemp
                0x00000000000047a4       0xf6 ./psmode_viewTemp.o
                0x00000000000047a4                psmode_viewTemp
 .text.libgcc.mul
                0x000000000000489a        0x0 c:/users/nefer/onedrive/documentos/avr-gcc-12.1.0-x64-windows - funciono 2022 en win64-wilfredo/avr-gcc-12.1.0-x64-windows/bin/../lib/gcc/avr/12.1.0/avr5\libgcc.a(_divmodsi4.o)
 .text.libgcc.div
                0x000000000000489a       0x2e c:/users/nefer/onedrive/documentos/avr-gcc-12.1.0-x64-windows - funciono 2022 en win64-wilfredo/avr-gcc-12.1.0-x64-windows/bin/../lib/gcc/avr/12.1.0/avr5\libgcc.a(_divmodsi4.o)
                0x000000000000489a                __divmodsi4
 .text.libgcc   0x00000000000048c8        0x0 c:/users/nefer/onedrive/documentos/avr-gcc-12.1.0-x64-windows - funciono 2022 en win64-wilfredo/avr-gcc-12.1.0-x64-windows/bin/../lib/gcc/avr/12.1.0/avr5\libgcc.a(_divmodsi4.o)
 .text.libgcc.prologue
                0x00000000000048c8        0x0 c:/users/nefer/onedrive/documentos/avr-gcc-12.1.0-x64-windows - funciono 2022 en win64-wilfredo/avr-gcc-12.1.0-x64-windows/bin/../lib/gcc/avr/12.1.0/avr5\libgcc.a(_divmodsi4.o)
 .text.libgcc.builtins
                0x00000000000048c8        0x0 c:/users/nefer/onedrive/documentos/avr-gcc-12.1.0-x64-windows - funciono 2022 en win64-wilfredo/avr-gcc-12.1.0-x64-windows/bin/../lib/gcc/avr/12.1.0/avr5\libgcc.a(_divmodsi4.o)
 .text.libgcc.fmul
                0x00000000000048c8        0x0 c:/users/nefer/onedrive/documentos/avr-gcc-12.1.0-x64-windows - funciono 2022 en win64-wilfredo/avr-gcc-12.1.0-x64-windows/bin/../lib/gcc/avr/12.1.0/avr5\libgcc.a(_divmodsi4.o)
 .text.libgcc.fixed
                0x00000000000048c8        0x0 c:/users/nefer/onedrive/documentos/avr-gcc-12.1.0-x64-windows - funciono 2022 en win64-wilfredo/avr-gcc-12.1.0-x64-windows/bin/../lib/gcc/avr/12.1.0/avr5\libgcc.a(_divmodsi4.o)
 .text.libgcc.mul
                0x00000000000048c8        0x0 c:/users/nefer/onedrive/documentos/avr-gcc-12.1.0-x64-windows - funciono 2022 en win64-wilfredo/avr-gcc-12.1.0-x64-windows/bin/../lib/gcc/avr/12.1.0/avr5\libgcc.a(_negsi2.o)
 .text.libgcc.div
                0x00000000000048c8       0x10 c:/users/nefer/onedrive/documentos/avr-gcc-12.1.0-x64-windows - funciono 2022 en win64-wilfredo/avr-gcc-12.1.0-x64-windows/bin/../lib/gcc/avr/12.1.0/avr5\libgcc.a(_negsi2.o)
                0x00000000000048c8                __negsi2
 .text.libgcc   0x00000000000048d8        0x0 c:/users/nefer/onedrive/documentos/avr-gcc-12.1.0-x64-windows - funciono 2022 en win64-wilfredo/avr-gcc-12.1.0-x64-windows/bin/../lib/gcc/avr/12.1.0/avr5\libgcc.a(_negsi2.o)
 .text.libgcc.prologue
                0x00000000000048d8        0x0 c:/users/nefer/onedrive/documentos/avr-gcc-12.1.0-x64-windows - funciono 2022 en win64-wilfredo/avr-gcc-12.1.0-x64-windows/bin/../lib/gcc/avr/12.1.0/avr5\libgcc.a(_negsi2.o)
 .text.libgcc.builtins
                0x00000000000048d8        0x0 c:/users/nefer/onedrive/documentos/avr-gcc-12.1.0-x64-windows - funciono 2022 en win64-wilfredo/avr-gcc-12.1.0-x64-windows/bin/../lib/gcc/avr/12.1.0/avr5\libgcc.a(_negsi2.o)
 .text.libgcc.fmul
                0x00000000000048d8        0x0 c:/users/nefer/onedrive/documentos/avr-gcc-12.1.0-x64-windows - funciono 2022 en win64-wilfredo/avr-gcc-12.1.0-x64-windows/bin/../lib/gcc/avr/12.1.0/avr5\libgcc.a(_negsi2.o)
 .text.libgcc.fixed
                0x00000000000048d8        0x0 c:/users/nefer/onedrive/documentos/avr-gcc-12.1.0-x64-windows - funciono 2022 en win64-wilfredo/avr-gcc-12.1.0-x64-windows/bin/../lib/gcc/avr/12.1.0/avr5\libgcc.a(_negsi2.o)
 .text.libgcc.mul
                0x00000000000048d8        0x0 c:/users/nefer/onedrive/documentos/avr-gcc-12.1.0-x64-windows - funciono 2022 en win64-wilfredo/avr-gcc-12.1.0-x64-windows/bin/../lib/gcc/avr/12.1.0/avr5\libgcc.a(_exit.o)
 .text.libgcc.div
                0x00000000000048d8        0x0 c:/users/nefer/onedrive/documentos/avr-gcc-12.1.0-x64-windows - funciono 2022 en win64-wilfredo/avr-gcc-12.1.0-x64-windows/bin/../lib/gcc/avr/12.1.0/avr5\libgcc.a(_exit.o)
 .text.libgcc   0x00000000000048d8        0x0 c:/users/nefer/onedrive/documentos/avr-gcc-12.1.0-x64-windows - funciono 2022 en win64-wilfredo/avr-gcc-12.1.0-x64-windows/bin/../lib/gcc/avr/12.1.0/avr5\libgcc.a(_exit.o)
 .text.libgcc.prologue
                0x00000000000048d8        0x0 c:/users/nefer/onedrive/documentos/avr-gcc-12.1.0-x64-windows - funciono 2022 en win64-wilfredo/avr-gcc-12.1.0-x64-windows/bin/../lib/gcc/avr/12.1.0/avr5\libgcc.a(_exit.o)
 .text.libgcc.builtins
                0x00000000000048d8        0x0 c:/users/nefer/onedrive/documentos/avr-gcc-12.1.0-x64-windows - funciono 2022 en win64-wilfredo/avr-gcc-12.1.0-x64-windows/bin/../lib/gcc/avr/12.1.0/avr5\libgcc.a(_exit.o)
 .text.libgcc.fmul
                0x00000000000048d8        0x0 c:/users/nefer/onedrive/documentos/avr-gcc-12.1.0-x64-windows - funciono 2022 en win64-wilfredo/avr-gcc-12.1.0-x64-windows/bin/../lib/gcc/avr/12.1.0/avr5\libgcc.a(_exit.o)
 .text.libgcc.fixed
                0x00000000000048d8        0x0 c:/users/nefer/onedrive/documentos/avr-gcc-12.1.0-x64-windows - funciono 2022 en win64-wilfredo/avr-gcc-12.1.0-x64-windows/bin/../lib/gcc/avr/12.1.0/avr5\libgcc.a(_exit.o)
 .text.libgcc.mul
                0x00000000000048d8        0x0 c:/users/nefer/onedrive/documentos/avr-gcc-12.1.0-x64-windows - funciono 2022 en win64-wilfredo/avr-gcc-12.1.0-x64-windows/bin/../lib/gcc/avr/12.1.0/avr5\libgcc.a(_copy_data.o)
 .text.libgcc.div
                0x00000000000048d8        0x0 c:/users/nefer/onedrive/documentos/avr-gcc-12.1.0-x64-windows - funciono 2022 en win64-wilfredo/avr-gcc-12.1.0-x64-windows/bin/../lib/gcc/avr/12.1.0/avr5\libgcc.a(_copy_data.o)
 .text.libgcc   0x00000000000048d8        0x0 c:/users/nefer/onedrive/documentos/avr-gcc-12.1.0-x64-windows - funciono 2022 en win64-wilfredo/avr-gcc-12.1.0-x64-windows/bin/../lib/gcc/avr/12.1.0/avr5\libgcc.a(_copy_data.o)
 .text.libgcc.prologue
                0x00000000000048d8        0x0 c:/users/nefer/onedrive/documentos/avr-gcc-12.1.0-x64-windows - funciono 2022 en win64-wilfredo/avr-gcc-12.1.0-x64-windows/bin/../lib/gcc/avr/12.1.0/avr5\libgcc.a(_copy_data.o)
 .text.libgcc.builtins
                0x00000000000048d8        0x0 c:/users/nefer/onedrive/documentos/avr-gcc-12.1.0-x64-windows - funciono 2022 en win64-wilfredo/avr-gcc-12.1.0-x64-windows/bin/../lib/gcc/avr/12.1.0/avr5\libgcc.a(_copy_data.o)
 .text.libgcc.fmul
                0x00000000000048d8        0x0 c:/users/nefer/onedrive/documentos/avr-gcc-12.1.0-x64-windows - funciono 2022 en win64-wilfredo/avr-gcc-12.1.0-x64-windows/bin/../lib/gcc/avr/12.1.0/avr5\libgcc.a(_copy_data.o)
 .text.libgcc.fixed
                0x00000000000048d8        0x0 c:/users/nefer/onedrive/documentos/avr-gcc-12.1.0-x64-windows - funciono 2022 en win64-wilfredo/avr-gcc-12.1.0-x64-windows/bin/../lib/gcc/avr/12.1.0/avr5\libgcc.a(_copy_data.o)
 .text.libgcc.mul
                0x00000000000048d8        0x0 c:/users/nefer/onedrive/documentos/avr-gcc-12.1.0-x64-windows - funciono 2022 en win64-wilfredo/avr-gcc-12.1.0-x64-windows/bin/../lib/gcc/avr/12.1.0/avr5\libgcc.a(_clear_bss.o)
 .text.libgcc.div
                0x00000000000048d8        0x0 c:/users/nefer/onedrive/documentos/avr-gcc-12.1.0-x64-windows - funciono 2022 en win64-wilfredo/avr-gcc-12.1.0-x64-windows/bin/../lib/gcc/avr/12.1.0/avr5\libgcc.a(_clear_bss.o)
 .text.libgcc   0x00000000000048d8        0x0 c:/users/nefer/onedrive/documentos/avr-gcc-12.1.0-x64-windows - funciono 2022 en win64-wilfredo/avr-gcc-12.1.0-x64-windows/bin/../lib/gcc/avr/12.1.0/avr5\libgcc.a(_clear_bss.o)
 .text.libgcc.prologue
                0x00000000000048d8        0x0 c:/users/nefer/onedrive/documentos/avr-gcc-12.1.0-x64-windows - funciono 2022 en win64-wilfredo/avr-gcc-12.1.0-x64-windows/bin/../lib/gcc/avr/12.1.0/avr5\libgcc.a(_clear_bss.o)
 .text.libgcc.builtins
                0x00000000000048d8        0x0 c:/users/nefer/onedrive/documentos/avr-gcc-12.1.0-x64-windows - funciono 2022 en win64-wilfredo/avr-gcc-12.1.0-x64-windows/bin/../lib/gcc/avr/12.1.0/avr5\libgcc.a(_clear_bss.o)
 .text.libgcc.fmul
                0x00000000000048d8        0x0 c:/users/nefer/onedrive/documentos/avr-gcc-12.1.0-x64-windows - funciono 2022 en win64-wilfredo/avr-gcc-12.1.0-x64-windows/bin/../lib/gcc/avr/12.1.0/avr5\libgcc.a(_clear_bss.o)
 .text.libgcc.fixed
                0x00000000000048d8        0x0 c:/users/nefer/onedrive/documentos/avr-gcc-12.1.0-x64-windows - funciono 2022 en win64-wilfredo/avr-gcc-12.1.0-x64-windows/bin/../lib/gcc/avr/12.1.0/avr5\libgcc.a(_clear_bss.o)
 .text.libgcc.mul
                0x00000000000048d8        0x0 c:/users/nefer/onedrive/documentos/avr-gcc-12.1.0-x64-windows - funciono 2022 en win64-wilfredo/avr-gcc-12.1.0-x64-windows/bin/../lib/gcc/avr/12.1.0/avr5\libgcc.a(_udivmodsi4.o)
 .text.libgcc.div
                0x00000000000048d8       0x44 c:/users/nefer/onedrive/documentos/avr-gcc-12.1.0-x64-windows - funciono 2022 en win64-wilfredo/avr-gcc-12.1.0-x64-windows/bin/../lib/gcc/avr/12.1.0/avr5\libgcc.a(_udivmodsi4.o)
                0x00000000000048d8                __udivmodsi4
 .text.libgcc   0x000000000000491c        0x0 c:/users/nefer/onedrive/documentos/avr-gcc-12.1.0-x64-windows - funciono 2022 en win64-wilfredo/avr-gcc-12.1.0-x64-windows/bin/../lib/gcc/avr/12.1.0/avr5\libgcc.a(_udivmodsi4.o)
 .text.libgcc.prologue
                0x000000000000491c        0x0 c:/users/nefer/onedrive/documentos/avr-gcc-12.1.0-x64-windows - funciono 2022 en win64-wilfredo/avr-gcc-12.1.0-x64-windows/bin/../lib/gcc/avr/12.1.0/avr5\libgcc.a(_udivmodsi4.o)
 .text.libgcc.builtins
                0x000000000000491c        0x0 c:/users/nefer/onedrive/documentos/avr-gcc-12.1.0-x64-windows - funciono 2022 en win64-wilfredo/avr-gcc-12.1.0-x64-windows/bin/../lib/gcc/avr/12.1.0/avr5\libgcc.a(_udivmodsi4.o)
 .text.libgcc.fmul
                0x000000000000491c        0x0 c:/users/nefer/onedrive/documentos/avr-gcc-12.1.0-x64-windows - funciono 2022 en win64-wilfredo/avr-gcc-12.1.0-x64-windows/bin/../lib/gcc/avr/12.1.0/avr5\libgcc.a(_udivmodsi4.o)
 .text.libgcc.fixed
                0x000000000000491c        0x0 c:/users/nefer/onedrive/documentos/avr-gcc-12.1.0-x64-windows - funciono 2022 en win64-wilfredo/avr-gcc-12.1.0-x64-windows/bin/../lib/gcc/avr/12.1.0/avr5\libgcc.a(_udivmodsi4.o)
 .text.avr-libc.fplib
                0x000000000000491c        0xe c:/users/nefer/onedrive/documentos/avr-gcc-12.1.0-x64-windows - funciono 2022 en win64-wilfredo/avr-gcc-12.1.0-x64-windows/bin/../lib/gcc/avr/12.1.0/../../../../avr/lib/avr5\libm.a(addsf3.o)
                0x000000000000491c                __subsf3
                0x000000000000491e                __addsf3
 .text.avr-libc.fplib
                0x000000000000492a       0xcc c:/users/nefer/onedrive/documentos/avr-gcc-12.1.0-x64-windows - funciono 2022 en win64-wilfredo/avr-gcc-12.1.0-x64-windows/bin/../lib/gcc/avr/12.1.0/../../../../avr/lib/avr5\libm.a(addsf3x.o)
                0x000000000000494c                __addsf3x
 .text.avr-libc.fplib
                0x00000000000049f6        0xa c:/users/nefer/onedrive/documentos/avr-gcc-12.1.0-x64-windows - funciono 2022 en win64-wilfredo/avr-gcc-12.1.0-x64-windows/bin/../lib/gcc/avr/12.1.0/../../../../avr/lib/avr5\libm.a(cmpsf2.o)
                0x00000000000049f6                __nesf2
                0x00000000000049f6                __eqsf2
                0x00000000000049f6                __cmpsf2
                0x00000000000049f6                __ltsf2
                0x00000000000049f6                __lesf2
 .text.avr-libc.fplib
                0x0000000000004a00        0x8 c:/users/nefer/onedrive/documentos/avr-gcc-12.1.0-x64-windows - funciono 2022 en win64-wilfredo/avr-gcc-12.1.0-x64-windows/bin/../lib/gcc/avr/12.1.0/../../../../avr/lib/avr5\libm.a(divsf3.o)
                0x0000000000004a00                __divsf3
 .text.avr-libc.fplib
                0x0000000000004a08       0xdc c:/users/nefer/onedrive/documentos/avr-gcc-12.1.0-x64-windows - funciono 2022 en win64-wilfredo/avr-gcc-12.1.0-x64-windows/bin/../lib/gcc/avr/12.1.0/../../../../avr/lib/avr5\libm.a(divsf3x.o)
                0x0000000000004a28                __divsf3x
                0x0000000000004a2e                __divsf3_pse
 .text.avr-libc.fplib
                0x0000000000004ae4        0xe c:/users/nefer/onedrive/documentos/avr-gcc-12.1.0-x64-windows - funciono 2022 en win64-wilfredo/avr-gcc-12.1.0-x64-windows/bin/../lib/gcc/avr/12.1.0/../../../../avr/lib/avr5\libm.a(fixsfsi.o)
                0x0000000000004ae4                __fixsfsi
 .text.avr-libc.fplib
                0x0000000000004af2       0x5e c:/users/nefer/onedrive/documentos/avr-gcc-12.1.0-x64-windows - funciono 2022 en win64-wilfredo/avr-gcc-12.1.0-x64-windows/bin/../lib/gcc/avr/12.1.0/../../../../avr/lib/avr5\libm.a(fixunssfsi.o)
                0x0000000000004af2                __fixunssfsi
 .text.avr-libc.fplib
                0x0000000000004b50       0x7a c:/users/nefer/onedrive/documentos/avr-gcc-12.1.0-x64-windows - funciono 2022 en win64-wilfredo/avr-gcc-12.1.0-x64-windows/bin/../lib/gcc/avr/12.1.0/../../../../avr/lib/avr5\libm.a(floatsisf.o)
                0x0000000000004b50                __floatunsisf
                0x0000000000004b54                __floatsisf
 .text.avr-libc.fplib
                0x0000000000004bca       0x48 c:/users/nefer/onedrive/documentos/avr-gcc-12.1.0-x64-windows - funciono 2022 en win64-wilfredo/avr-gcc-12.1.0-x64-windows/bin/../lib/gcc/avr/12.1.0/../../../../avr/lib/avr5\libm.a(fp_cmp.o)
                0x0000000000004bca                __fp_cmp
 .text.avr-libc.fplib
                0x0000000000004c12        0xc c:/users/nefer/onedrive/documentos/avr-gcc-12.1.0-x64-windows - funciono 2022 en win64-wilfredo/avr-gcc-12.1.0-x64-windows/bin/../lib/gcc/avr/12.1.0/../../../../avr/lib/avr5\libm.a(fp_inf.o)
                0x0000000000004c12                __fp_inf
 .text.avr-libc.fplib
                0x0000000000004c1e        0x6 c:/users/nefer/onedrive/documentos/avr-gcc-12.1.0-x64-windows - funciono 2022 en win64-wilfredo/avr-gcc-12.1.0-x64-windows/bin/../lib/gcc/avr/12.1.0/../../../../avr/lib/avr5\libm.a(fp_nan.o)
                0x0000000000004c1e                __fp_nan
 .text.avr-libc.fplib
                0x0000000000004c24        0xe c:/users/nefer/onedrive/documentos/avr-gcc-12.1.0-x64-windows - funciono 2022 en win64-wilfredo/avr-gcc-12.1.0-x64-windows/bin/../lib/gcc/avr/12.1.0/../../../../avr/lib/avr5\libm.a(fp_pscA.o)
                0x0000000000004c24                __fp_pscA
 .text.avr-libc.fplib
                0x0000000000004c32        0xe c:/users/nefer/onedrive/documentos/avr-gcc-12.1.0-x64-windows - funciono 2022 en win64-wilfredo/avr-gcc-12.1.0-x64-windows/bin/../lib/gcc/avr/12.1.0/../../../../avr/lib/avr5\libm.a(fp_pscB.o)
                0x0000000000004c32                __fp_pscB
 .text.avr-libc.fplib
                0x0000000000004c40       0x22 c:/users/nefer/onedrive/documentos/avr-gcc-12.1.0-x64-windows - funciono 2022 en win64-wilfredo/avr-gcc-12.1.0-x64-windows/bin/../lib/gcc/avr/12.1.0/../../../../avr/lib/avr5\libm.a(fp_round.o)
                0x0000000000004c40                __fp_round
 .text.avr-libc.fplib
                0x0000000000004c62       0x44 c:/users/nefer/onedrive/documentos/avr-gcc-12.1.0-x64-windows - funciono 2022 en win64-wilfredo/avr-gcc-12.1.0-x64-windows/bin/../lib/gcc/avr/12.1.0/../../../../avr/lib/avr5\libm.a(fp_split3.o)
                0x0000000000004c62                __fp_split3
                0x0000000000004c72                __fp_splitA
 .text.avr-libc.fplib
                0x0000000000004ca6        0xe c:/users/nefer/onedrive/documentos/avr-gcc-12.1.0-x64-windows - funciono 2022 en win64-wilfredo/avr-gcc-12.1.0-x64-windows/bin/../lib/gcc/avr/12.1.0/../../../../avr/lib/avr5\libm.a(fp_zero.o)
                0x0000000000004ca6                __fp_zero
                0x0000000000004ca8                __fp_szero
 .text.avr-libc.fplib
                0x0000000000004cb4        0xa c:/users/nefer/onedrive/documentos/avr-gcc-12.1.0-x64-windows - funciono 2022 en win64-wilfredo/avr-gcc-12.1.0-x64-windows/bin/../lib/gcc/avr/12.1.0/../../../../avr/lib/avr5\libm.a(gesf2.o)
                0x0000000000004cb4                __gesf2
                0x0000000000004cb4                __gtsf2
 .text.avr-libc.fplib
                0x0000000000004cbe        0x8 c:/users/nefer/onedrive/documentos/avr-gcc-12.1.0-x64-windows - funciono 2022 en win64-wilfredo/avr-gcc-12.1.0-x64-windows/bin/../lib/gcc/avr/12.1.0/../../../../avr/lib/avr5\libm.a(mulsf3.o)
                0x0000000000004cbe                __mulsf3
 .text.avr-libc.fplib
                0x0000000000004cc6       0xd2 c:/users/nefer/onedrive/documentos/avr-gcc-12.1.0-x64-windows - funciono 2022 en win64-wilfredo/avr-gcc-12.1.0-x64-windows/bin/../lib/gcc/avr/12.1.0/../../../../avr/lib/avr5\libm.a(mulsf3x.o)
                0x0000000000004ce4                __mulsf3x
                0x0000000000004cea                __mulsf3_pse
 .text.avr-libc
                0x0000000000004d98       0x24 c:/users/nefer/onedrive/documentos/avr-gcc-12.1.0-x64-windows - funciono 2022 en win64-wilfredo/avr-gcc-12.1.0-x64-windows/bin/../lib/gcc/avr/12.1.0/../../../../avr/lib/avr5\libc.a(memmove.o)
                0x0000000000004d98                memmove
 .text.avr-libc
                0x0000000000004dbc        0xe c:/users/nefer/onedrive/documentos/avr-gcc-12.1.0-x64-windows - funciono 2022 en win64-wilfredo/avr-gcc-12.1.0-x64-windows/bin/../lib/gcc/avr/12.1.0/../../../../avr/lib/avr5\libc.a(memset.o)
                0x0000000000004dbc                memset
 .text.avr-libc
                0x0000000000004dca       0x1e c:/users/nefer/onedrive/documentos/avr-gcc-12.1.0-x64-windows - funciono 2022 en win64-wilfredo/avr-gcc-12.1.0-x64-windows/bin/../lib/gcc/avr/12.1.0/../../../../avr/lib/avr5\libc.a(strncpy.o)
                0x0000000000004dca                strncpy
 .text.avr-libc
                0x0000000000004de8       0x12 c:/users/nefer/onedrive/documentos/avr-gcc-12.1.0-x64-windows - funciono 2022 en win64-wilfredo/avr-gcc-12.1.0-x64-windows/bin/../lib/gcc/avr/12.1.0/../../../../avr/lib/avr5\libc.a(memcpy.o)
                0x0000000000004de8                memcpy
 .text.avr-libc
                0x0000000000004dfa       0x20 c:/users/nefer/onedrive/documentos/avr-gcc-12.1.0-x64-windows - funciono 2022 en win64-wilfredo/avr-gcc-12.1.0-x64-windows/bin/../lib/gcc/avr/12.1.0/../../../../avr/lib/avr5\libatmega32.a(eerd_block.o)
                0x0000000000004dfa                eeprom_read_block
                0x0000000000004dfe                eeprom_read_blraw
 .text.avr-libc
                0x0000000000004e1a       0x20 c:/users/nefer/onedrive/documentos/avr-gcc-12.1.0-x64-windows - funciono 2022 en win64-wilfredo/avr-gcc-12.1.0-x64-windows/bin/../lib/gcc/avr/12.1.0/../../../../avr/lib/avr5\libatmega32.a(eeupd_block.o)
                0x0000000000004e1a                eeprom_update_block
 .text.avr-libc
                0x0000000000004e3a       0x22 c:/users/nefer/onedrive/documentos/avr-gcc-12.1.0-x64-windows - funciono 2022 en win64-wilfredo/avr-gcc-12.1.0-x64-windows/bin/../lib/gcc/avr/12.1.0/../../../../avr/lib/avr5\libatmega32.a(eeupd_byte.o)
                0x0000000000004e3a                eeprom_update_byte
                0x0000000000004e3c                eeprom_update_r18
                0x0000000000004e5c                . = ALIGN (0x2)
 *(.fini9)
 .fini9         0x0000000000004e5c        0x0 c:/users/nefer/onedrive/documentos/avr-gcc-12.1.0-x64-windows - funciono 2022 en win64-wilfredo/avr-gcc-12.1.0-x64-windows/bin/../lib/gcc/avr/12.1.0/avr5\libgcc.a(_exit.o)
                0x0000000000004e5c                _exit
                0x0000000000004e5c                exit
 *(.fini9)
 *(.fini8)
 *(.fini8)
 *(.fini7)
 *(.fini7)
 *(.fini6)
 *(.fini6)
 *(.fini5)
 *(.fini5)
 *(.fini4)
 *(.fini4)
 *(.fini3)
 *(.fini3)
 *(.fini2)
 *(.fini2)
 *(.fini1)
 *(.fini1)
 *(.fini0)
 .fini0         0x0000000000004e5c        0x4 c:/users/nefer/onedrive/documentos/avr-gcc-12.1.0-x64-windows - funciono 2022 en win64-wilfredo/avr-gcc-12.1.0-x64-windows/bin/../lib/gcc/avr/12.1.0/avr5\libgcc.a(_exit.o)
 *(.fini0)
 *(.hightext)
 *(.hightext*)
 *(.progmemx.*)
                0x0000000000004e60                . = ALIGN (0x2)
 *(.jumptables)
 *(.jumptables*)
                0x0000000000004e60                _etext = .

.data           0x0000000000800060      0x4b8 load address 0x0000000000004e60
                0x0000000000800060                PROVIDE (__data_start = .)
 *(.data)
 .data          0x0000000000800060        0x0 c:/users/nefer/onedrive/documentos/avr-gcc-12.1.0-x64-windows - funciono 2022 en win64-wilfredo/avr-gcc-12.1.0-x64-windows/bin/../lib/gcc/avr/12.1.0/../../../../avr/lib/avr5/crtatmega32.o
 .data          0x0000000000800060        0x0 ./utils/utils.o
 .data          0x0000000000800060        0x0 ./usart/usart.o
 .data          0x0000000000800060        0x0 ./timing/timing.o
 .data          0x0000000000800060        0x0 ./termopile/termopile.o
 .data          0x0000000000800060        0x0 ./smoothAlg/smoothAlg.o
 .data          0x0000000000800060        0x0 ./serial/serial.o
 .data          0x0000000000800060        0x0 ./pinGetLevel/pinGetLevel.o
 .data          0x0000000000800060        0x0 ./pid/pid.o
 .data          0x0000000000800060        0x0 ./indicator/indicator.o
 .data          0x0000000000800060        0x0 ./ikb/ikb.o
 .data          0x0000000000800060        0x0 ./groupdig/groupdig.o
 .data          0x0000000000800060        0x0 ./error/error.o
 .data          0x0000000000800060        0x0 ./blink/blink.o
 .data          0x0000000000800060        0x0 ./adc/adc.o
 .data          0x0000000000800060        0x0 ./Temperature/temperature.o
 .data          0x0000000000800060        0x0 ./SPI/SPI_01.o
 .data          0x0000000000800060        0x0 ./MAX6675/MAX6675.o
 .data          0x0000000000800060        0x0 ./Display7S/display7s.o
 .data          0x0000000000800060        0x0 ./disp7s_applevel.o
 .data          0x0000000000800060        0x0 ./display7s_setup.o
 .data          0x0000000000800060        0x0 ./main.o
 .data          0x0000000000800060        0x0 ./psmode_operative.o
 .data          0x0000000000800060        0x0 ./psmode_program.o
 .data          0x0000000000800060        0x0 ./psmode_viewTemp.o
 .data          0x0000000000800060        0x0 c:/users/nefer/onedrive/documentos/avr-gcc-12.1.0-x64-windows - funciono 2022 en win64-wilfredo/avr-gcc-12.1.0-x64-windows/bin/../lib/gcc/avr/12.1.0/avr5\libgcc.a(_divmodsi4.o)
 .data          0x0000000000800060        0x0 c:/users/nefer/onedrive/documentos/avr-gcc-12.1.0-x64-windows - funciono 2022 en win64-wilfredo/avr-gcc-12.1.0-x64-windows/bin/../lib/gcc/avr/12.1.0/avr5\libgcc.a(_negsi2.o)
 .data          0x0000000000800060        0x0 c:/users/nefer/onedrive/documentos/avr-gcc-12.1.0-x64-windows - funciono 2022 en win64-wilfredo/avr-gcc-12.1.0-x64-windows/bin/../lib/gcc/avr/12.1.0/avr5\libgcc.a(_exit.o)
 .data          0x0000000000800060        0x0 c:/users/nefer/onedrive/documentos/avr-gcc-12.1.0-x64-windows - funciono 2022 en win64-wilfredo/avr-gcc-12.1.0-x64-windows/bin/../lib/gcc/avr/12.1.0/avr5\libgcc.a(_copy_data.o)
 .data          0x0000000000800060        0x0 c:/users/nefer/onedrive/documentos/avr-gcc-12.1.0-x64-windows - funciono 2022 en win64-wilfredo/avr-gcc-12.1.0-x64-windows/bin/../lib/gcc/avr/12.1.0/avr5\libgcc.a(_clear_bss.o)
 .data          0x0000000000800060        0x0 c:/users/nefer/onedrive/documentos/avr-gcc-12.1.0-x64-windows - funciono 2022 en win64-wilfredo/avr-gcc-12.1.0-x64-windows/bin/../lib/gcc/avr/12.1.0/avr5\libgcc.a(_udivmodsi4.o)
 .data          0x0000000000800060        0x0 c:/users/nefer/onedrive/documentos/avr-gcc-12.1.0-x64-windows - funciono 2022 en win64-wilfredo/avr-gcc-12.1.0-x64-windows/bin/../lib/gcc/avr/12.1.0/../../../../avr/lib/avr5\libm.a(addsf3.o)
 .data          0x0000000000800060        0x0 c:/users/nefer/onedrive/documentos/avr-gcc-12.1.0-x64-windows - funciono 2022 en win64-wilfredo/avr-gcc-12.1.0-x64-windows/bin/../lib/gcc/avr/12.1.0/../../../../avr/lib/avr5\libm.a(addsf3x.o)
 .data          0x0000000000800060        0x0 c:/users/nefer/onedrive/documentos/avr-gcc-12.1.0-x64-windows - funciono 2022 en win64-wilfredo/avr-gcc-12.1.0-x64-windows/bin/../lib/gcc/avr/12.1.0/../../../../avr/lib/avr5\libm.a(cmpsf2.o)
 .data          0x0000000000800060        0x0 c:/users/nefer/onedrive/documentos/avr-gcc-12.1.0-x64-windows - funciono 2022 en win64-wilfredo/avr-gcc-12.1.0-x64-windows/bin/../lib/gcc/avr/12.1.0/../../../../avr/lib/avr5\libm.a(divsf3.o)
 .data          0x0000000000800060        0x0 c:/users/nefer/onedrive/documentos/avr-gcc-12.1.0-x64-windows - funciono 2022 en win64-wilfredo/avr-gcc-12.1.0-x64-windows/bin/../lib/gcc/avr/12.1.0/../../../../avr/lib/avr5\libm.a(divsf3x.o)
 .data          0x0000000000800060        0x0 c:/users/nefer/onedrive/documentos/avr-gcc-12.1.0-x64-windows - funciono 2022 en win64-wilfredo/avr-gcc-12.1.0-x64-windows/bin/../lib/gcc/avr/12.1.0/../../../../avr/lib/avr5\libm.a(fixsfsi.o)
 .data          0x0000000000800060        0x0 c:/users/nefer/onedrive/documentos/avr-gcc-12.1.0-x64-windows - funciono 2022 en win64-wilfredo/avr-gcc-12.1.0-x64-windows/bin/../lib/gcc/avr/12.1.0/../../../../avr/lib/avr5\libm.a(fixunssfsi.o)
 .data          0x0000000000800060        0x0 c:/users/nefer/onedrive/documentos/avr-gcc-12.1.0-x64-windows - funciono 2022 en win64-wilfredo/avr-gcc-12.1.0-x64-windows/bin/../lib/gcc/avr/12.1.0/../../../../avr/lib/avr5\libm.a(floatsisf.o)
 .data          0x0000000000800060        0x0 c:/users/nefer/onedrive/documentos/avr-gcc-12.1.0-x64-windows - funciono 2022 en win64-wilfredo/avr-gcc-12.1.0-x64-windows/bin/../lib/gcc/avr/12.1.0/../../../../avr/lib/avr5\libm.a(fp_cmp.o)
 .data          0x0000000000800060        0x0 c:/users/nefer/onedrive/documentos/avr-gcc-12.1.0-x64-windows - funciono 2022 en win64-wilfredo/avr-gcc-12.1.0-x64-windows/bin/../lib/gcc/avr/12.1.0/../../../../avr/lib/avr5\libm.a(fp_inf.o)
 .data          0x0000000000800060        0x0 c:/users/nefer/onedrive/documentos/avr-gcc-12.1.0-x64-windows - funciono 2022 en win64-wilfredo/avr-gcc-12.1.0-x64-windows/bin/../lib/gcc/avr/12.1.0/../../../../avr/lib/avr5\libm.a(fp_nan.o)
 .data          0x0000000000800060        0x0 c:/users/nefer/onedrive/documentos/avr-gcc-12.1.0-x64-windows - funciono 2022 en win64-wilfredo/avr-gcc-12.1.0-x64-windows/bin/../lib/gcc/avr/12.1.0/../../../../avr/lib/avr5\libm.a(fp_pscA.o)
 .data          0x0000000000800060        0x0 c:/users/nefer/onedrive/documentos/avr-gcc-12.1.0-x64-windows - funciono 2022 en win64-wilfredo/avr-gcc-12.1.0-x64-windows/bin/../lib/gcc/avr/12.1.0/../../../../avr/lib/avr5\libm.a(fp_pscB.o)
 .data          0x0000000000800060        0x0 c:/users/nefer/onedrive/documentos/avr-gcc-12.1.0-x64-windows - funciono 2022 en win64-wilfredo/avr-gcc-12.1.0-x64-windows/bin/../lib/gcc/avr/12.1.0/../../../../avr/lib/avr5\libm.a(fp_round.o)
 .data          0x0000000000800060        0x0 c:/users/nefer/onedrive/documentos/avr-gcc-12.1.0-x64-windows - funciono 2022 en win64-wilfredo/avr-gcc-12.1.0-x64-windows/bin/../lib/gcc/avr/12.1.0/../../../../avr/lib/avr5\libm.a(fp_split3.o)
 .data          0x0000000000800060        0x0 c:/users/nefer/onedrive/documentos/avr-gcc-12.1.0-x64-windows - funciono 2022 en win64-wilfredo/avr-gcc-12.1.0-x64-windows/bin/../lib/gcc/avr/12.1.0/../../../../avr/lib/avr5\libm.a(fp_zero.o)
 .data          0x0000000000800060        0x0 c:/users/nefer/onedrive/documentos/avr-gcc-12.1.0-x64-windows - funciono 2022 en win64-wilfredo/avr-gcc-12.1.0-x64-windows/bin/../lib/gcc/avr/12.1.0/../../../../avr/lib/avr5\libm.a(gesf2.o)
 .data          0x0000000000800060        0x0 c:/users/nefer/onedrive/documentos/avr-gcc-12.1.0-x64-windows - funciono 2022 en win64-wilfredo/avr-gcc-12.1.0-x64-windows/bin/../lib/gcc/avr/12.1.0/../../../../avr/lib/avr5\libm.a(mulsf3.o)
 .data          0x0000000000800060        0x0 c:/users/nefer/onedrive/documentos/avr-gcc-12.1.0-x64-windows - funciono 2022 en win64-wilfredo/avr-gcc-12.1.0-x64-windows/bin/../lib/gcc/avr/12.1.0/../../../../avr/lib/avr5\libm.a(mulsf3x.o)
 .data          0x0000000000800060        0x0 c:/users/nefer/onedrive/documentos/avr-gcc-12.1.0-x64-windows - funciono 2022 en win64-wilfredo/avr-gcc-12.1.0-x64-windows/bin/../lib/gcc/avr/12.1.0/../../../../avr/lib/avr5\libc.a(memmove.o)
 .data          0x0000000000800060        0x0 c:/users/nefer/onedrive/documentos/avr-gcc-12.1.0-x64-windows - funciono 2022 en win64-wilfredo/avr-gcc-12.1.0-x64-windows/bin/../lib/gcc/avr/12.1.0/../../../../avr/lib/avr5\libc.a(memset.o)
 .data          0x0000000000800060        0x0 c:/users/nefer/onedrive/documentos/avr-gcc-12.1.0-x64-windows - funciono 2022 en win64-wilfredo/avr-gcc-12.1.0-x64-windows/bin/../lib/gcc/avr/12.1.0/../../../../avr/lib/avr5\libc.a(strncpy.o)
 .data          0x0000000000800060        0x0 c:/users/nefer/onedrive/documentos/avr-gcc-12.1.0-x64-windows - funciono 2022 en win64-wilfredo/avr-gcc-12.1.0-x64-windows/bin/../lib/gcc/avr/12.1.0/../../../../avr/lib/avr5\libc.a(memcpy.o)
 .data          0x0000000000800060        0x0 c:/users/nefer/onedrive/documentos/avr-gcc-12.1.0-x64-windows - funciono 2022 en win64-wilfredo/avr-gcc-12.1.0-x64-windows/bin/../lib/gcc/avr/12.1.0/../../../../avr/lib/avr5\libatmega32.a(eerd_block.o)
 .data          0x0000000000800060        0x0 c:/users/nefer/onedrive/documentos/avr-gcc-12.1.0-x64-windows - funciono 2022 en win64-wilfredo/avr-gcc-12.1.0-x64-windows/bin/../lib/gcc/avr/12.1.0/../../../../avr/lib/avr5\libatmega32.a(eeupd_block.o)
 .data          0x0000000000800060        0x0 c:/users/nefer/onedrive/documentos/avr-gcc-12.1.0-x64-windows - funciono 2022 en win64-wilfredo/avr-gcc-12.1.0-x64-windows/bin/../lib/gcc/avr/12.1.0/../../../../avr/lib/avr5\libatmega32.a(eeupd_byte.o)
 *(.data*)
 .data.disp7s_mux
                0x0000000000800060       0x20 ./display7s_setup.o
                0x0000000000800060                disp7s_mux
 *(.gnu.linkonce.d*)
 *(.rodata)
 *(.rodata*)
 .rodata.termopilaReset
                0x0000000000800080        0xa ./termopile/termopile.o
                0x0000000000800080                termopilaReset
 .rodata.propEmpty
                0x000000000080008a        0x6 ./ikb/ikb.o
                0x000000000080008a                propEmpty
 .rodata.smoothAlg_reset
                0x0000000000800090       0x11 ./Temperature/temperature.o
                0x0000000000800090                smoothAlg_reset
 .rodata.C_rtd  0x00000000008000a1      0x400 ./Temperature/temperature.o
                0x00000000008000a1                C_rtd
 .rodata.DIPS7S_MSG_rInd
                0x00000000008004a1        0x4 ./disp7s_applevel.o
                0x00000000008004a1                DIPS7S_MSG_rInd
 .rodata.DIPS7S_MSG_ACIE
                0x00000000008004a5        0x4 ./disp7s_applevel.o
                0x00000000008004a5                DIPS7S_MSG_ACIE
 .rodata.DIPS7S_MSG_HIGHLIMIT
                0x00000000008004a9        0x4 ./disp7s_applevel.o
                0x00000000008004a9                DIPS7S_MSG_HIGHLIMIT
 .rodata.DIPS7S_MSG_THERMOPILE
                0x00000000008004ad        0x4 ./disp7s_applevel.o
                0x00000000008004ad                DIPS7S_MSG_THERMOPILE
 .rodata.DIPS7S_MSG_THERMOCOUPLE_NC
                0x00000000008004b1        0x4 ./disp7s_applevel.o
                0x00000000008004b1                DIPS7S_MSG_THERMOCOUPLE_NC
 .rodata.DIPS7S_MSG_ERROR
                0x00000000008004b5        0x4 ./disp7s_applevel.o
                0x00000000008004b5                DIPS7S_MSG_ERROR
 .rodata.DIPS7S_MSG_PRECALENTAMIENTO
                0x00000000008004b9        0x4 ./disp7s_applevel.o
                0x00000000008004b9                DIPS7S_MSG_PRECALENTAMIENTO
 .rodata.DIPS7S_MSG_SET
                0x00000000008004bd        0x4 ./disp7s_applevel.o
                0x00000000008004bd                DIPS7S_MSG_SET
 .rodata.DIPS7S_MSG_OIL
                0x00000000008004c1        0x4 ./disp7s_applevel.o
                0x00000000008004c1                DIPS7S_MSG_OIL
 .rodata.DIPS7S_MSG_donE
                0x00000000008004c5        0x4 ./disp7s_applevel.o
                0x00000000008004c5                DIPS7S_MSG_donE
 .rodata.DIPS7S_MSG_OFF
                0x00000000008004c9        0x4 ./disp7s_applevel.o
                0x00000000008004c9                DIPS7S_MSG_OFF
 .rodata.DISP7_NUMERIC_ARR
                0x00000000008004cd        0xa ./disp7s_applevel.o
                0x00000000008004cd                DISP7_NUMERIC_ARR
 .rodata.job_reset
                0x00000000008004d7        0x4 ./main.o
                0x00000000008004d7                job_reset
 .rodata.fryer_reset
                0x00000000008004db       0x39 ./main.o
                0x00000000008004db                fryer_reset
 .rodata.ps_reset
                0x0000000000800514        0x1 ./main.o
                0x0000000000800514                ps_reset
 .rodata.main_schedule_reset
                0x0000000000800515        0x2 ./main.o
                0x0000000000800515                main_schedule_reset
 *(.gnu.linkonce.r*)
                0x0000000000800518                . = ALIGN (0x2)
 *fill*         0x0000000000800517        0x1 
                0x0000000000800518                _edata = .
                0x0000000000800518                PROVIDE (__data_end = .)

.bss            0x0000000000800518      0x2cd
                0x0000000000800518                PROVIDE (__bss_start = .)
 *(.bss)
 .bss           0x0000000000800518        0x0 c:/users/nefer/onedrive/documentos/avr-gcc-12.1.0-x64-windows - funciono 2022 en win64-wilfredo/avr-gcc-12.1.0-x64-windows/bin/../lib/gcc/avr/12.1.0/../../../../avr/lib/avr5/crtatmega32.o
 .bss           0x0000000000800518        0x0 ./utils/utils.o
 .bss           0x0000000000800518        0x0 ./usart/usart.o
 .bss           0x0000000000800518        0x0 ./timing/timing.o
 .bss           0x0000000000800518        0x0 ./termopile/termopile.o
 .bss           0x0000000000800518        0x0 ./smoothAlg/smoothAlg.o
 .bss           0x0000000000800518        0x0 ./serial/serial.o
 .bss           0x0000000000800518        0x0 ./pinGetLevel/pinGetLevel.o
 .bss           0x0000000000800518        0x0 ./pid/pid.o
 .bss           0x0000000000800518        0x0 ./indicator/indicator.o
 .bss           0x0000000000800518        0x0 ./ikb/ikb.o
 .bss           0x0000000000800518        0x0 ./groupdig/groupdig.o
 .bss           0x0000000000800518        0x0 ./error/error.o
 .bss           0x0000000000800518        0x0 ./blink/blink.o
 .bss           0x0000000000800518        0x0 ./adc/adc.o
 .bss           0x0000000000800518        0x0 ./Temperature/temperature.o
 .bss           0x0000000000800518        0x0 ./SPI/SPI_01.o
 .bss           0x0000000000800518        0x0 ./MAX6675/MAX6675.o
 .bss           0x0000000000800518        0x0 ./Display7S/display7s.o
 .bss           0x0000000000800518        0x0 ./disp7s_applevel.o
 .bss           0x0000000000800518        0x0 ./display7s_setup.o
 .bss           0x0000000000800518        0x0 ./main.o
 .bss           0x0000000000800518        0x0 ./psmode_operative.o
 .bss           0x0000000000800518        0x0 ./psmode_program.o
 .bss           0x0000000000800518        0x0 ./psmode_viewTemp.o
 .bss           0x0000000000800518        0x0 c:/users/nefer/onedrive/documentos/avr-gcc-12.1.0-x64-windows - funciono 2022 en win64-wilfredo/avr-gcc-12.1.0-x64-windows/bin/../lib/gcc/avr/12.1.0/avr5\libgcc.a(_divmodsi4.o)
 .bss           0x0000000000800518        0x0 c:/users/nefer/onedrive/documentos/avr-gcc-12.1.0-x64-windows - funciono 2022 en win64-wilfredo/avr-gcc-12.1.0-x64-windows/bin/../lib/gcc/avr/12.1.0/avr5\libgcc.a(_negsi2.o)
 .bss           0x0000000000800518        0x0 c:/users/nefer/onedrive/documentos/avr-gcc-12.1.0-x64-windows - funciono 2022 en win64-wilfredo/avr-gcc-12.1.0-x64-windows/bin/../lib/gcc/avr/12.1.0/avr5\libgcc.a(_exit.o)
 .bss           0x0000000000800518        0x0 c:/users/nefer/onedrive/documentos/avr-gcc-12.1.0-x64-windows - funciono 2022 en win64-wilfredo/avr-gcc-12.1.0-x64-windows/bin/../lib/gcc/avr/12.1.0/avr5\libgcc.a(_copy_data.o)
 .bss           0x0000000000800518        0x0 c:/users/nefer/onedrive/documentos/avr-gcc-12.1.0-x64-windows - funciono 2022 en win64-wilfredo/avr-gcc-12.1.0-x64-windows/bin/../lib/gcc/avr/12.1.0/avr5\libgcc.a(_clear_bss.o)
 .bss           0x0000000000800518        0x0 c:/users/nefer/onedrive/documentos/avr-gcc-12.1.0-x64-windows - funciono 2022 en win64-wilfredo/avr-gcc-12.1.0-x64-windows/bin/../lib/gcc/avr/12.1.0/avr5\libgcc.a(_udivmodsi4.o)
 .bss           0x0000000000800518        0x0 c:/users/nefer/onedrive/documentos/avr-gcc-12.1.0-x64-windows - funciono 2022 en win64-wilfredo/avr-gcc-12.1.0-x64-windows/bin/../lib/gcc/avr/12.1.0/../../../../avr/lib/avr5\libm.a(addsf3.o)
 .bss           0x0000000000800518        0x0 c:/users/nefer/onedrive/documentos/avr-gcc-12.1.0-x64-windows - funciono 2022 en win64-wilfredo/avr-gcc-12.1.0-x64-windows/bin/../lib/gcc/avr/12.1.0/../../../../avr/lib/avr5\libm.a(addsf3x.o)
 .bss           0x0000000000800518        0x0 c:/users/nefer/onedrive/documentos/avr-gcc-12.1.0-x64-windows - funciono 2022 en win64-wilfredo/avr-gcc-12.1.0-x64-windows/bin/../lib/gcc/avr/12.1.0/../../../../avr/lib/avr5\libm.a(cmpsf2.o)
 .bss           0x0000000000800518        0x0 c:/users/nefer/onedrive/documentos/avr-gcc-12.1.0-x64-windows - funciono 2022 en win64-wilfredo/avr-gcc-12.1.0-x64-windows/bin/../lib/gcc/avr/12.1.0/../../../../avr/lib/avr5\libm.a(divsf3.o)
 .bss           0x0000000000800518        0x0 c:/users/nefer/onedrive/documentos/avr-gcc-12.1.0-x64-windows - funciono 2022 en win64-wilfredo/avr-gcc-12.1.0-x64-windows/bin/../lib/gcc/avr/12.1.0/../../../../avr/lib/avr5\libm.a(divsf3x.o)
 .bss           0x0000000000800518        0x0 c:/users/nefer/onedrive/documentos/avr-gcc-12.1.0-x64-windows - funciono 2022 en win64-wilfredo/avr-gcc-12.1.0-x64-windows/bin/../lib/gcc/avr/12.1.0/../../../../avr/lib/avr5\libm.a(fixsfsi.o)
 .bss           0x0000000000800518        0x0 c:/users/nefer/onedrive/documentos/avr-gcc-12.1.0-x64-windows - funciono 2022 en win64-wilfredo/avr-gcc-12.1.0-x64-windows/bin/../lib/gcc/avr/12.1.0/../../../../avr/lib/avr5\libm.a(fixunssfsi.o)
 .bss           0x0000000000800518        0x0 c:/users/nefer/onedrive/documentos/avr-gcc-12.1.0-x64-windows - funciono 2022 en win64-wilfredo/avr-gcc-12.1.0-x64-windows/bin/../lib/gcc/avr/12.1.0/../../../../avr/lib/avr5\libm.a(floatsisf.o)
 .bss           0x0000000000800518        0x0 c:/users/nefer/onedrive/documentos/avr-gcc-12.1.0-x64-windows - funciono 2022 en win64-wilfredo/avr-gcc-12.1.0-x64-windows/bin/../lib/gcc/avr/12.1.0/../../../../avr/lib/avr5\libm.a(fp_cmp.o)
 .bss           0x0000000000800518        0x0 c:/users/nefer/onedrive/documentos/avr-gcc-12.1.0-x64-windows - funciono 2022 en win64-wilfredo/avr-gcc-12.1.0-x64-windows/bin/../lib/gcc/avr/12.1.0/../../../../avr/lib/avr5\libm.a(fp_inf.o)
 .bss           0x0000000000800518        0x0 c:/users/nefer/onedrive/documentos/avr-gcc-12.1.0-x64-windows - funciono 2022 en win64-wilfredo/avr-gcc-12.1.0-x64-windows/bin/../lib/gcc/avr/12.1.0/../../../../avr/lib/avr5\libm.a(fp_nan.o)
 .bss           0x0000000000800518        0x0 c:/users/nefer/onedrive/documentos/avr-gcc-12.1.0-x64-windows - funciono 2022 en win64-wilfredo/avr-gcc-12.1.0-x64-windows/bin/../lib/gcc/avr/12.1.0/../../../../avr/lib/avr5\libm.a(fp_pscA.o)
 .bss           0x0000000000800518        0x0 c:/users/nefer/onedrive/documentos/avr-gcc-12.1.0-x64-windows - funciono 2022 en win64-wilfredo/avr-gcc-12.1.0-x64-windows/bin/../lib/gcc/avr/12.1.0/../../../../avr/lib/avr5\libm.a(fp_pscB.o)
 .bss           0x0000000000800518        0x0 c:/users/nefer/onedrive/documentos/avr-gcc-12.1.0-x64-windows - funciono 2022 en win64-wilfredo/avr-gcc-12.1.0-x64-windows/bin/../lib/gcc/avr/12.1.0/../../../../avr/lib/avr5\libm.a(fp_round.o)
 .bss           0x0000000000800518        0x0 c:/users/nefer/onedrive/documentos/avr-gcc-12.1.0-x64-windows - funciono 2022 en win64-wilfredo/avr-gcc-12.1.0-x64-windows/bin/../lib/gcc/avr/12.1.0/../../../../avr/lib/avr5\libm.a(fp_split3.o)
 .bss           0x0000000000800518        0x0 c:/users/nefer/onedrive/documentos/avr-gcc-12.1.0-x64-windows - funciono 2022 en win64-wilfredo/avr-gcc-12.1.0-x64-windows/bin/../lib/gcc/avr/12.1.0/../../../../avr/lib/avr5\libm.a(fp_zero.o)
 .bss           0x0000000000800518        0x0 c:/users/nefer/onedrive/documentos/avr-gcc-12.1.0-x64-windows - funciono 2022 en win64-wilfredo/avr-gcc-12.1.0-x64-windows/bin/../lib/gcc/avr/12.1.0/../../../../avr/lib/avr5\libm.a(gesf2.o)
 .bss           0x0000000000800518        0x0 c:/users/nefer/onedrive/documentos/avr-gcc-12.1.0-x64-windows - funciono 2022 en win64-wilfredo/avr-gcc-12.1.0-x64-windows/bin/../lib/gcc/avr/12.1.0/../../../../avr/lib/avr5\libm.a(mulsf3.o)
 .bss           0x0000000000800518        0x0 c:/users/nefer/onedrive/documentos/avr-gcc-12.1.0-x64-windows - funciono 2022 en win64-wilfredo/avr-gcc-12.1.0-x64-windows/bin/../lib/gcc/avr/12.1.0/../../../../avr/lib/avr5\libm.a(mulsf3x.o)
 .bss           0x0000000000800518        0x0 c:/users/nefer/onedrive/documentos/avr-gcc-12.1.0-x64-windows - funciono 2022 en win64-wilfredo/avr-gcc-12.1.0-x64-windows/bin/../lib/gcc/avr/12.1.0/../../../../avr/lib/avr5\libc.a(memmove.o)
 .bss           0x0000000000800518        0x0 c:/users/nefer/onedrive/documentos/avr-gcc-12.1.0-x64-windows - funciono 2022 en win64-wilfredo/avr-gcc-12.1.0-x64-windows/bin/../lib/gcc/avr/12.1.0/../../../../avr/lib/avr5\libc.a(memset.o)
 .bss           0x0000000000800518        0x0 c:/users/nefer/onedrive/documentos/avr-gcc-12.1.0-x64-windows - funciono 2022 en win64-wilfredo/avr-gcc-12.1.0-x64-windows/bin/../lib/gcc/avr/12.1.0/../../../../avr/lib/avr5\libc.a(strncpy.o)
 .bss           0x0000000000800518        0x0 c:/users/nefer/onedrive/documentos/avr-gcc-12.1.0-x64-windows - funciono 2022 en win64-wilfredo/avr-gcc-12.1.0-x64-windows/bin/../lib/gcc/avr/12.1.0/../../../../avr/lib/avr5\libc.a(memcpy.o)
 .bss           0x0000000000800518        0x0 c:/users/nefer/onedrive/documentos/avr-gcc-12.1.0-x64-windows - funciono 2022 en win64-wilfredo/avr-gcc-12.1.0-x64-windows/bin/../lib/gcc/avr/12.1.0/../../../../avr/lib/avr5\libatmega32.a(eerd_block.o)
 .bss           0x0000000000800518        0x0 c:/users/nefer/onedrive/documentos/avr-gcc-12.1.0-x64-windows - funciono 2022 en win64-wilfredo/avr-gcc-12.1.0-x64-windows/bin/../lib/gcc/avr/12.1.0/../../../../avr/lib/avr5\libatmega32.a(eeupd_block.o)
 .bss           0x0000000000800518        0x0 c:/users/nefer/onedrive/documentos/avr-gcc-12.1.0-x64-windows - funciono 2022 en win64-wilfredo/avr-gcc-12.1.0-x64-windows/bin/../lib/gcc/avr/12.1.0/../../../../avr/lib/avr5\libatmega32.a(eeupd_byte.o)
 *(.bss*)
 .bss.mytime    0x0000000000800518        0x2 ./timing/timing.o
                0x0000000000800518                mytime
 .bss.termopila
                0x000000000080051a        0xa ./termopile/termopile.o
                0x000000000080051a                termopila
 .bss.smoothAlg_termopile
                0x0000000000800524       0x11 ./termopile/termopile.o
                0x0000000000800524                smoothAlg_termopile
 .bss.smoothVector
                0x0000000000800535       0x78 ./termopile/termopile.o
 .bss.soft_buff.0
                0x00000000008005ad        0x4 ./serial/serial.o
 .bss.level.1   0x00000000008005b1        0x1 ./serial/serial.o
 .bss.scirbuf   0x00000000008005b2       0x23 ./serial/serial.o
                0x00000000008005b2                scirbuf
 .bss.pinGetLevel
                0x00000000008005d5        0x4 ./pinGetLevel/pinGetLevel.o
                0x00000000008005d5                pinGetLevel
 .bss.indicator
                0x00000000008005d9        0xa ./indicator/indicator.o
                0x00000000008005d9                indicator
 .bss.group_x   0x00000000008005e3        0x7 ./ikb/ikb.o
                0x00000000008005e3                group_x
 .bss.key       0x00000000008005ea       0x70 ./ikb/ikb.o
 .bss.groupDig  0x000000000080065a       0x11 ./groupdig/groupdig.o
                0x000000000080065a                groupDig
 .bss.dig       0x000000000080066b        0x3 ./groupdig/groupdig.o
                0x000000000080066b                dig
 .bss.disp7s_data_array_saved
                0x000000000080066e        0x8 ./error/error.o
                0x000000000080066e                disp7s_data_array_saved
 .bss.e_reset   0x0000000000800676        0xa ./error/error.o
                0x0000000000800676                e_reset
 .bss.e         0x0000000000800680        0xa ./error/error.o
                0x0000000000800680                e
 .bss.blink     0x000000000080068a        0x2 ./blink/blink.o
                0x000000000080068a                blink
 .bss.sm0.0     0x000000000080068c        0x1 ./Temperature/temperature.o
 .bss.temperature_filtered_smoothed
                0x000000000080068d        0x2 ./Temperature/temperature.o
                0x000000000080068d                temperature_filtered_smoothed
 .bss.smoothAlg_temp
                0x000000000080068f       0x11 ./Temperature/temperature.o
                0x000000000080068f                smoothAlg_temp
 .bss.smoothVector
                0x00000000008006a0       0x78 ./Temperature/temperature.o
 .bss.TCtemperature
                0x0000000000800718        0x2 ./Temperature/temperature.o
                0x0000000000800718                TCtemperature
 .bss.q.0       0x000000000080071a        0x1 ./Display7S/display7s.o
 .bss.disp7s_mux
                0x000000000080071b        0x2 ./Display7S/display7s.o
 .bss.disp7s_data
                0x000000000080071d        0x2 ./Display7S/display7s.o
 .bss.PORTWxDISPLAY7S_DATA
                0x000000000080071f        0x2 ./Display7S/display7s.o
 .bss.disp7s_num_total
                0x0000000000800721        0x1 ./Display7S/display7s.o
 .bss.disp7s_data_array
                0x0000000000800722        0x8 ./display7s_setup.o
                0x0000000000800722                disp7s_data_array
 .bss.mypid0    0x000000000080072a       0x30 ./main.o
                0x000000000080072a                mypid0
 .bss.job_captureTermopile
                0x000000000080075a        0x4 ./main.o
                0x000000000080075a                job_captureTermopile
 .bss.job_captureTemperature
                0x000000000080075e        0x4 ./main.o
                0x000000000080075e                job_captureTemperature
 .bss.fryer     0x0000000000800762       0x39 ./main.o
                0x0000000000800762                fryer
 .bss.main_schedule
                0x000000000080079b        0x2 ./main.o
                0x000000000080079b                main_schedule
 .bss.mainflag  0x000000000080079d        0x1 ./main.o
                0x000000000080079d                mainflag
 .bss.isr_flag  0x000000000080079e        0x1 ./main.o
                0x000000000080079e                isr_flag
 .bss.basket_temp
                0x000000000080079f       0x34 ./psmode_operative.o
                0x000000000080079f                basket_temp
 .bss.blink.0   0x00000000008007d3        0x7 ./psmode_program.o
 .bss.blinkIsActive
                0x00000000008007da        0x2 ./psmode_program.o
                0x00000000008007da                blinkIsActive
 .bss.tmprture_coccion
                0x00000000008007dc        0x6 ./psmode_program.o
                0x00000000008007dc                tmprture_coccion
 .bss.pgrmode   0x00000000008007e2        0x3 ./psmode_program.o
                0x00000000008007e2                pgrmode
 *(COMMON)
                0x00000000008007e5                PROVIDE (__bss_end = .)
                0x0000000000004e60                __data_load_start = LOADADDR (.data)
                0x0000000000005318                __data_load_end = (__data_load_start + SIZEOF (.data))

.noinit         0x00000000008007e5        0x0
                [!provide]                        PROVIDE (__noinit_start = .)
 *(.noinit .noinit.* .gnu.linkonce.n.*)
                [!provide]                        PROVIDE (__noinit_end = .)
                0x00000000008007e5                _end = .
                [!provide]                        PROVIDE (__heap_start = .)

.eeprom         0x0000000000810000        0xa
 *(.eeprom*)
 .eeprom        0x0000000000810000        0x4 ./main.o
                0x0000000000810000                COOKTIME
 .eeprom        0x0000000000810004        0x6 ./psmode_program.o
                0x0000000000810004                TMPRTURE_COCCION
                0x000000000081000a                __eeprom_end = .

.fuse
 *(.fuse)
 *(.lfuse)
 *(.hfuse)
 *(.efuse)

.lock
 *(.lock*)

.signature
 *(.signature*)

.stab
 *(.stab)

.stabstr
 *(.stabstr)

.stab.excl
 *(.stab.excl)

.stab.exclstr
 *(.stab.exclstr)

.stab.index
 *(.stab.index)

.stab.indexstr
 *(.stab.indexstr)

.comment        0x0000000000000000       0x12
 *(.comment)
 .comment       0x0000000000000000       0x12 ./utils/utils.o
                                         0x13 (size before relaxing)
 .comment       0x0000000000000012       0x13 ./usart/usart.o
 .comment       0x0000000000000012       0x13 ./timing/timing.o
 .comment       0x0000000000000012       0x13 ./termopile/termopile.o
 .comment       0x0000000000000012       0x13 ./smoothAlg/smoothAlg.o
 .comment       0x0000000000000012       0x13 ./serial/serial.o
 .comment       0x0000000000000012       0x13 ./pinGetLevel/pinGetLevel.o
 .comment       0x0000000000000012       0x13 ./pid/pid.o
 .comment       0x0000000000000012       0x13 ./indicator/indicator.o
 .comment       0x0000000000000012       0x13 ./ikb/ikb.o
 .comment       0x0000000000000012       0x13 ./groupdig/groupdig.o
 .comment       0x0000000000000012       0x13 ./error/error.o
 .comment       0x0000000000000012       0x13 ./blink/blink.o
 .comment       0x0000000000000012       0x13 ./adc/adc.o
 .comment       0x0000000000000012       0x13 ./Temperature/temperature.o
 .comment       0x0000000000000012       0x13 ./SPI/SPI_01.o
 .comment       0x0000000000000012       0x13 ./MAX6675/MAX6675.o
 .comment       0x0000000000000012       0x13 ./Display7S/display7s.o
 .comment       0x0000000000000012       0x13 ./disp7s_applevel.o
 .comment       0x0000000000000012       0x13 ./display7s_setup.o
 .comment       0x0000000000000012       0x13 ./main.o
 .comment       0x0000000000000012       0x13 ./psmode_operative.o
 .comment       0x0000000000000012       0x13 ./psmode_program.o
 .comment       0x0000000000000012       0x13 ./psmode_viewTemp.o

.note.gnu.avr.deviceinfo
                0x0000000000000000       0x3c
 .note.gnu.avr.deviceinfo
                0x0000000000000000       0x3c c:/users/nefer/onedrive/documentos/avr-gcc-12.1.0-x64-windows - funciono 2022 en win64-wilfredo/avr-gcc-12.1.0-x64-windows/bin/../lib/gcc/avr/12.1.0/../../../../avr/lib/avr5/crtatmega32.o

.note.gnu.build-id
 *(.note.gnu.build-id)

.debug
 *(.debug)

.line
 *(.line)

.debug_srcinfo
 *(.debug_srcinfo)

.debug_sfnames
 *(.debug_sfnames)

.debug_aranges  0x0000000000000000       0xc0
 *(.debug_aranges)
 .debug_aranges
                0x0000000000000000       0x20 c:/users/nefer/onedrive/documentos/avr-gcc-12.1.0-x64-windows - funciono 2022 en win64-wilfredo/avr-gcc-12.1.0-x64-windows/bin/../lib/gcc/avr/12.1.0/avr5\libgcc.a(_divmodsi4.o)
 .debug_aranges
                0x0000000000000020       0x20 c:/users/nefer/onedrive/documentos/avr-gcc-12.1.0-x64-windows - funciono 2022 en win64-wilfredo/avr-gcc-12.1.0-x64-windows/bin/../lib/gcc/avr/12.1.0/avr5\libgcc.a(_negsi2.o)
 .debug_aranges
                0x0000000000000040       0x20 c:/users/nefer/onedrive/documentos/avr-gcc-12.1.0-x64-windows - funciono 2022 en win64-wilfredo/avr-gcc-12.1.0-x64-windows/bin/../lib/gcc/avr/12.1.0/avr5\libgcc.a(_exit.o)
 .debug_aranges
                0x0000000000000060       0x20 c:/users/nefer/onedrive/documentos/avr-gcc-12.1.0-x64-windows - funciono 2022 en win64-wilfredo/avr-gcc-12.1.0-x64-windows/bin/../lib/gcc/avr/12.1.0/avr5\libgcc.a(_copy_data.o)
 .debug_aranges
                0x0000000000000080       0x20 c:/users/nefer/onedrive/documentos/avr-gcc-12.1.0-x64-windows - funciono 2022 en win64-wilfredo/avr-gcc-12.1.0-x64-windows/bin/../lib/gcc/avr/12.1.0/avr5\libgcc.a(_clear_bss.o)
 .debug_aranges
                0x00000000000000a0       0x20 c:/users/nefer/onedrive/documentos/avr-gcc-12.1.0-x64-windows - funciono 2022 en win64-wilfredo/avr-gcc-12.1.0-x64-windows/bin/../lib/gcc/avr/12.1.0/avr5\libgcc.a(_udivmodsi4.o)

.debug_pubnames
 *(.debug_pubnames)

.debug_info     0x0000000000000000      0x5be
 *(.debug_info .gnu.linkonce.wi.*)
 .debug_info    0x0000000000000000      0x4e6 c:/users/nefer/onedrive/documentos/avr-gcc-12.1.0-x64-windows - funciono 2022 en win64-wilfredo/avr-gcc-12.1.0-x64-windows/bin/../lib/gcc/avr/12.1.0/../../../../avr/lib/avr5/crtatmega32.o
 .debug_info    0x00000000000004e6       0x24 c:/users/nefer/onedrive/documentos/avr-gcc-12.1.0-x64-windows - funciono 2022 en win64-wilfredo/avr-gcc-12.1.0-x64-windows/bin/../lib/gcc/avr/12.1.0/avr5\libgcc.a(_divmodsi4.o)
 .debug_info    0x000000000000050a       0x24 c:/users/nefer/onedrive/documentos/avr-gcc-12.1.0-x64-windows - funciono 2022 en win64-wilfredo/avr-gcc-12.1.0-x64-windows/bin/../lib/gcc/avr/12.1.0/avr5\libgcc.a(_negsi2.o)
 .debug_info    0x000000000000052e       0x24 c:/users/nefer/onedrive/documentos/avr-gcc-12.1.0-x64-windows - funciono 2022 en win64-wilfredo/avr-gcc-12.1.0-x64-windows/bin/../lib/gcc/avr/12.1.0/avr5\libgcc.a(_exit.o)
 .debug_info    0x0000000000000552       0x24 c:/users/nefer/onedrive/documentos/avr-gcc-12.1.0-x64-windows - funciono 2022 en win64-wilfredo/avr-gcc-12.1.0-x64-windows/bin/../lib/gcc/avr/12.1.0/avr5\libgcc.a(_copy_data.o)
 .debug_info    0x0000000000000576       0x24 c:/users/nefer/onedrive/documentos/avr-gcc-12.1.0-x64-windows - funciono 2022 en win64-wilfredo/avr-gcc-12.1.0-x64-windows/bin/../lib/gcc/avr/12.1.0/avr5\libgcc.a(_clear_bss.o)
 .debug_info    0x000000000000059a       0x24 c:/users/nefer/onedrive/documentos/avr-gcc-12.1.0-x64-windows - funciono 2022 en win64-wilfredo/avr-gcc-12.1.0-x64-windows/bin/../lib/gcc/avr/12.1.0/avr5\libgcc.a(_udivmodsi4.o)

.debug_abbrev   0x0000000000000000      0x51b
 *(.debug_abbrev)
 .debug_abbrev  0x0000000000000000      0x4a3 c:/users/nefer/onedrive/documentos/avr-gcc-12.1.0-x64-windows - funciono 2022 en win64-wilfredo/avr-gcc-12.1.0-x64-windows/bin/../lib/gcc/avr/12.1.0/../../../../avr/lib/avr5/crtatmega32.o
 .debug_abbrev  0x00000000000004a3       0x14 c:/users/nefer/onedrive/documentos/avr-gcc-12.1.0-x64-windows - funciono 2022 en win64-wilfredo/avr-gcc-12.1.0-x64-windows/bin/../lib/gcc/avr/12.1.0/avr5\libgcc.a(_divmodsi4.o)
 .debug_abbrev  0x00000000000004b7       0x14 c:/users/nefer/onedrive/documentos/avr-gcc-12.1.0-x64-windows - funciono 2022 en win64-wilfredo/avr-gcc-12.1.0-x64-windows/bin/../lib/gcc/avr/12.1.0/avr5\libgcc.a(_negsi2.o)
 .debug_abbrev  0x00000000000004cb       0x14 c:/users/nefer/onedrive/documentos/avr-gcc-12.1.0-x64-windows - funciono 2022 en win64-wilfredo/avr-gcc-12.1.0-x64-windows/bin/../lib/gcc/avr/12.1.0/avr5\libgcc.a(_exit.o)
 .debug_abbrev  0x00000000000004df       0x14 c:/users/nefer/onedrive/documentos/avr-gcc-12.1.0-x64-windows - funciono 2022 en win64-wilfredo/avr-gcc-12.1.0-x64-windows/bin/../lib/gcc/avr/12.1.0/avr5\libgcc.a(_copy_data.o)